{
    "-profile test_fetch_airrc_imgt": {
        "content": [
            27,
            {
                "ADD_META_TO_TAB": {
                    "R": "4.5.3",
                    "dplyr": "1.2.1",
                    "optparse": "1.8.2"
                },
                "AIRRFLOW_REPORT": {
                    "DT": "0.34.0",
                    "R": "4.5.3",
                    "alakazam": "1.4.3",
                    "dplyr": "1.2.1",
                    "knitr": "1.51",
                    "shazam": "1.3.2",
                    "stringr": "1.6.0"
                },
                "CHANGEO_ASSIGNGENES": {
                    "changeo": "1.3.4",
                    "igblastn": " 1.22.0"
                },
                "CHANGEO_CONVERTDB_FASTA_FROM_AIRR": {
                    "changeo": "1.3.4",
                    "igblastn": " 1.22.0"
                },
                "CHANGEO_MAKEDB": {
                    "changeo": "1.3.4",
                    "igblastn": " 1.22.0"
                },
                "CHANGEO_PARSEDB_SPLIT": {
                    "changeo": "1.3.4"
                },
                "CLONAL_ASSIGNMENT": {
                    "enchantr": "0.1.25",
                    "scoper": "1.5.0"
                },
                "COLLAPSE_DUPLICATES": {
                    "enchantr": "0.1.25"
                },
                "FETCH_DATABASES": {
                    "changeo": "1.3.4",
                    "igblastn": " 1.22.0"
                },
                "FILTER_JUNCTION_MOD3": {
                    "R": "4.5.3",
                    "airr": "1.6.1",
                    "alakazam": "1.4.3",
                    "optparse": "1.8.2"
                },
                "FILTER_QUALITY": {
                    "DT": "0.34.0",
                    "R": "4.5.3",
                    "airr": "1.6.1",
                    "alakazam": "1.4.3",
                    "dplyr": "1.2.1",
                    "optparse": "1.8.2",
                    "stringi": "1.8.7"
                },
                "FIND_CLONAL_THRESHOLD": {
                    "enchantr": "0.1.25"
                },
                "REPERTOIRE_ANALYSIS": {
                    "enchantr": "0.1.25"
                },
                "REPORT_FILE_SIZE": {
                    "enchantr": "0.1.25"
                },
                "SAMPLESHEET_CHECK_ASSEMBLED": {
                    "pandas": "1.1.5",
                    "python": " 3.9.1"
                },
                "SINGLE_CELL_QC": {
                    "enchantr": "0.1.25"
                },
                "VALIDATE_INPUT": {
                    "enchantr": "0.1.25"
                },
                "Workflow": {
                    "nf-core/airrflow": "v5.1.1"
                }
            },
            [
                "Airrflow_report.html",
                "clonal_analysis",
                "clonal_analysis/clonal_assignment",
                "clonal_analysis/clonal_assignment/PGP1_clone_report",
                "clonal_analysis/clonal_assignment/PGP1_clone_report/PGP1_clone_command_log.txt",
                "clonal_analysis/clonal_assignment/PGP1_clone_report/assets",
                "clonal_analysis/clonal_assignment/PGP1_clone_report/assets/logo.png",
                "clonal_analysis/clonal_assignment/PGP1_clone_report/assets/style.css",
                "clonal_analysis/clonal_assignment/PGP1_clone_report/index.html",
                "clonal_analysis/clonal_assignment/PGP1_clone_report/params.RData",
                "clonal_analysis/clonal_assignment/PGP1_clone_report/reference-keys.txt",
                "clonal_analysis/clonal_assignment/PGP1_clone_report/repertoires",
                "clonal_analysis/clonal_assignment/PGP1_clone_report/repertoires/PGP1__clone-pass.tsv",
                "clonal_analysis/clonal_assignment/PGP1_clone_report/search_index.json",
                "clonal_analysis/clonal_assignment/subject_x_clone_report",
                "clonal_analysis/clonal_assignment/subject_x_clone_report/assets",
                "clonal_analysis/clonal_assignment/subject_x_clone_report/assets/logo.png",
                "clonal_analysis/clonal_assignment/subject_x_clone_report/assets/style.css",
                "clonal_analysis/clonal_assignment/subject_x_clone_report/index.html",
                "clonal_analysis/clonal_assignment/subject_x_clone_report/params.RData",
                "clonal_analysis/clonal_assignment/subject_x_clone_report/reference-keys.txt",
                "clonal_analysis/clonal_assignment/subject_x_clone_report/repertoires",
                "clonal_analysis/clonal_assignment/subject_x_clone_report/repertoires/subject_x__clone-pass.tsv",
                "clonal_analysis/clonal_assignment/subject_x_clone_report/search_index.json",
                "clonal_analysis/clonal_assignment/subject_x_clone_report/subject_x_clone_command_log.txt",
                "clonal_analysis/find_threshold",
                "clonal_analysis/find_threshold/all_reps_dist_report",
                "clonal_analysis/find_threshold/all_reps_dist_report/assets",
                "clonal_analysis/find_threshold/all_reps_dist_report/assets/logo.png",
                "clonal_analysis/find_threshold/all_reps_dist_report/assets/style.css",
                "clonal_analysis/find_threshold/all_reps_dist_report/ggplots",
                "clonal_analysis/find_threshold/all_reps_dist_report/ggplots/PGP1_dtnthrplot.RData",
                "clonal_analysis/find_threshold/all_reps_dist_report/ggplots/dtnplot.RData",
                "clonal_analysis/find_threshold/all_reps_dist_report/ggplots/subject_x_dtnthrplot.RData",
                "clonal_analysis/find_threshold/all_reps_dist_report/index.html",
                "clonal_analysis/find_threshold/all_reps_dist_report/params.RData",
                "clonal_analysis/find_threshold/all_reps_dist_report/reference-keys.txt",
                "clonal_analysis/find_threshold/all_reps_dist_report/search_index.json",
                "clonal_analysis/find_threshold/all_reps_dist_report/tables",
                "clonal_analysis/find_threshold/all_reps_dist_report/tables/all_reps_threshold-mean.tsv",
                "clonal_analysis/find_threshold/all_reps_dist_report/tables/all_reps_threshold-summary.tsv",
                "clonal_analysis/find_threshold/all_reps_threshold_command_log.txt",
                "clonal_analysis/repertoire_analysis",
                "clonal_analysis/repertoire_analysis/repertoire_analysis_report",
                "clonal_analysis/repertoire_analysis/repertoire_analysis_report/all_reps_clone_command_log.txt",
                "clonal_analysis/repertoire_analysis/repertoire_analysis_report/assets",
                "clonal_analysis/repertoire_analysis/repertoire_analysis_report/assets/logo.png",
                "clonal_analysis/repertoire_analysis/repertoire_analysis_report/assets/style.css",
                "clonal_analysis/repertoire_analysis/repertoire_analysis_report/ggplots",
                "clonal_analysis/repertoire_analysis/repertoire_analysis_report/ggplots/abundanceSample.RData",
                "clonal_analysis/repertoire_analysis/repertoire_analysis_report/ggplots/clone_size_cdf_plot.RData",
                "clonal_analysis/repertoire_analysis/repertoire_analysis_report/ggplots/clone_size_plot.RData",
                "clonal_analysis/repertoire_analysis/repertoire_analysis_report/ggplots/div_at_q.RData",
                "clonal_analysis/repertoire_analysis/repertoire_analysis_report/ggplots/diversitySample.RData",
                "clonal_analysis/repertoire_analysis/repertoire_analysis_report/ggplots/mutation_frequency_sample.RData",
                "clonal_analysis/repertoire_analysis/repertoire_analysis_report/ggplots/mutation_frequency_sample_locus.RData",
                "clonal_analysis/repertoire_analysis/repertoire_analysis_report/index.html",
                "clonal_analysis/repertoire_analysis/repertoire_analysis_report/params.RData",
                "clonal_analysis/repertoire_analysis/repertoire_analysis_report/reference-keys.txt",
                "clonal_analysis/repertoire_analysis/repertoire_analysis_report/repertoires",
                "clonal_analysis/repertoire_analysis/repertoire_analysis_report/repertoires/All_samples__repertoire-pass.tsv",
                "clonal_analysis/repertoire_analysis/repertoire_analysis_report/search_index.json",
                "clonal_analysis/repertoire_analysis/repertoire_analysis_report/tables",
                "clonal_analysis/repertoire_analysis/repertoire_analysis_report/tables/clonal_abundance.tsv",
                "clonal_analysis/repertoire_analysis/repertoire_analysis_report/tables/clonal_diversity.tsv",
                "clonal_analysis/repertoire_analysis/repertoire_analysis_report/tables/clone_sizes_table.tsv",
                "clonal_analysis/repertoire_analysis/repertoire_analysis_report/tables/num_clones_table.tsv",
                "germline_reference",
                "germline_reference/igblast_base",
                "germline_reference/igblast_base/database",
                "germline_reference/igblast_base/database/airr",
                "germline_reference/igblast_base/database/airr/airr_c_human.tar",
                "germline_reference/igblast_base/database/airr/airr_c_mouse.tar",
                "germline_reference/igblast_base/database/human_ig_c.ndb",
                "germline_reference/igblast_base/database/human_ig_c.nhr",
                "germline_reference/igblast_base/database/human_ig_c.nin",
                "germline_reference/igblast_base/database/human_ig_c.njs",
                "germline_reference/igblast_base/database/human_ig_c.nog",
                "germline_reference/igblast_base/database/human_ig_c.nos",
                "germline_reference/igblast_base/database/human_ig_c.not",
                "germline_reference/igblast_base/database/human_ig_c.nsq",
                "germline_reference/igblast_base/database/human_ig_c.ntf",
                "germline_reference/igblast_base/database/human_ig_c.nto",
                "germline_reference/igblast_base/database/human_ig_d.ndb",
                "germline_reference/igblast_base/database/human_ig_d.nhr",
                "germline_reference/igblast_base/database/human_ig_d.nin",
                "germline_reference/igblast_base/database/human_ig_d.njs",
                "germline_reference/igblast_base/database/human_ig_d.nog",
                "germline_reference/igblast_base/database/human_ig_d.nos",
                "germline_reference/igblast_base/database/human_ig_d.not",
                "germline_reference/igblast_base/database/human_ig_d.nsq",
                "germline_reference/igblast_base/database/human_ig_d.ntf",
                "germline_reference/igblast_base/database/human_ig_d.nto",
                "germline_reference/igblast_base/database/human_ig_j.ndb",
                "germline_reference/igblast_base/database/human_ig_j.nhr",
                "germline_reference/igblast_base/database/human_ig_j.nin",
                "germline_reference/igblast_base/database/human_ig_j.njs",
                "germline_reference/igblast_base/database/human_ig_j.nog",
                "germline_reference/igblast_base/database/human_ig_j.nos",
                "germline_reference/igblast_base/database/human_ig_j.not",
                "germline_reference/igblast_base/database/human_ig_j.nsq",
                "germline_reference/igblast_base/database/human_ig_j.ntf",
                "germline_reference/igblast_base/database/human_ig_j.nto",
                "germline_reference/igblast_base/database/human_ig_v.ndb",
                "germline_reference/igblast_base/database/human_ig_v.nhr",
                "germline_reference/igblast_base/database/human_ig_v.nin",
                "germline_reference/igblast_base/database/human_ig_v.njs",
                "germline_reference/igblast_base/database/human_ig_v.nog",
                "germline_reference/igblast_base/database/human_ig_v.nos",
                "germline_reference/igblast_base/database/human_ig_v.not",
                "germline_reference/igblast_base/database/human_ig_v.nsq",
                "germline_reference/igblast_base/database/human_ig_v.ntf",
                "germline_reference/igblast_base/database/human_ig_v.nto",
                "germline_reference/igblast_base/database/human_tr_c.ndb",
                "germline_reference/igblast_base/database/human_tr_c.nhr",
                "germline_reference/igblast_base/database/human_tr_c.nin",
                "germline_reference/igblast_base/database/human_tr_c.njs",
                "germline_reference/igblast_base/database/human_tr_c.nog",
                "germline_reference/igblast_base/database/human_tr_c.nos",
                "germline_reference/igblast_base/database/human_tr_c.not",
                "germline_reference/igblast_base/database/human_tr_c.nsq",
                "germline_reference/igblast_base/database/human_tr_c.ntf",
                "germline_reference/igblast_base/database/human_tr_c.nto",
                "germline_reference/igblast_base/database/human_tr_d.ndb",
                "germline_reference/igblast_base/database/human_tr_d.nhr",
                "germline_reference/igblast_base/database/human_tr_d.nin",
                "germline_reference/igblast_base/database/human_tr_d.njs",
                "germline_reference/igblast_base/database/human_tr_d.nog",
                "germline_reference/igblast_base/database/human_tr_d.nos",
                "germline_reference/igblast_base/database/human_tr_d.not",
                "germline_reference/igblast_base/database/human_tr_d.nsq",
                "germline_reference/igblast_base/database/human_tr_d.ntf",
                "germline_reference/igblast_base/database/human_tr_d.nto",
                "germline_reference/igblast_base/database/human_tr_j.ndb",
                "germline_reference/igblast_base/database/human_tr_j.nhr",
                "germline_reference/igblast_base/database/human_tr_j.nin",
                "germline_reference/igblast_base/database/human_tr_j.njs",
                "germline_reference/igblast_base/database/human_tr_j.nog",
                "germline_reference/igblast_base/database/human_tr_j.nos",
                "germline_reference/igblast_base/database/human_tr_j.not",
                "germline_reference/igblast_base/database/human_tr_j.nsq",
                "germline_reference/igblast_base/database/human_tr_j.ntf",
                "germline_reference/igblast_base/database/human_tr_j.nto",
                "germline_reference/igblast_base/database/human_tr_v.ndb",
                "germline_reference/igblast_base/database/human_tr_v.nhr",
                "germline_reference/igblast_base/database/human_tr_v.nin",
                "germline_reference/igblast_base/database/human_tr_v.njs",
                "germline_reference/igblast_base/database/human_tr_v.nog",
                "germline_reference/igblast_base/database/human_tr_v.nos",
                "germline_reference/igblast_base/database/human_tr_v.not",
                "germline_reference/igblast_base/database/human_tr_v.nsq",
                "germline_reference/igblast_base/database/human_tr_v.ntf",
                "germline_reference/igblast_base/database/human_tr_v.nto",
                "germline_reference/igblast_base/database/mouse_gl_D.nhr",
                "germline_reference/igblast_base/database/mouse_gl_D.nin",
                "germline_reference/igblast_base/database/mouse_gl_D.nog",
                "germline_reference/igblast_base/database/mouse_gl_D.nsd",
                "germline_reference/igblast_base/database/mouse_gl_D.nsi",
                "germline_reference/igblast_base/database/mouse_gl_D.nsq",
                "germline_reference/igblast_base/database/mouse_gl_J.nhr",
                "germline_reference/igblast_base/database/mouse_gl_J.nin",
                "germline_reference/igblast_base/database/mouse_gl_J.nog",
                "germline_reference/igblast_base/database/mouse_gl_J.nsd",
                "germline_reference/igblast_base/database/mouse_gl_J.nsi",
                "germline_reference/igblast_base/database/mouse_gl_J.nsq",
                "germline_reference/igblast_base/database/mouse_gl_V.nhr",
                "germline_reference/igblast_base/database/mouse_gl_V.nin",
                "germline_reference/igblast_base/database/mouse_gl_V.nog",
                "germline_reference/igblast_base/database/mouse_gl_V.nsd",
                "germline_reference/igblast_base/database/mouse_gl_V.nsi",
                "germline_reference/igblast_base/database/mouse_gl_V.nsq",
                "germline_reference/igblast_base/database/mouse_gl_V.phr",
                "germline_reference/igblast_base/database/mouse_gl_V.pin",
                "germline_reference/igblast_base/database/mouse_gl_V.pog",
                "germline_reference/igblast_base/database/mouse_gl_V.psd",
                "germline_reference/igblast_base/database/mouse_gl_V.psi",
                "germline_reference/igblast_base/database/mouse_gl_V.psq",
                "germline_reference/igblast_base/database/mouse_gl_VDJ.tar",
                "germline_reference/igblast_base/database/mouse_ig_c.ndb",
                "germline_reference/igblast_base/database/mouse_ig_c.nhr",
                "germline_reference/igblast_base/database/mouse_ig_c.nin",
                "germline_reference/igblast_base/database/mouse_ig_c.njs",
                "germline_reference/igblast_base/database/mouse_ig_c.nog",
                "germline_reference/igblast_base/database/mouse_ig_c.nos",
                "germline_reference/igblast_base/database/mouse_ig_c.not",
                "germline_reference/igblast_base/database/mouse_ig_c.nsq",
                "germline_reference/igblast_base/database/mouse_ig_c.ntf",
                "germline_reference/igblast_base/database/mouse_ig_c.nto",
                "germline_reference/igblast_base/database/mouse_ig_d.ndb",
                "germline_reference/igblast_base/database/mouse_ig_d.nhr",
                "germline_reference/igblast_base/database/mouse_ig_d.nin",
                "germline_reference/igblast_base/database/mouse_ig_d.njs",
                "germline_reference/igblast_base/database/mouse_ig_d.nog",
                "germline_reference/igblast_base/database/mouse_ig_d.nos",
                "germline_reference/igblast_base/database/mouse_ig_d.not",
                "germline_reference/igblast_base/database/mouse_ig_d.nsq",
                "germline_reference/igblast_base/database/mouse_ig_d.ntf",
                "germline_reference/igblast_base/database/mouse_ig_d.nto",
                "germline_reference/igblast_base/database/mouse_ig_j.ndb",
                "germline_reference/igblast_base/database/mouse_ig_j.nhr",
                "germline_reference/igblast_base/database/mouse_ig_j.nin",
                "germline_reference/igblast_base/database/mouse_ig_j.njs",
                "germline_reference/igblast_base/database/mouse_ig_j.nog",
                "germline_reference/igblast_base/database/mouse_ig_j.nos",
                "germline_reference/igblast_base/database/mouse_ig_j.not",
                "germline_reference/igblast_base/database/mouse_ig_j.nsq",
                "germline_reference/igblast_base/database/mouse_ig_j.ntf",
                "germline_reference/igblast_base/database/mouse_ig_j.nto",
                "germline_reference/igblast_base/database/mouse_ig_v.ndb",
                "germline_reference/igblast_base/database/mouse_ig_v.nhr",
                "germline_reference/igblast_base/database/mouse_ig_v.nin",
                "germline_reference/igblast_base/database/mouse_ig_v.njs",
                "germline_reference/igblast_base/database/mouse_ig_v.nog",
                "germline_reference/igblast_base/database/mouse_ig_v.nos",
                "germline_reference/igblast_base/database/mouse_ig_v.not",
                "germline_reference/igblast_base/database/mouse_ig_v.nsq",
                "germline_reference/igblast_base/database/mouse_ig_v.ntf",
                "germline_reference/igblast_base/database/mouse_ig_v.nto",
                "germline_reference/igblast_base/database/mouse_tr_c.ndb",
                "germline_reference/igblast_base/database/mouse_tr_c.nhr",
                "germline_reference/igblast_base/database/mouse_tr_c.nin",
                "germline_reference/igblast_base/database/mouse_tr_c.njs",
                "germline_reference/igblast_base/database/mouse_tr_c.nog",
                "germline_reference/igblast_base/database/mouse_tr_c.nos",
                "germline_reference/igblast_base/database/mouse_tr_c.not",
                "germline_reference/igblast_base/database/mouse_tr_c.nsq",
                "germline_reference/igblast_base/database/mouse_tr_c.ntf",
                "germline_reference/igblast_base/database/mouse_tr_c.nto",
                "germline_reference/igblast_base/database/mouse_tr_d.ndb",
                "germline_reference/igblast_base/database/mouse_tr_d.nhr",
                "germline_reference/igblast_base/database/mouse_tr_d.nin",
                "germline_reference/igblast_base/database/mouse_tr_d.njs",
                "germline_reference/igblast_base/database/mouse_tr_d.nog",
                "germline_reference/igblast_base/database/mouse_tr_d.nos",
                "germline_reference/igblast_base/database/mouse_tr_d.not",
                "germline_reference/igblast_base/database/mouse_tr_d.nsq",
                "germline_reference/igblast_base/database/mouse_tr_d.ntf",
                "germline_reference/igblast_base/database/mouse_tr_d.nto",
                "germline_reference/igblast_base/database/mouse_tr_j.ndb",
                "germline_reference/igblast_base/database/mouse_tr_j.nhr",
                "germline_reference/igblast_base/database/mouse_tr_j.nin",
                "germline_reference/igblast_base/database/mouse_tr_j.njs",
                "germline_reference/igblast_base/database/mouse_tr_j.nog",
                "germline_reference/igblast_base/database/mouse_tr_j.nos",
                "germline_reference/igblast_base/database/mouse_tr_j.not",
                "germline_reference/igblast_base/database/mouse_tr_j.nsq",
                "germline_reference/igblast_base/database/mouse_tr_j.ntf",
                "germline_reference/igblast_base/database/mouse_tr_j.nto",
                "germline_reference/igblast_base/database/mouse_tr_v.ndb",
                "germline_reference/igblast_base/database/mouse_tr_v.nhr",
                "germline_reference/igblast_base/database/mouse_tr_v.nin",
                "germline_reference/igblast_base/database/mouse_tr_v.njs",
                "germline_reference/igblast_base/database/mouse_tr_v.nog",
                "germline_reference/igblast_base/database/mouse_tr_v.nos",
                "germline_reference/igblast_base/database/mouse_tr_v.not",
                "germline_reference/igblast_base/database/mouse_tr_v.nsq",
                "germline_reference/igblast_base/database/mouse_tr_v.ntf",
                "germline_reference/igblast_base/database/mouse_tr_v.nto",
                "germline_reference/igblast_base/database/ncbi_human_c_genes.tar",
                "germline_reference/igblast_base/database/rhesus_monkey_J.nhr",
                "germline_reference/igblast_base/database/rhesus_monkey_J.nin",
                "germline_reference/igblast_base/database/rhesus_monkey_J.nog",
                "germline_reference/igblast_base/database/rhesus_monkey_J.nsd",
                "germline_reference/igblast_base/database/rhesus_monkey_J.nsi",
                "germline_reference/igblast_base/database/rhesus_monkey_J.nsq",
                "germline_reference/igblast_base/database/rhesus_monkey_V.nhr",
                "germline_reference/igblast_base/database/rhesus_monkey_V.nin",
                "germline_reference/igblast_base/database/rhesus_monkey_V.nog",
                "germline_reference/igblast_base/database/rhesus_monkey_V.nsd",
                "germline_reference/igblast_base/database/rhesus_monkey_V.nsi",
                "germline_reference/igblast_base/database/rhesus_monkey_V.nsq",
                "germline_reference/igblast_base/database/rhesus_monkey_V.phr",
                "germline_reference/igblast_base/database/rhesus_monkey_V.pin",
                "germline_reference/igblast_base/database/rhesus_monkey_V.pog",
                "germline_reference/igblast_base/database/rhesus_monkey_V.psd",
                "germline_reference/igblast_base/database/rhesus_monkey_V.psi",
                "germline_reference/igblast_base/database/rhesus_monkey_V.psq",
                "germline_reference/igblast_base/database/rhesus_monkey_VJ.tar",
                "germline_reference/igblast_base/fasta",
                "germline_reference/igblast_base/fasta/human_ig_c.fasta",
                "germline_reference/igblast_base/fasta/human_ig_d.fasta",
                "germline_reference/igblast_base/fasta/human_ig_j.fasta",
                "germline_reference/igblast_base/fasta/human_ig_v.fasta",
                "germline_reference/igblast_base/fasta/human_tr_c.fasta",
                "germline_reference/igblast_base/fasta/human_tr_d.fasta",
                "germline_reference/igblast_base/fasta/human_tr_j.fasta",
                "germline_reference/igblast_base/fasta/human_tr_v.fasta",
                "germline_reference/igblast_base/fasta/mouse_ig_c.fasta",
                "germline_reference/igblast_base/fasta/mouse_ig_d.fasta",
                "germline_reference/igblast_base/fasta/mouse_ig_j.fasta",
                "germline_reference/igblast_base/fasta/mouse_ig_v.fasta",
                "germline_reference/igblast_base/fasta/mouse_tr_c.fasta",
                "germline_reference/igblast_base/fasta/mouse_tr_d.fasta",
                "germline_reference/igblast_base/fasta/mouse_tr_j.fasta",
                "germline_reference/igblast_base/fasta/mouse_tr_v.fasta",
                "germline_reference/igblast_base/internal_data",
                "germline_reference/igblast_base/internal_data/human",
                "germline_reference/igblast_base/internal_data/human/human.ndm.imgt",
                "germline_reference/igblast_base/internal_data/human/human.ndm.kabat",
                "germline_reference/igblast_base/internal_data/human/human.pdm.imgt",
                "germline_reference/igblast_base/internal_data/human/human.pdm.kabat",
                "germline_reference/igblast_base/internal_data/human/human_TR_V.nhr",
                "germline_reference/igblast_base/internal_data/human/human_TR_V.nin",
                "germline_reference/igblast_base/internal_data/human/human_TR_V.nog",
                "germline_reference/igblast_base/internal_data/human/human_TR_V.nsd",
                "germline_reference/igblast_base/internal_data/human/human_TR_V.nsi",
                "germline_reference/igblast_base/internal_data/human/human_TR_V.nsq",
                "germline_reference/igblast_base/internal_data/human/human_TR_V.phr",
                "germline_reference/igblast_base/internal_data/human/human_TR_V.pin",
                "germline_reference/igblast_base/internal_data/human/human_TR_V.pog",
                "germline_reference/igblast_base/internal_data/human/human_TR_V.psd",
                "germline_reference/igblast_base/internal_data/human/human_TR_V.psi",
                "germline_reference/igblast_base/internal_data/human/human_TR_V.psq",
                "germline_reference/igblast_base/internal_data/human/human_V.nhr",
                "germline_reference/igblast_base/internal_data/human/human_V.nin",
                "germline_reference/igblast_base/internal_data/human/human_V.nog",
                "germline_reference/igblast_base/internal_data/human/human_V.nsd",
                "germline_reference/igblast_base/internal_data/human/human_V.nsi",
                "germline_reference/igblast_base/internal_data/human/human_V.nsq",
                "germline_reference/igblast_base/internal_data/human/human_V.phr",
                "germline_reference/igblast_base/internal_data/human/human_V.pin",
                "germline_reference/igblast_base/internal_data/human/human_V.pog",
                "germline_reference/igblast_base/internal_data/human/human_V.psd",
                "germline_reference/igblast_base/internal_data/human/human_V.psi",
                "germline_reference/igblast_base/internal_data/human/human_V.psq",
                "germline_reference/igblast_base/internal_data/mouse",
                "germline_reference/igblast_base/internal_data/mouse/mouse.ndm.imgt",
                "germline_reference/igblast_base/internal_data/mouse/mouse.ndm.kabat",
                "germline_reference/igblast_base/internal_data/mouse/mouse.pdm.imgt",
                "germline_reference/igblast_base/internal_data/mouse/mouse.pdm.kabat",
                "germline_reference/igblast_base/internal_data/mouse/mouse_TR_V.nhr",
                "germline_reference/igblast_base/internal_data/mouse/mouse_TR_V.nin",
                "germline_reference/igblast_base/internal_data/mouse/mouse_TR_V.nog",
                "germline_reference/igblast_base/internal_data/mouse/mouse_TR_V.nsd",
                "germline_reference/igblast_base/internal_data/mouse/mouse_TR_V.nsi",
                "germline_reference/igblast_base/internal_data/mouse/mouse_TR_V.nsq",
                "germline_reference/igblast_base/internal_data/mouse/mouse_TR_V.phr",
                "germline_reference/igblast_base/internal_data/mouse/mouse_TR_V.pin",
                "germline_reference/igblast_base/internal_data/mouse/mouse_TR_V.pog",
                "germline_reference/igblast_base/internal_data/mouse/mouse_TR_V.psd",
                "germline_reference/igblast_base/internal_data/mouse/mouse_TR_V.psi",
                "germline_reference/igblast_base/internal_data/mouse/mouse_TR_V.psq",
                "germline_reference/igblast_base/internal_data/mouse/mouse_V.nhr",
                "germline_reference/igblast_base/internal_data/mouse/mouse_V.nin",
                "germline_reference/igblast_base/internal_data/mouse/mouse_V.nog",
                "germline_reference/igblast_base/internal_data/mouse/mouse_V.nsd",
                "germline_reference/igblast_base/internal_data/mouse/mouse_V.nsi",
                "germline_reference/igblast_base/internal_data/mouse/mouse_V.nsq",
                "germline_reference/igblast_base/internal_data/mouse/mouse_V.phr",
                "germline_reference/igblast_base/internal_data/mouse/mouse_V.pin",
                "germline_reference/igblast_base/internal_data/mouse/mouse_V.pog",
                "germline_reference/igblast_base/internal_data/mouse/mouse_V.psd",
                "germline_reference/igblast_base/internal_data/mouse/mouse_V.psi",
                "germline_reference/igblast_base/internal_data/mouse/mouse_V.psq",
                "germline_reference/igblast_base/internal_data/rabbit",
                "germline_reference/igblast_base/internal_data/rabbit/rabbit.ndm.imgt",
                "germline_reference/igblast_base/internal_data/rabbit/rabbit.ndm.kabat",
                "germline_reference/igblast_base/internal_data/rabbit/rabbit.pdm.imgt",
                "germline_reference/igblast_base/internal_data/rabbit/rabbit.pdm.kabat",
                "germline_reference/igblast_base/internal_data/rabbit/rabbit_V.nhr",
                "germline_reference/igblast_base/internal_data/rabbit/rabbit_V.nin",
                "germline_reference/igblast_base/internal_data/rabbit/rabbit_V.nog",
                "germline_reference/igblast_base/internal_data/rabbit/rabbit_V.nsd",
                "germline_reference/igblast_base/internal_data/rabbit/rabbit_V.nsi",
                "germline_reference/igblast_base/internal_data/rabbit/rabbit_V.nsq",
                "germline_reference/igblast_base/internal_data/rabbit/rabbit_V.phr",
                "germline_reference/igblast_base/internal_data/rabbit/rabbit_V.pin",
                "germline_reference/igblast_base/internal_data/rabbit/rabbit_V.pog",
                "germline_reference/igblast_base/internal_data/rabbit/rabbit_V.psd",
                "germline_reference/igblast_base/internal_data/rabbit/rabbit_V.psi",
                "germline_reference/igblast_base/internal_data/rabbit/rabbit_V.psq",
                "germline_reference/igblast_base/internal_data/rat",
                "germline_reference/igblast_base/internal_data/rat/rat.ndm.imgt",
                "germline_reference/igblast_base/internal_data/rat/rat.ndm.kabat",
                "germline_reference/igblast_base/internal_data/rat/rat.pdm.imgt",
                "germline_reference/igblast_base/internal_data/rat/rat.pdm.kabat",
                "germline_reference/igblast_base/internal_data/rat/rat_V.nhr",
                "germline_reference/igblast_base/internal_data/rat/rat_V.nin",
                "germline_reference/igblast_base/internal_data/rat/rat_V.nog",
                "germline_reference/igblast_base/internal_data/rat/rat_V.nsd",
                "germline_reference/igblast_base/internal_data/rat/rat_V.nsi",
                "germline_reference/igblast_base/internal_data/rat/rat_V.nsq",
                "germline_reference/igblast_base/internal_data/rat/rat_V.phr",
                "germline_reference/igblast_base/internal_data/rat/rat_V.pin",
                "germline_reference/igblast_base/internal_data/rat/rat_V.pog",
                "germline_reference/igblast_base/internal_data/rat/rat_V.psd",
                "germline_reference/igblast_base/internal_data/rat/rat_V.psi",
                "germline_reference/igblast_base/internal_data/rat/rat_V.psq",
                "germline_reference/igblast_base/internal_data/readme",
                "germline_reference/igblast_base/internal_data/rhesus_monkey",
                "germline_reference/igblast_base/internal_data/rhesus_monkey/CVS",
                "germline_reference/igblast_base/internal_data/rhesus_monkey/CVS/Entries",
                "germline_reference/igblast_base/internal_data/rhesus_monkey/CVS/Repository",
                "germline_reference/igblast_base/internal_data/rhesus_monkey/CVS/Root",
                "germline_reference/igblast_base/internal_data/rhesus_monkey/rhesus_monkey.ndm.imgt",
                "germline_reference/igblast_base/internal_data/rhesus_monkey/rhesus_monkey.ndm.kabat",
                "germline_reference/igblast_base/internal_data/rhesus_monkey/rhesus_monkey.pdm.imgt",
                "germline_reference/igblast_base/internal_data/rhesus_monkey/rhesus_monkey.pdm.kabat",
                "germline_reference/igblast_base/internal_data/rhesus_monkey/rhesus_monkey_D.nhr",
                "germline_reference/igblast_base/internal_data/rhesus_monkey/rhesus_monkey_D.nin",
                "germline_reference/igblast_base/internal_data/rhesus_monkey/rhesus_monkey_D.nog",
                "germline_reference/igblast_base/internal_data/rhesus_monkey/rhesus_monkey_D.nsd",
                "germline_reference/igblast_base/internal_data/rhesus_monkey/rhesus_monkey_D.nsi",
                "germline_reference/igblast_base/internal_data/rhesus_monkey/rhesus_monkey_D.nsq",
                "germline_reference/igblast_base/internal_data/rhesus_monkey/rhesus_monkey_J.nhr",
                "germline_reference/igblast_base/internal_data/rhesus_monkey/rhesus_monkey_J.nin",
                "germline_reference/igblast_base/internal_data/rhesus_monkey/rhesus_monkey_J.nog",
                "germline_reference/igblast_base/internal_data/rhesus_monkey/rhesus_monkey_J.nsd",
                "germline_reference/igblast_base/internal_data/rhesus_monkey/rhesus_monkey_J.nsi",
                "germline_reference/igblast_base/internal_data/rhesus_monkey/rhesus_monkey_J.nsq",
                "germline_reference/igblast_base/internal_data/rhesus_monkey/rhesus_monkey_V.nhr",
                "germline_reference/igblast_base/internal_data/rhesus_monkey/rhesus_monkey_V.nin",
                "germline_reference/igblast_base/internal_data/rhesus_monkey/rhesus_monkey_V.nog",
                "germline_reference/igblast_base/internal_data/rhesus_monkey/rhesus_monkey_V.nsd",
                "germline_reference/igblast_base/internal_data/rhesus_monkey/rhesus_monkey_V.nsi",
                "germline_reference/igblast_base/internal_data/rhesus_monkey/rhesus_monkey_V.nsq",
                "germline_reference/igblast_base/internal_data/rhesus_monkey/rhesus_monkey_V.phr",
                "germline_reference/igblast_base/internal_data/rhesus_monkey/rhesus_monkey_V.pin",
                "germline_reference/igblast_base/internal_data/rhesus_monkey/rhesus_monkey_V.pog",
                "germline_reference/igblast_base/internal_data/rhesus_monkey/rhesus_monkey_V.psd",
                "germline_reference/igblast_base/internal_data/rhesus_monkey/rhesus_monkey_V.psi",
                "germline_reference/igblast_base/internal_data/rhesus_monkey/rhesus_monkey_V.psq",
                "germline_reference/igblast_base/optional_file",
                "germline_reference/igblast_base/optional_file/human_gl.aux",
                "germline_reference/igblast_base/optional_file/human_gl.aux.testonly",
                "germline_reference/igblast_base/optional_file/mouse_gl.aux",
                "germline_reference/igblast_base/optional_file/rabbit_gl.aux",
                "germline_reference/igblast_base/optional_file/rat_gl.aux",
                "germline_reference/igblast_base/optional_file/readme",
                "germline_reference/igblast_base/optional_file/rhesus_monkey_gl.aux",
                "germline_reference/reference_base",
                "germline_reference/reference_base/AIRRC.yaml",
                "germline_reference/reference_base/IMGT.yaml",
                "germline_reference/reference_base/human",
                "germline_reference/reference_base/human/constant",
                "germline_reference/reference_base/human/constant/airrc_human_IGHC.fasta",
                "germline_reference/reference_base/human/constant/imgt_human_IGKC.fasta",
                "germline_reference/reference_base/human/constant/imgt_human_IGLC.fasta",
                "germline_reference/reference_base/human/constant/imgt_human_TRAC.fasta",
                "germline_reference/reference_base/human/constant/imgt_human_TRBC.fasta",
                "germline_reference/reference_base/human/constant/imgt_human_TRDC.fasta",
                "germline_reference/reference_base/human/constant/imgt_human_TRGC.fasta",
                "germline_reference/reference_base/human/vdj",
                "germline_reference/reference_base/human/vdj/airrc_human_IGHD.fasta",
                "germline_reference/reference_base/human/vdj/airrc_human_IGHJ.fasta",
                "germline_reference/reference_base/human/vdj/airrc_human_IGHV.fasta",
                "germline_reference/reference_base/human/vdj/airrc_human_IGKJ.fasta",
                "germline_reference/reference_base/human/vdj/airrc_human_IGKV.fasta",
                "germline_reference/reference_base/human/vdj/airrc_human_IGLJ.fasta",
                "germline_reference/reference_base/human/vdj/airrc_human_IGLV.fasta",
                "germline_reference/reference_base/human/vdj/imgt_human_TRAJ.fasta",
                "germline_reference/reference_base/human/vdj/imgt_human_TRAV.fasta",
                "germline_reference/reference_base/human/vdj/imgt_human_TRBD.fasta",
                "germline_reference/reference_base/human/vdj/imgt_human_TRBJ.fasta",
                "germline_reference/reference_base/human/vdj/imgt_human_TRBV.fasta",
                "germline_reference/reference_base/human/vdj/imgt_human_TRDD.fasta",
                "germline_reference/reference_base/human/vdj/imgt_human_TRDJ.fasta",
                "germline_reference/reference_base/human/vdj/imgt_human_TRDV.fasta",
                "germline_reference/reference_base/human/vdj/imgt_human_TRGJ.fasta",
                "germline_reference/reference_base/human/vdj/imgt_human_TRGV.fasta",
                "germline_reference/reference_base/mouse",
                "germline_reference/reference_base/mouse/constant",
                "germline_reference/reference_base/mouse/constant/imgt_mouse_IGHC.fasta",
                "germline_reference/reference_base/mouse/constant/imgt_mouse_IGKC.fasta",
                "germline_reference/reference_base/mouse/constant/imgt_mouse_IGLC.fasta",
                "germline_reference/reference_base/mouse/constant/imgt_mouse_TRAC.fasta",
                "germline_reference/reference_base/mouse/constant/imgt_mouse_TRBC.fasta",
                "germline_reference/reference_base/mouse/constant/imgt_mouse_TRDC.fasta",
                "germline_reference/reference_base/mouse/constant/imgt_mouse_TRGC.fasta",
                "germline_reference/reference_base/mouse/vdj",
                "germline_reference/reference_base/mouse/vdj/airrc_mouse_IGHD.fasta",
                "germline_reference/reference_base/mouse/vdj/airrc_mouse_IGHJ.fasta",
                "germline_reference/reference_base/mouse/vdj/airrc_mouse_IGHV.fasta",
                "germline_reference/reference_base/mouse/vdj/airrc_mouse_IGKJ.fasta",
                "germline_reference/reference_base/mouse/vdj/airrc_mouse_IGKV.fasta",
                "germline_reference/reference_base/mouse/vdj/airrc_mouse_IGLJ.fasta",
                "germline_reference/reference_base/mouse/vdj/airrc_mouse_IGLV.fasta",
                "germline_reference/reference_base/mouse/vdj/imgt_mouse_TRAJ.fasta",
                "germline_reference/reference_base/mouse/vdj/imgt_mouse_TRAV.fasta",
                "germline_reference/reference_base/mouse/vdj/imgt_mouse_TRBD.fasta",
                "germline_reference/reference_base/mouse/vdj/imgt_mouse_TRBJ.fasta",
                "germline_reference/reference_base/mouse/vdj/imgt_mouse_TRBV.fasta",
                "germline_reference/reference_base/mouse/vdj/imgt_mouse_TRDD.fasta",
                "germline_reference/reference_base/mouse/vdj/imgt_mouse_TRDJ.fasta",
                "germline_reference/reference_base/mouse/vdj/imgt_mouse_TRDV.fasta",
                "germline_reference/reference_base/mouse/vdj/imgt_mouse_TRGJ.fasta",
                "germline_reference/reference_base/mouse/vdj/imgt_mouse_TRGV.fasta",
                "multiqc",
                "multiqc/multiqc_data",
                "multiqc/multiqc_data/llms-full.txt",
                "multiqc/multiqc_data/multiqc.log",
                "multiqc/multiqc_data/multiqc.parquet",
                "multiqc/multiqc_data/multiqc_citations.txt",
                "multiqc/multiqc_data/multiqc_data.json",
                "multiqc/multiqc_data/multiqc_software_versions.txt",
                "multiqc/multiqc_data/multiqc_sources.txt",
                "multiqc/multiqc_report.html",
                "pipeline_info",
                "pipeline_info/nf_core_airrflow_software_mqc_versions.yml",
                "pipeline_info/samplesheet.valid.tsv",
                "qc-filtering",
                "qc-filtering/bulk-qc-filtering",
                "qc-filtering/bulk-qc-filtering/04-collapse-duplicates",
                "qc-filtering/bulk-qc-filtering/04-collapse-duplicates/PGP1_collapse_command_log.txt",
                "qc-filtering/bulk-qc-filtering/04-collapse-duplicates/PGP1_collapse_report",
                "qc-filtering/bulk-qc-filtering/04-collapse-duplicates/PGP1_collapse_report/assets",
                "qc-filtering/bulk-qc-filtering/04-collapse-duplicates/PGP1_collapse_report/assets/logo.png",
                "qc-filtering/bulk-qc-filtering/04-collapse-duplicates/PGP1_collapse_report/assets/style.css",
                "qc-filtering/bulk-qc-filtering/04-collapse-duplicates/PGP1_collapse_report/index.html",
                "qc-filtering/bulk-qc-filtering/04-collapse-duplicates/PGP1_collapse_report/params.RData",
                "qc-filtering/bulk-qc-filtering/04-collapse-duplicates/PGP1_collapse_report/reference-keys.txt",
                "qc-filtering/bulk-qc-filtering/04-collapse-duplicates/PGP1_collapse_report/repertoires",
                "qc-filtering/bulk-qc-filtering/04-collapse-duplicates/PGP1_collapse_report/repertoires/PGP1_PGP1_collapse-pass.tsv",
                "qc-filtering/bulk-qc-filtering/04-collapse-duplicates/PGP1_collapse_report/search_index.json",
                "qc-filtering/single-cell-qc",
                "qc-filtering/single-cell-qc/all_reps_scqc_command_log.txt",
                "qc-filtering/single-cell-qc/all_reps_scqc_report",
                "qc-filtering/single-cell-qc/all_reps_scqc_report/assets",
                "qc-filtering/single-cell-qc/all_reps_scqc_report/assets/logo.png",
                "qc-filtering/single-cell-qc/all_reps_scqc_report/assets/style.css",
                "qc-filtering/single-cell-qc/all_reps_scqc_report/ggplots",
                "qc-filtering/single-cell-qc/all_reps_scqc_report/ggplots/p-seqs-per-cell.RData",
                "qc-filtering/single-cell-qc/all_reps_scqc_report/index.html",
                "qc-filtering/single-cell-qc/all_reps_scqc_report/params.RData",
                "qc-filtering/single-cell-qc/all_reps_scqc_report/reference-keys.txt",
                "qc-filtering/single-cell-qc/all_reps_scqc_report/repertoires",
                "qc-filtering/single-cell-qc/all_reps_scqc_report/repertoires/sc5p_v2_hs_PBMC_1k_5fb__scqc-pass.tsv",
                "qc-filtering/single-cell-qc/all_reps_scqc_report/search_index.json",
                "repertoire_comparison",
                "repertoire_comparison/Sequence_numbers_summary",
                "repertoire_comparison/Sequence_numbers_summary/Table_sequences_assembled.tsv",
                "repertoire_comparison/V_family",
                "repertoire_comparison/V_family/V_Family_distribution_patient.pdf",
                "repertoire_comparison/V_family/V_Family_distribution_patient.png",
                "repertoire_comparison/V_family/V_family_distribution_data.tsv",
                "repertoire_comparison/V_family/V_gene_distribution_by_sequence_data.tsv",
                "repertoire_comparison/V_family/V_gene_distribution_by_sequence_patient.pdf",
                "repertoire_comparison/V_family/V_gene_distribution_by_sequence_patient.png",
                "report_file_size",
                "report_file_size/file_size_report",
                "report_file_size/file_size_report/assets",
                "report_file_size/file_size_report/assets/logo.png",
                "report_file_size/file_size_report/assets/style.css",
                "report_file_size/file_size_report/ggplots",
                "report_file_size/file_size_report/ggplots/bulk-Laserson-2014.RData",
                "report_file_size/file_size_report/ggplots/sc5p_v2_hs_PBMC_1k_b_airr_rearrangement.RData",
                "report_file_size/file_size_report/ggplots/sequence_count_plot.RData",
                "report_file_size/file_size_report/index.html",
                "report_file_size/file_size_report/params.RData",
                "report_file_size/file_size_report/reference-keys.txt",
                "report_file_size/file_size_report/search_index.json",
                "report_file_size/file_size_report/tables",
                "report_file_size/file_size_report/tables/bulk-Laserson-2014.tsv",
                "report_file_size/file_size_report/tables/log_data.tsv",
                "report_file_size/file_size_report/tables/sc5p_v2_hs_PBMC_1k_b_airr_rearrangement.tsv",
                "validated_input",
                "validated_input/validate_input_report",
                "validated_input/validate_input_report/validated_input.tsv",
                "vdj_annotation",
                "vdj_annotation/01-assign-genes",
                "vdj_annotation/01-assign-genes/PGP1",
                "vdj_annotation/01-assign-genes/PGP1/PGP1.fasta",
                "vdj_annotation/01-assign-genes/PGP1/PGP1_changeo_assigngenes_command_log.txt",
                "vdj_annotation/01-assign-genes/PGP1/PGP1_igblast.fmt7",
                "vdj_annotation/01-assign-genes/sc5p_v2_hs_PBMC_1k_5fb",
                "vdj_annotation/01-assign-genes/sc5p_v2_hs_PBMC_1k_5fb/sc5p_v2_hs_PBMC_1k_5fb_changeo_assigngenes_command_log.txt",
                "vdj_annotation/01-assign-genes/sc5p_v2_hs_PBMC_1k_5fb/sc5p_v2_hs_PBMC_1k_5fb_igblast.fmt7",
                "vdj_annotation/01-assign-genes/sc5p_v2_hs_PBMC_1k_5fb/sc5p_v2_hs_PBMC_1k_5fb_sequences.fasta",
                "vdj_annotation/02-make-db",
                "vdj_annotation/02-make-db/PGP1",
                "vdj_annotation/02-make-db/PGP1/PGP1_db-pass.tsv",
                "vdj_annotation/02-make-db/PGP1/PGP1_makedb_command_log.txt",
                "vdj_annotation/02-make-db/sc5p_v2_hs_PBMC_1k_5fb",
                "vdj_annotation/02-make-db/sc5p_v2_hs_PBMC_1k_5fb/sc5p_v2_hs_PBMC_1k_5fb_db-pass.tsv",
                "vdj_annotation/02-make-db/sc5p_v2_hs_PBMC_1k_5fb/sc5p_v2_hs_PBMC_1k_5fb_makedb_command_log.txt",
                "vdj_annotation/03-quality-filter",
                "vdj_annotation/03-quality-filter/PGP1",
                "vdj_annotation/03-quality-filter/PGP1/PGP1_fq_command_log.txt",
                "vdj_annotation/03-quality-filter/PGP1/PGP1_quality-pass.tsv",
                "vdj_annotation/03-quality-filter/sc5p_v2_hs_PBMC_1k_5fb",
                "vdj_annotation/03-quality-filter/sc5p_v2_hs_PBMC_1k_5fb/sc5p_v2_hs_PBMC_1k_5fb_fq_command_log.txt",
                "vdj_annotation/03-quality-filter/sc5p_v2_hs_PBMC_1k_5fb/sc5p_v2_hs_PBMC_1k_5fb_quality-pass.tsv",
                "vdj_annotation/04-select-productive",
                "vdj_annotation/04-select-productive/PGP1",
                "vdj_annotation/04-select-productive/PGP1/PGP1_productive-F.tsv",
                "vdj_annotation/04-select-productive/PGP1/PGP1_productive-T.tsv",
                "vdj_annotation/04-select-productive/PGP1/PGP1_split_command_log.txt",
                "vdj_annotation/04-select-productive/sc5p_v2_hs_PBMC_1k_5fb",
                "vdj_annotation/04-select-productive/sc5p_v2_hs_PBMC_1k_5fb/sc5p_v2_hs_PBMC_1k_5fb_productive-T.tsv",
                "vdj_annotation/04-select-productive/sc5p_v2_hs_PBMC_1k_5fb/sc5p_v2_hs_PBMC_1k_5fb_split_command_log.txt",
                "vdj_annotation/05-select-junction-mod3",
                "vdj_annotation/05-select-junction-mod3/PGP1",
                "vdj_annotation/05-select-junction-mod3/PGP1/PGP1_jmod3_command_log.txt",
                "vdj_annotation/05-select-junction-mod3/PGP1/PGP1_junction-pass.tsv",
                "vdj_annotation/05-select-junction-mod3/sc5p_v2_hs_PBMC_1k_5fb",
                "vdj_annotation/05-select-junction-mod3/sc5p_v2_hs_PBMC_1k_5fb/sc5p_v2_hs_PBMC_1k_5fb_jmod3_command_log.txt",
                "vdj_annotation/05-select-junction-mod3/sc5p_v2_hs_PBMC_1k_5fb/sc5p_v2_hs_PBMC_1k_5fb_junction-pass.tsv",
                "vdj_annotation/06-annotate-metadata",
                "vdj_annotation/06-annotate-metadata/PGP1",
                "vdj_annotation/06-annotate-metadata/PGP1/PGP1_add-meta_command_log.txt",
                "vdj_annotation/06-annotate-metadata/PGP1/PGP1_meta-pass.tsv",
                "vdj_annotation/06-annotate-metadata/sc5p_v2_hs_PBMC_1k_5fb",
                "vdj_annotation/06-annotate-metadata/sc5p_v2_hs_PBMC_1k_5fb/sc5p_v2_hs_PBMC_1k_5fb_add-meta_command_log.txt",
                "vdj_annotation/06-annotate-metadata/sc5p_v2_hs_PBMC_1k_5fb/sc5p_v2_hs_PBMC_1k_5fb_meta-pass.tsv",
                "vdj_annotation/convert-db",
                "vdj_annotation/convert-db/sc5p_v2_hs_PBMC_1k_5fb",
                "vdj_annotation/convert-db/sc5p_v2_hs_PBMC_1k_5fb/sc5p_v2_hs_PBMC_1k_5fb_convertdb_command_log.txt",
                "vdj_annotation/convert-db/sc5p_v2_hs_PBMC_1k_5fb/sc5p_v2_hs_PBMC_1k_5fb_sequences.fasta"
            ],
            [
                "PGP1_clone_command_log.txt:md5,89d4948983db925ff2c325eb6e591fe1",
                "style.css:md5,d0833d790556369103776a429102fedf",
                "style.css:md5,d0833d790556369103776a429102fedf",
                "subject_x_clone_command_log.txt:md5,5d6395986061a12b39e47dc8de4bf3d4",
                "style.css:md5,d0833d790556369103776a429102fedf",
                "all_reps_threshold_command_log.txt:md5,cfc4caa7b9c8840cc2ac25d4c7ec83a4",
                "all_reps_clone_command_log.txt:md5,ca8e99d7dd24dd10dd558344ef2f8a25",
                "style.css:md5,d0833d790556369103776a429102fedf",
                "multiqc_citations.txt:md5,4c806e63a283ec1b7e78cdae3a923d4f",
                "PGP1_collapse_command_log.txt:md5,177cffc8f95725c4126df8d5fb3dba3c",
                "style.css:md5,d0833d790556369103776a429102fedf",
                "all_reps_scqc_command_log.txt:md5,b3a1af08a34c143b55cf9bb68182b753",
                "style.css:md5,d0833d790556369103776a429102fedf",
                "style.css:md5,d0833d790556369103776a429102fedf",
                "PGP1_fq_command_log.txt:md5,17f839dbeba1498f9d6218772b589a06",
                "sc5p_v2_hs_PBMC_1k_5fb_fq_command_log.txt:md5,8db38744bc61ae45e3fe133efcc7761f",
                "PGP1_jmod3_command_log.txt:md5,813795c3d2537b1804963709c81696b0",
                "sc5p_v2_hs_PBMC_1k_5fb_jmod3_command_log.txt:md5,3e8671ce536a5ad0c66ade5cde940054",
                "PGP1_add-meta_command_log.txt:md5,1b89785869ec1755fc89f459a1d2f2a2",
                "sc5p_v2_hs_PBMC_1k_5fb_add-meta_command_log.txt:md5,675e83b0cdcfa384e317fe8197109afb"
            ],
            "Table_sequences_assembled.tsv:md5,0fa9464286ad0b2f0bac36ad0d5df19b"
        ],
        "meta": {
            "nf-test": "0.9.3",
            "nextflow": "26.04.1"
        },
        "timestamp": "2026-05-29T14:28:10.093636322"
    }
}