{
    "-profile test_assembled_mm": {
        "content": [
            20,
            {
                "ADD_META_TO_TAB": {
                    "dplyr": "1.1.4",
                    "optparse": "1.7.5",
                    "R": "4.5.1"
                },
                "AIRRFLOW_REPORT": {
                    "alakazam": "1.3.1",
                    "shazam": "1.2.1",
                    "stringr": "1.5.2",
                    "dplyr": "1.1.4",
                    "knitr": 1.5,
                    "R": "4.5.1"
                },
                "CHANGEO_ASSIGNGENES": {
                    "igblastn": "1.22.0",
                    "changeo": "1.3.0"
                },
                "CHANGEO_CONVERTDB_FASTA_FROM_AIRR": {
                    "igblastn": "1.22.0",
                    "changeo": "1.3.0"
                },
                "CHANGEO_MAKEDB": {
                    "igblastn": "1.22.0",
                    "changeo": "1.3.0"
                },
                "CHANGEO_PARSEDB_SPLIT": {
                    "changeo": "1.3.0"
                },
                "CLONAL_ASSIGNMENT_COMPUTE": {
                    "enchantr": "0.1.23"
                },
                "CLONAL_ASSIGNMENT_REPORT": {
                    "enchantr": "0.1.23"
                },
                "DOWSER_LINEAGES": {
                    "enchantr": "0.1.23"
                },
                "FILTER_JUNCTION_MOD3": {
                    "alakazam": "1.3.1",
                    "optparse": "1.7.5",
                    "airr": "1.5.0",
                    "R": "4.5.1"
                },
                "FILTER_QUALITY": {
                    "alakazam": "1.3.1",
                    "optparse": "1.7.5",
                    "stringi": "1.8.7",
                    "dplyr": "1.1.4",
                    "airr": "1.5.0",
                    "DT": "0.34.0",
                    "R": "4.5.1"
                },
                "FIND_CLONAL_THRESHOLD": {
                    "enchantr": "0.1.23"
                },
                "REPORT_FILE_SIZE": {
                    "enchantr": "0.1.23"
                },
                "SINGLE_CELL_QC": {
                    "enchantr": "0.1.23"
                },
                "VALIDATE_INPUT": {
                    "enchantr": "0.1.23"
                },
                "Workflow": {
                    "nf-core/airrflow": "v4.4dev"
                }
            },
            [
                "Airrflow_report.html",
                "clonal_analysis",
                "clonal_analysis/clonal_assignment",
                "clonal_analysis/clonal_assignment/all_reps_clone_report",
                "clonal_analysis/clonal_assignment/all_reps_clone_report/all_reps_clone_command_log.txt",
                "clonal_analysis/clonal_assignment/all_reps_clone_report/assets",
                "clonal_analysis/clonal_assignment/all_reps_clone_report/assets/logo.png",
                "clonal_analysis/clonal_assignment/all_reps_clone_report/assets/style.css",
                "clonal_analysis/clonal_assignment/all_reps_clone_report/ggplots",
                "clonal_analysis/clonal_assignment/all_reps_clone_report/ggplots/abundanceSample.RData",
                "clonal_analysis/clonal_assignment/all_reps_clone_report/ggplots/clone_size_cdf_plot.RData",
                "clonal_analysis/clonal_assignment/all_reps_clone_report/ggplots/clone_size_plot.RData",
                "clonal_analysis/clonal_assignment/all_reps_clone_report/ggplots/div_at_q.RData",
                "clonal_analysis/clonal_assignment/all_reps_clone_report/ggplots/diversitySample.RData",
                "clonal_analysis/clonal_assignment/all_reps_clone_report/ggplots/mutation_frequency_sample.RData",
                "clonal_analysis/clonal_assignment/all_reps_clone_report/ggplots/mutation_frequency_sample_locus.RData",
                "clonal_analysis/clonal_assignment/all_reps_clone_report/index.html",
                "clonal_analysis/clonal_assignment/all_reps_clone_report/params.RData",
                "clonal_analysis/clonal_assignment/all_reps_clone_report/reference-keys.txt",
                "clonal_analysis/clonal_assignment/all_reps_clone_report/repertoires",
                "clonal_analysis/clonal_assignment/all_reps_clone_report/repertoires/mouse_x__clone-pass.tsv",
                "clonal_analysis/clonal_assignment/all_reps_clone_report/search_index.json",
                "clonal_analysis/clonal_assignment/all_reps_clone_report/tables",
                "clonal_analysis/clonal_assignment/all_reps_clone_report/tables/clonal_abundance.tsv",
                "clonal_analysis/clonal_assignment/all_reps_clone_report/tables/clonal_diversity.tsv",
                "clonal_analysis/clonal_assignment/all_reps_clone_report/tables/clone_sizes_table.tsv",
                "clonal_analysis/clonal_assignment/all_reps_clone_report/tables/num_clones_table.tsv",
                "clonal_analysis/clonal_assignment/mouse_x_clone_report",
                "clonal_analysis/clonal_assignment/mouse_x_clone_report/assets",
                "clonal_analysis/clonal_assignment/mouse_x_clone_report/assets/logo.png",
                "clonal_analysis/clonal_assignment/mouse_x_clone_report/assets/style.css",
                "clonal_analysis/clonal_assignment/mouse_x_clone_report/ggplots",
                "clonal_analysis/clonal_assignment/mouse_x_clone_report/ggplots/abundanceSample.RData",
                "clonal_analysis/clonal_assignment/mouse_x_clone_report/ggplots/clone_size_cdf_plot.RData",
                "clonal_analysis/clonal_assignment/mouse_x_clone_report/ggplots/clone_size_plot.RData",
                "clonal_analysis/clonal_assignment/mouse_x_clone_report/ggplots/div_at_q.RData",
                "clonal_analysis/clonal_assignment/mouse_x_clone_report/ggplots/diversitySample.RData",
                "clonal_analysis/clonal_assignment/mouse_x_clone_report/ggplots/mutation_frequency_sample.RData",
                "clonal_analysis/clonal_assignment/mouse_x_clone_report/ggplots/mutation_frequency_sample_locus.RData",
                "clonal_analysis/clonal_assignment/mouse_x_clone_report/index.html",
                "clonal_analysis/clonal_assignment/mouse_x_clone_report/mouse_x_clone_command_log.txt",
                "clonal_analysis/clonal_assignment/mouse_x_clone_report/params.RData",
                "clonal_analysis/clonal_assignment/mouse_x_clone_report/reference-keys.txt",
                "clonal_analysis/clonal_assignment/mouse_x_clone_report/repertoires",
                "clonal_analysis/clonal_assignment/mouse_x_clone_report/repertoires/mouse_x__clone-pass.tsv",
                "clonal_analysis/clonal_assignment/mouse_x_clone_report/search_index.json",
                "clonal_analysis/clonal_assignment/mouse_x_clone_report/tables",
                "clonal_analysis/clonal_assignment/mouse_x_clone_report/tables/clonal_abundance.tsv",
                "clonal_analysis/clonal_assignment/mouse_x_clone_report/tables/clonal_diversity.tsv",
                "clonal_analysis/clonal_assignment/mouse_x_clone_report/tables/clone_sizes_table.tsv",
                "clonal_analysis/clonal_assignment/mouse_x_clone_report/tables/num_clones_table.tsv",
                "clonal_analysis/dowser_lineages",
                "clonal_analysis/dowser_lineages/mouse_x_dowser_command_log.txt",
                "clonal_analysis/dowser_lineages/mouse_x_dowser_report",
                "clonal_analysis/dowser_lineages/mouse_x_dowser_report/assets",
                "clonal_analysis/dowser_lineages/mouse_x_dowser_report/assets/logo.png",
                "clonal_analysis/dowser_lineages/mouse_x_dowser_report/assets/style.css",
                "clonal_analysis/dowser_lineages/mouse_x_dowser_report/formatted_clones.RDS",
                "clonal_analysis/dowser_lineages/mouse_x_dowser_report/index.html",
                "clonal_analysis/dowser_lineages/mouse_x_dowser_report/params.RData",
                "clonal_analysis/dowser_lineages/mouse_x_dowser_report/reference-keys.txt",
                "clonal_analysis/dowser_lineages/mouse_x_dowser_report/search_index.json",
                "clonal_analysis/find_threshold",
                "clonal_analysis/find_threshold/all_reps_dist_report",
                "clonal_analysis/find_threshold/all_reps_dist_report/assets",
                "clonal_analysis/find_threshold/all_reps_dist_report/assets/logo.png",
                "clonal_analysis/find_threshold/all_reps_dist_report/assets/style.css",
                "clonal_analysis/find_threshold/all_reps_dist_report/ggplots",
                "clonal_analysis/find_threshold/all_reps_dist_report/ggplots/dtnplot.RData",
                "clonal_analysis/find_threshold/all_reps_dist_report/ggplots/mouse_x_dtnthrplot.RData",
                "clonal_analysis/find_threshold/all_reps_dist_report/index.html",
                "clonal_analysis/find_threshold/all_reps_dist_report/params.RData",
                "clonal_analysis/find_threshold/all_reps_dist_report/reference-keys.txt",
                "clonal_analysis/find_threshold/all_reps_dist_report/search_index.json",
                "clonal_analysis/find_threshold/all_reps_dist_report/tables",
                "clonal_analysis/find_threshold/all_reps_dist_report/tables/all_reps_threshold-mean.tsv",
                "clonal_analysis/find_threshold/all_reps_dist_report/tables/all_reps_threshold-summary.tsv",
                "clonal_analysis/find_threshold/all_reps_threshold_command_log.txt",
                "multiqc",
                "multiqc/multiqc_data",
                "multiqc/multiqc_data/llms-full.txt",
                "multiqc/multiqc_data/multiqc.log",
                "multiqc/multiqc_data/multiqc.parquet",
                "multiqc/multiqc_data/multiqc_citations.txt",
                "multiqc/multiqc_data/multiqc_data.json",
                "multiqc/multiqc_data/multiqc_software_versions.txt",
                "multiqc/multiqc_data/multiqc_sources.txt",
                "multiqc/multiqc_report.html",
                "pipeline_info",
                "pipeline_info/nf_core_airrflow_software_mqc_versions.yml",
                "pipeline_info/samplesheet.valid.tsv",
                "qc-filtering",
                "qc-filtering/single-cell-qc",
                "qc-filtering/single-cell-qc/all_reps_scqc_command_log.txt",
                "qc-filtering/single-cell-qc/all_reps_scqc_report",
                "qc-filtering/single-cell-qc/all_reps_scqc_report/assets",
                "qc-filtering/single-cell-qc/all_reps_scqc_report/assets/logo.png",
                "qc-filtering/single-cell-qc/all_reps_scqc_report/assets/style.css",
                "qc-filtering/single-cell-qc/all_reps_scqc_report/ggplots",
                "qc-filtering/single-cell-qc/all_reps_scqc_report/ggplots/p-seqs-per-cell.RData",
                "qc-filtering/single-cell-qc/all_reps_scqc_report/index.html",
                "qc-filtering/single-cell-qc/all_reps_scqc_report/params.RData",
                "qc-filtering/single-cell-qc/all_reps_scqc_report/reference-keys.txt",
                "qc-filtering/single-cell-qc/all_reps_scqc_report/repertoires",
                "qc-filtering/single-cell-qc/all_reps_scqc_report/repertoires/sc5p_v2_mm_c57bl6_splenocyte_1k_b__scqc-pass.tsv",
                "qc-filtering/single-cell-qc/all_reps_scqc_report/search_index.json",
                "repertoire_comparison",
                "repertoire_comparison/Sequence_numbers_summary",
                "repertoire_comparison/Sequence_numbers_summary/Table_sequences_assembled.tsv",
                "repertoire_comparison/V_family",
                "repertoire_comparison/V_family/V_Family_distribution_patient.pdf",
                "repertoire_comparison/V_family/V_Family_distribution_patient.png",
                "repertoire_comparison/V_family/V_family_distribution_data.tsv",
                "repertoire_comparison/V_family/V_gene_distribution_by_sequence_data.tsv",
                "repertoire_comparison/V_family/V_gene_distribution_by_sequence_patient.pdf",
                "repertoire_comparison/V_family/V_gene_distribution_by_sequence_patient.png",
                "report_file_size",
                "report_file_size/file_size_report",
                "report_file_size/file_size_report/assets",
                "report_file_size/file_size_report/assets/logo.png",
                "report_file_size/file_size_report/assets/style.css",
                "report_file_size/file_size_report/ggplots",
                "report_file_size/file_size_report/ggplots/sample_1.RData",
                "report_file_size/file_size_report/ggplots/sequence_count_plot.RData",
                "report_file_size/file_size_report/index.html",
                "report_file_size/file_size_report/params.RData",
                "report_file_size/file_size_report/reference-keys.txt",
                "report_file_size/file_size_report/search_index.json",
                "report_file_size/file_size_report/tables",
                "report_file_size/file_size_report/tables/log_data.tsv",
                "report_file_size/file_size_report/tables/sample_1.tsv",
                "validated_input",
                "validated_input/validate_input_report",
                "validated_input/validate_input_report/validated_input.tsv",
                "vdj_annotation",
                "vdj_annotation/01-assign-genes",
                "vdj_annotation/01-assign-genes/sc5p_v2_mm_c57bl6_splenocyte_1k_b",
                "vdj_annotation/01-assign-genes/sc5p_v2_mm_c57bl6_splenocyte_1k_b/sc5p_v2_mm_c57bl6_splenocyte_1k_b_changeo_assigngenes_command_log.txt",
                "vdj_annotation/01-assign-genes/sc5p_v2_mm_c57bl6_splenocyte_1k_b/sc5p_v2_mm_c57bl6_splenocyte_1k_b_igblast.fmt7",
                "vdj_annotation/01-assign-genes/sc5p_v2_mm_c57bl6_splenocyte_1k_b/sc5p_v2_mm_c57bl6_splenocyte_1k_b_sequences.fasta",
                "vdj_annotation/02-make-db",
                "vdj_annotation/02-make-db/sc5p_v2_mm_c57bl6_splenocyte_1k_b",
                "vdj_annotation/02-make-db/sc5p_v2_mm_c57bl6_splenocyte_1k_b/sc5p_v2_mm_c57bl6_splenocyte_1k_b_db-pass.tsv",
                "vdj_annotation/02-make-db/sc5p_v2_mm_c57bl6_splenocyte_1k_b/sc5p_v2_mm_c57bl6_splenocyte_1k_b_makedb_command_log.txt",
                "vdj_annotation/03-quality-filter",
                "vdj_annotation/03-quality-filter/sc5p_v2_mm_c57bl6_splenocyte_1k_b",
                "vdj_annotation/03-quality-filter/sc5p_v2_mm_c57bl6_splenocyte_1k_b/sc5p_v2_mm_c57bl6_splenocyte_1k_b_fq_command_log.txt",
                "vdj_annotation/03-quality-filter/sc5p_v2_mm_c57bl6_splenocyte_1k_b/sc5p_v2_mm_c57bl6_splenocyte_1k_b_quality-pass.tsv",
                "vdj_annotation/04-select-productive",
                "vdj_annotation/04-select-productive/sc5p_v2_mm_c57bl6_splenocyte_1k_b",
                "vdj_annotation/04-select-productive/sc5p_v2_mm_c57bl6_splenocyte_1k_b/sc5p_v2_mm_c57bl6_splenocyte_1k_b_productive-T.tsv",
                "vdj_annotation/04-select-productive/sc5p_v2_mm_c57bl6_splenocyte_1k_b/sc5p_v2_mm_c57bl6_splenocyte_1k_b_split_command_log.txt",
                "vdj_annotation/05-select-junction-mod3",
                "vdj_annotation/05-select-junction-mod3/sc5p_v2_mm_c57bl6_splenocyte_1k_b",
                "vdj_annotation/05-select-junction-mod3/sc5p_v2_mm_c57bl6_splenocyte_1k_b/sc5p_v2_mm_c57bl6_splenocyte_1k_b_jmod3_command_log.txt",
                "vdj_annotation/05-select-junction-mod3/sc5p_v2_mm_c57bl6_splenocyte_1k_b/sc5p_v2_mm_c57bl6_splenocyte_1k_b_junction-pass.tsv",
                "vdj_annotation/06-annotate-metadata",
                "vdj_annotation/06-annotate-metadata/sc5p_v2_mm_c57bl6_splenocyte_1k_b",
                "vdj_annotation/06-annotate-metadata/sc5p_v2_mm_c57bl6_splenocyte_1k_b/sc5p_v2_mm_c57bl6_splenocyte_1k_b_add-meta_command_log.txt",
                "vdj_annotation/06-annotate-metadata/sc5p_v2_mm_c57bl6_splenocyte_1k_b/sc5p_v2_mm_c57bl6_splenocyte_1k_b_meta-pass.tsv",
                "vdj_annotation/convert-db",
                "vdj_annotation/convert-db/sc5p_v2_mm_c57bl6_splenocyte_1k_b",
                "vdj_annotation/convert-db/sc5p_v2_mm_c57bl6_splenocyte_1k_b/sc5p_v2_mm_c57bl6_splenocyte_1k_b_convertdb_command_log.txt",
                "vdj_annotation/convert-db/sc5p_v2_mm_c57bl6_splenocyte_1k_b/sc5p_v2_mm_c57bl6_splenocyte_1k_b_sequences.fasta"
            ],
            [
                "all_reps_clone_command_log.txt:md5,8af52a1505eecb6a21d541fb9d4ba518",
                "style.css:md5,d0833d790556369103776a429102fedf",
                "style.css:md5,d0833d790556369103776a429102fedf",
                "mouse_x_clone_command_log.txt:md5,54062aa3bf4b808f9d8d990fc1f949bf",
                "mouse_x_dowser_command_log.txt:md5,4c4028ff38b7e024124e524ddd268e3b",
                "style.css:md5,d0833d790556369103776a429102fedf",
                "style.css:md5,d0833d790556369103776a429102fedf",
                "all_reps_threshold_command_log.txt:md5,f82629e6f234a3ec504f2e2348599ea1",
                "multiqc_citations.txt:md5,4c806e63a283ec1b7e78cdae3a923d4f",
                "all_reps_scqc_command_log.txt:md5,d301b803659208a8b48c6a4d246bd030",
                "style.css:md5,d0833d790556369103776a429102fedf",
                "style.css:md5,d0833d790556369103776a429102fedf",
                "sc5p_v2_mm_c57bl6_splenocyte_1k_b_fq_command_log.txt:md5,819e0643cfbeb1cbbfc6c3e009d3a55e",
                "sc5p_v2_mm_c57bl6_splenocyte_1k_b_jmod3_command_log.txt:md5,4e54840ab0c887251aa13177af2b396e",
                "sc5p_v2_mm_c57bl6_splenocyte_1k_b_add-meta_command_log.txt:md5,cefa5e3890c97ca267eac374df669330"
            ],
            "Table_sequences_assembled.tsv:md5,d89e0c27616af9e691be714c8acb18c6"
        ],
        "meta": {
            "nf-test": "0.9.3",
            "nextflow": "25.04.8"
        },
        "timestamp": "2025-10-28T13:21:28.846297368"
    }
}