{
    "-profile test_rnaseq_bulk": {
        "content": [
            23,
            {
                "ADD_META_TO_TAB": {
                    "R": "4.5.3",
                    "dplyr": "1.2.1",
                    "optparse": "1.8.2"
                },
                "AIRRFLOW_REPORT": {
                    "DT": "0.34.0",
                    "R": "4.5.3",
                    "alakazam": "1.4.3",
                    "dplyr": "1.2.1",
                    "knitr": "1.51",
                    "shazam": "1.3.2",
                    "stringr": "1.6.0"
                },
                "CHANGEO_ASSIGNGENES": {
                    "changeo": "1.3.4",
                    "igblastn": " 1.22.0"
                },
                "CHANGEO_CONVERTDB_FASTA_FROM_AIRR": {
                    "changeo": "1.3.4",
                    "igblastn": " 1.22.0"
                },
                "CHANGEO_MAKEDB": {
                    "changeo": "1.3.4",
                    "igblastn": " 1.22.0"
                },
                "CHANGEO_PARSEDB_SELECT_LOCUS": {
                    "changeo": "1.3.4"
                },
                "CHANGEO_PARSEDB_SPLIT": {
                    "changeo": "1.3.4"
                },
                "CLONAL_ASSIGNMENT": {
                    "enchantr": "0.1.25",
                    "scoper": "1.5.0"
                },
                "COLLAPSE_DUPLICATES": {
                    "enchantr": "0.1.25"
                },
                "FASTP": {
                    "fastp": "0.23.4"
                },
                "FILTER_JUNCTION_MOD3": {
                    "R": "4.5.3",
                    "airr": "1.6.1",
                    "alakazam": "1.4.3",
                    "optparse": "1.8.2"
                },
                "FILTER_QUALITY": {
                    "DT": "0.34.0",
                    "R": "4.5.3",
                    "airr": "1.6.1",
                    "alakazam": "1.4.3",
                    "dplyr": "1.2.1",
                    "optparse": "1.8.2",
                    "stringi": "1.8.7"
                },
                "PREPARE_TRUST4_REFERENCE": {
                    "cat": "8.30"
                },
                "REPERTOIRE_ANALYSIS": {
                    "enchantr": "0.1.25"
                },
                "REPORT_FILE_SIZE": {
                    "enchantr": "0.1.25"
                },
                "REPORT_THRESHOLD": {
                    "enchantr": "0.1.25"
                },
                "SAMPLESHEET_CHECK": {
                    "pandas": "1.1.5",
                    "python": " 3.9.1"
                },
                "TRUST4": {
                    "trust4": "TRUST4 using v1.1.5-r573"
                },
                "UNZIP_IGBLAST": {
                    "unzip": "6.00"
                },
                "UNZIP_REFERENCE_FASTA": {
                    "unzip": "6.00"
                },
                "VALIDATE_IGBLAST_DB": {
                    "bash": "5.0.3"
                },
                "Workflow": {
                    "nf-core/airrflow": "v5.1.1"
                }
            },
            [
                "Airrflow_report.html",
                "clonal_analysis",
                "clonal_analysis/clonal_assignment",
                "clonal_analysis/clonal_assignment/Patient01_clone_report",
                "clonal_analysis/clonal_assignment/Patient01_clone_report/Patient01_clone_command_log.txt",
                "clonal_analysis/clonal_assignment/Patient01_clone_report/assets",
                "clonal_analysis/clonal_assignment/Patient01_clone_report/assets/logo.png",
                "clonal_analysis/clonal_assignment/Patient01_clone_report/assets/style.css",
                "clonal_analysis/clonal_assignment/Patient01_clone_report/index.html",
                "clonal_analysis/clonal_assignment/Patient01_clone_report/params.RData",
                "clonal_analysis/clonal_assignment/Patient01_clone_report/reference-keys.txt",
                "clonal_analysis/clonal_assignment/Patient01_clone_report/repertoires",
                "clonal_analysis/clonal_assignment/Patient01_clone_report/repertoires/Patient01__clone-pass.tsv",
                "clonal_analysis/clonal_assignment/Patient01_clone_report/search_index.json",
                "clonal_analysis/repertoire_analysis",
                "clonal_analysis/repertoire_analysis/repertoire_analysis_report",
                "clonal_analysis/repertoire_analysis/repertoire_analysis_report/all_reps_clone_command_log.txt",
                "clonal_analysis/repertoire_analysis/repertoire_analysis_report/assets",
                "clonal_analysis/repertoire_analysis/repertoire_analysis_report/assets/logo.png",
                "clonal_analysis/repertoire_analysis/repertoire_analysis_report/assets/style.css",
                "clonal_analysis/repertoire_analysis/repertoire_analysis_report/ggplots",
                "clonal_analysis/repertoire_analysis/repertoire_analysis_report/ggplots/mutation_frequency_sample.RData",
                "clonal_analysis/repertoire_analysis/repertoire_analysis_report/ggplots/mutation_frequency_sample_locus.RData",
                "clonal_analysis/repertoire_analysis/repertoire_analysis_report/index.html",
                "clonal_analysis/repertoire_analysis/repertoire_analysis_report/params.RData",
                "clonal_analysis/repertoire_analysis/repertoire_analysis_report/reference-keys.txt",
                "clonal_analysis/repertoire_analysis/repertoire_analysis_report/repertoires",
                "clonal_analysis/repertoire_analysis/repertoire_analysis_report/repertoires/All_samples__repertoire-pass.tsv",
                "clonal_analysis/repertoire_analysis/repertoire_analysis_report/search_index.json",
                "clonal_analysis/repertoire_analysis/repertoire_analysis_report/tables",
                "clonal_analysis/repertoire_analysis/repertoire_analysis_report/tables/clone_sizes_table.tsv",
                "clonal_analysis/repertoire_analysis/repertoire_analysis_report/tables/num_clones_table.tsv",
                "clonal_analysis/report_threshold",
                "clonal_analysis/report_threshold/all_reps_dist_report",
                "clonal_analysis/report_threshold/all_reps_dist_report/assets",
                "clonal_analysis/report_threshold/all_reps_dist_report/assets/logo.png",
                "clonal_analysis/report_threshold/all_reps_dist_report/assets/style.css",
                "clonal_analysis/report_threshold/all_reps_dist_report/index.html",
                "clonal_analysis/report_threshold/all_reps_dist_report/params.RData",
                "clonal_analysis/report_threshold/all_reps_dist_report/reference-keys.txt",
                "clonal_analysis/report_threshold/all_reps_dist_report/search_index.json",
                "clonal_analysis/report_threshold/all_reps_dist_report/tables",
                "clonal_analysis/report_threshold/all_reps_dist_report/tables/all_reps_threshold-mean.tsv",
                "clonal_analysis/report_threshold/all_reps_threshold_command_log.txt",
                "fastp",
                "fastp/Sample01",
                "fastp/Sample01/Sample01.fastp.html",
                "fastp/Sample01/Sample01.fastp.json",
                "fastp/Sample01/Sample01.fastp.log",
                "multiqc",
                "multiqc/multiqc_data",
                "multiqc/multiqc_data/fastp-insert-size-plot.txt",
                "multiqc/multiqc_data/fastp-seq-content-gc-plot_Read_1_After_filtering.txt",
                "multiqc/multiqc_data/fastp-seq-content-gc-plot_Read_1_Before_filtering.txt",
                "multiqc/multiqc_data/fastp-seq-content-gc-plot_Read_2_After_filtering.txt",
                "multiqc/multiqc_data/fastp-seq-content-gc-plot_Read_2_Before_filtering.txt",
                "multiqc/multiqc_data/fastp-seq-content-n-plot_Read_1_After_filtering.txt",
                "multiqc/multiqc_data/fastp-seq-content-n-plot_Read_1_Before_filtering.txt",
                "multiqc/multiqc_data/fastp-seq-content-n-plot_Read_2_After_filtering.txt",
                "multiqc/multiqc_data/fastp-seq-content-n-plot_Read_2_Before_filtering.txt",
                "multiqc/multiqc_data/fastp-seq-quality-plot_Read_1_After_filtering.txt",
                "multiqc/multiqc_data/fastp-seq-quality-plot_Read_1_Before_filtering.txt",
                "multiqc/multiqc_data/fastp-seq-quality-plot_Read_2_After_filtering.txt",
                "multiqc/multiqc_data/fastp-seq-quality-plot_Read_2_Before_filtering.txt",
                "multiqc/multiqc_data/fastp_filtered_reads_plot.txt",
                "multiqc/multiqc_data/llms-full.txt",
                "multiqc/multiqc_data/multiqc.log",
                "multiqc/multiqc_data/multiqc.parquet",
                "multiqc/multiqc_data/multiqc_citations.txt",
                "multiqc/multiqc_data/multiqc_data.json",
                "multiqc/multiqc_data/multiqc_fastp.txt",
                "multiqc/multiqc_data/multiqc_general_stats.txt",
                "multiqc/multiqc_data/multiqc_software_versions.txt",
                "multiqc/multiqc_data/multiqc_sources.txt",
                "multiqc/multiqc_plots",
                "multiqc/multiqc_plots/pdf",
                "multiqc/multiqc_plots/pdf/fastp-insert-size-plot.pdf",
                "multiqc/multiqc_plots/pdf/fastp-seq-content-gc-plot_Read_1_After_filtering.pdf",
                "multiqc/multiqc_plots/pdf/fastp-seq-content-gc-plot_Read_1_Before_filtering.pdf",
                "multiqc/multiqc_plots/pdf/fastp-seq-content-gc-plot_Read_2_After_filtering.pdf",
                "multiqc/multiqc_plots/pdf/fastp-seq-content-gc-plot_Read_2_Before_filtering.pdf",
                "multiqc/multiqc_plots/pdf/fastp-seq-content-n-plot_Read_1_After_filtering.pdf",
                "multiqc/multiqc_plots/pdf/fastp-seq-content-n-plot_Read_1_Before_filtering.pdf",
                "multiqc/multiqc_plots/pdf/fastp-seq-content-n-plot_Read_2_After_filtering.pdf",
                "multiqc/multiqc_plots/pdf/fastp-seq-content-n-plot_Read_2_Before_filtering.pdf",
                "multiqc/multiqc_plots/pdf/fastp-seq-quality-plot_Read_1_After_filtering.pdf",
                "multiqc/multiqc_plots/pdf/fastp-seq-quality-plot_Read_1_Before_filtering.pdf",
                "multiqc/multiqc_plots/pdf/fastp-seq-quality-plot_Read_2_After_filtering.pdf",
                "multiqc/multiqc_plots/pdf/fastp-seq-quality-plot_Read_2_Before_filtering.pdf",
                "multiqc/multiqc_plots/pdf/fastp_filtered_reads_plot-cnt.pdf",
                "multiqc/multiqc_plots/pdf/fastp_filtered_reads_plot-pct.pdf",
                "multiqc/multiqc_plots/png",
                "multiqc/multiqc_plots/png/fastp-insert-size-plot.png",
                "multiqc/multiqc_plots/png/fastp-seq-content-gc-plot_Read_1_After_filtering.png",
                "multiqc/multiqc_plots/png/fastp-seq-content-gc-plot_Read_1_Before_filtering.png",
                "multiqc/multiqc_plots/png/fastp-seq-content-gc-plot_Read_2_After_filtering.png",
                "multiqc/multiqc_plots/png/fastp-seq-content-gc-plot_Read_2_Before_filtering.png",
                "multiqc/multiqc_plots/png/fastp-seq-content-n-plot_Read_1_After_filtering.png",
                "multiqc/multiqc_plots/png/fastp-seq-content-n-plot_Read_1_Before_filtering.png",
                "multiqc/multiqc_plots/png/fastp-seq-content-n-plot_Read_2_After_filtering.png",
                "multiqc/multiqc_plots/png/fastp-seq-content-n-plot_Read_2_Before_filtering.png",
                "multiqc/multiqc_plots/png/fastp-seq-quality-plot_Read_1_After_filtering.png",
                "multiqc/multiqc_plots/png/fastp-seq-quality-plot_Read_1_Before_filtering.png",
                "multiqc/multiqc_plots/png/fastp-seq-quality-plot_Read_2_After_filtering.png",
                "multiqc/multiqc_plots/png/fastp-seq-quality-plot_Read_2_Before_filtering.png",
                "multiqc/multiqc_plots/png/fastp_filtered_reads_plot-cnt.png",
                "multiqc/multiqc_plots/png/fastp_filtered_reads_plot-pct.png",
                "multiqc/multiqc_plots/svg",
                "multiqc/multiqc_plots/svg/fastp-insert-size-plot.svg",
                "multiqc/multiqc_plots/svg/fastp-seq-content-gc-plot_Read_1_After_filtering.svg",
                "multiqc/multiqc_plots/svg/fastp-seq-content-gc-plot_Read_1_Before_filtering.svg",
                "multiqc/multiqc_plots/svg/fastp-seq-content-gc-plot_Read_2_After_filtering.svg",
                "multiqc/multiqc_plots/svg/fastp-seq-content-gc-plot_Read_2_Before_filtering.svg",
                "multiqc/multiqc_plots/svg/fastp-seq-content-n-plot_Read_1_After_filtering.svg",
                "multiqc/multiqc_plots/svg/fastp-seq-content-n-plot_Read_1_Before_filtering.svg",
                "multiqc/multiqc_plots/svg/fastp-seq-content-n-plot_Read_2_After_filtering.svg",
                "multiqc/multiqc_plots/svg/fastp-seq-content-n-plot_Read_2_Before_filtering.svg",
                "multiqc/multiqc_plots/svg/fastp-seq-quality-plot_Read_1_After_filtering.svg",
                "multiqc/multiqc_plots/svg/fastp-seq-quality-plot_Read_1_Before_filtering.svg",
                "multiqc/multiqc_plots/svg/fastp-seq-quality-plot_Read_2_After_filtering.svg",
                "multiqc/multiqc_plots/svg/fastp-seq-quality-plot_Read_2_Before_filtering.svg",
                "multiqc/multiqc_plots/svg/fastp_filtered_reads_plot-cnt.svg",
                "multiqc/multiqc_plots/svg/fastp_filtered_reads_plot-pct.svg",
                "multiqc/multiqc_report.html",
                "pipeline_info",
                "pipeline_info/nf_core_airrflow_software_mqc_versions.yml",
                "pipeline_info/samplesheet.valid.tsv",
                "prepare",
                "prepare/trust4_reference.fa",
                "qc-filtering",
                "qc-filtering/bulk-qc-filtering",
                "qc-filtering/bulk-qc-filtering/04-collapse-duplicates",
                "qc-filtering/bulk-qc-filtering/04-collapse-duplicates/Sample01_collapse_command_log.txt",
                "qc-filtering/bulk-qc-filtering/04-collapse-duplicates/Sample01_collapse_report",
                "qc-filtering/bulk-qc-filtering/04-collapse-duplicates/Sample01_collapse_report/assets",
                "qc-filtering/bulk-qc-filtering/04-collapse-duplicates/Sample01_collapse_report/assets/logo.png",
                "qc-filtering/bulk-qc-filtering/04-collapse-duplicates/Sample01_collapse_report/assets/style.css",
                "qc-filtering/bulk-qc-filtering/04-collapse-duplicates/Sample01_collapse_report/index.html",
                "qc-filtering/bulk-qc-filtering/04-collapse-duplicates/Sample01_collapse_report/params.RData",
                "qc-filtering/bulk-qc-filtering/04-collapse-duplicates/Sample01_collapse_report/reference-keys.txt",
                "qc-filtering/bulk-qc-filtering/04-collapse-duplicates/Sample01_collapse_report/repertoires",
                "qc-filtering/bulk-qc-filtering/04-collapse-duplicates/Sample01_collapse_report/repertoires/Sample01_Sample01_collapse-pass.tsv",
                "qc-filtering/bulk-qc-filtering/04-collapse-duplicates/Sample01_collapse_report/search_index.json",
                "repertoire_comparison",
                "repertoire_comparison/Sequence_numbers_summary",
                "repertoire_comparison/Sequence_numbers_summary/Table_sequences_assembled.tsv",
                "repertoire_comparison/V_family",
                "repertoire_comparison/V_family/V_Family_distribution_patient.pdf",
                "repertoire_comparison/V_family/V_Family_distribution_patient.png",
                "repertoire_comparison/V_family/V_family_distribution_data.tsv",
                "repertoire_comparison/V_family/V_gene_distribution_by_sequence_data.tsv",
                "repertoire_comparison/V_family/V_gene_distribution_by_sequence_patient.pdf",
                "repertoire_comparison/V_family/V_gene_distribution_by_sequence_patient.png",
                "report_file_size",
                "report_file_size/file_size_report",
                "report_file_size/file_size_report/assets",
                "report_file_size/file_size_report/assets/logo.png",
                "report_file_size/file_size_report/assets/style.css",
                "report_file_size/file_size_report/ggplots",
                "report_file_size/file_size_report/ggplots/Sample01_parse-select_sequences.RData",
                "report_file_size/file_size_report/ggplots/sequence_count_plot.RData",
                "report_file_size/file_size_report/index.html",
                "report_file_size/file_size_report/params.RData",
                "report_file_size/file_size_report/reference-keys.txt",
                "report_file_size/file_size_report/search_index.json",
                "report_file_size/file_size_report/tables",
                "report_file_size/file_size_report/tables/Sample01_parse-select_sequences.tsv",
                "report_file_size/file_size_report/tables/log_data.tsv",
                "trust4",
                "trust4/Sample01_airr.tsv",
                "trust4/Sample01_airr_align.tsv",
                "trust4/Sample01_annot.fa",
                "trust4/Sample01_assembled_reads.fa",
                "trust4/Sample01_cdr3.out",
                "trust4/Sample01_final.out",
                "trust4/Sample01_raw.out",
                "trust4/Sample01_report.tsv",
                "trust4/Sample01_toassemble_1.fq",
                "trust4/Sample01_toassemble_2.fq",
                "vdj_annotation",
                "vdj_annotation/01-assign-genes",
                "vdj_annotation/01-assign-genes/Sample01",
                "vdj_annotation/01-assign-genes/Sample01/Sample01_changeo_assigngenes_command_log.txt",
                "vdj_annotation/01-assign-genes/Sample01/Sample01_igblast.fmt7",
                "vdj_annotation/01-assign-genes/Sample01/Sample01_parse-select_sequences.fasta",
                "vdj_annotation/02-make-db",
                "vdj_annotation/02-make-db/Sample01",
                "vdj_annotation/02-make-db/Sample01/Sample01_db-pass.tsv",
                "vdj_annotation/02-make-db/Sample01/Sample01_makedb_command_log.txt",
                "vdj_annotation/03-quality-filter",
                "vdj_annotation/03-quality-filter/Sample01",
                "vdj_annotation/03-quality-filter/Sample01/Sample01_fq_command_log.txt",
                "vdj_annotation/03-quality-filter/Sample01/Sample01_quality-pass.tsv",
                "vdj_annotation/04-select-productive",
                "vdj_annotation/04-select-productive/Sample01",
                "vdj_annotation/04-select-productive/Sample01/Sample01_productive-F.tsv",
                "vdj_annotation/04-select-productive/Sample01/Sample01_productive-T.tsv",
                "vdj_annotation/04-select-productive/Sample01/Sample01_split_command_log.txt",
                "vdj_annotation/05-select-junction-mod3",
                "vdj_annotation/05-select-junction-mod3/Sample01",
                "vdj_annotation/05-select-junction-mod3/Sample01/Sample01_jmod3_command_log.txt",
                "vdj_annotation/05-select-junction-mod3/Sample01/Sample01_junction-pass.tsv",
                "vdj_annotation/06-annotate-metadata",
                "vdj_annotation/06-annotate-metadata/Sample01",
                "vdj_annotation/06-annotate-metadata/Sample01/Sample01_add-meta_command_log.txt",
                "vdj_annotation/06-annotate-metadata/Sample01/Sample01_meta-pass.tsv",
                "vdj_annotation/convert-db",
                "vdj_annotation/convert-db/Sample01",
                "vdj_annotation/convert-db/Sample01/Sample01_convertdb_command_log.txt",
                "vdj_annotation/convert-db/Sample01/Sample01_parse-select_sequences.fasta",
                "vdj_annotation/select-locus",
                "vdj_annotation/select-locus/Sample01",
                "vdj_annotation/select-locus/Sample01/Sample01_parse-select.tsv",
                "vdj_annotation/select-locus/Sample01/Sample01_select_command_log.txt"
            ],
            [
                "Patient01_clone_command_log.txt:md5,b489c9c5f17c2341459f29a4c7210137",
                "style.css:md5,d0833d790556369103776a429102fedf",
                "all_reps_clone_command_log.txt:md5,b7de5b2a24ac81c68428f1c598a9e3ac",
                "style.css:md5,d0833d790556369103776a429102fedf",
                "style.css:md5,d0833d790556369103776a429102fedf",
                "all_reps_threshold_command_log.txt:md5,3eff46ec7b82afa94f532ebd47f81482",
                "multiqc_citations.txt:md5,d35df50e9903a96a2b3bce3c1fbc8ad2",
                "multiqc_fastp.txt:md5,a015e81113c7b8d1fa914cabd8552e06",
                "multiqc_general_stats.txt:md5,83c841dc870276672d0321d5c3796216",
                "trust4_reference.fa:md5,a2bd1e99b52d42c49776f55aef6cb00c",
                "Sample01_collapse_command_log.txt:md5,9c7498cb48567d26d976f930e061c372",
                "style.css:md5,d0833d790556369103776a429102fedf",
                "style.css:md5,d0833d790556369103776a429102fedf",
                "Sample01_annot.fa:md5,a6a0c19ca412846322e8e24d4292088d",
                "Sample01_assembled_reads.fa:md5,886a1b1d2367b8eec15debf601000c45",
                "Sample01_cdr3.out:md5,9361611ec282e8a6fd49315e97c5d549",
                "Sample01_final.out:md5,721f7ddd80e538ab4cc1eece3f7eedfb",
                "Sample01_raw.out:md5,a3dc8b68ee07bbaa203aecaef58ff586",
                "Sample01_toassemble_1.fq:md5,9732cb6fb019e8212862db4a989f0e16",
                "Sample01_toassemble_2.fq:md5,3db3768e3d8c7c486717fc8bd5715ba7",
                "Sample01_fq_command_log.txt:md5,ffbebb972c298e7a6f59d02fa7c0ad00",
                "Sample01_jmod3_command_log.txt:md5,107af13dffdb34d8753a77a40d60e90f",
                "Sample01_add-meta_command_log.txt:md5,7a2773fc319047679e67592e4e8bcfac"
            ],
            "Table_sequences_assembled.tsv:md5,ed13c90a4a6508a01e46de1592b5be6a"
        ],
        "meta": {
            "nf-test": "0.9.3",
            "nextflow": "26.04.1"
        },
        "timestamp": "2026-05-29T15:24:10.375255774"
    }
}