{
    "-profile test_tcr": {
        "content": [
            63,
            {
                "ADD_META_TO_TAB": {
                    "dplyr": "1.1.4",
                    "optparse": "1.7.5",
                    "R": "4.5.1"
                },
                "AIRRFLOW_REPORT": {
                    "alakazam": "1.3.1",
                    "shazam": "1.2.1",
                    "stringr": "1.5.2",
                    "dplyr": "1.1.4",
                    "knitr": 1.5,
                    "R": "4.5.1"
                },
                "CHANGEO_ASSIGNGENES": {
                    "igblastn": "1.22.0",
                    "changeo": "1.3.0"
                },
                "CHANGEO_MAKEDB": {
                    "igblastn": "1.22.0",
                    "changeo": "1.3.0"
                },
                "CHANGEO_PARSEDB_SPLIT": {
                    "changeo": "1.3.0"
                },
                "CLONAL_ASSIGNMENT_COMPUTE": {
                    "enchantr": "0.1.24"
                },
                "CLONAL_ASSIGNMENT_REPORT": {
                    "enchantr": "0.1.24"
                },
                "COLLAPSE_DUPLICATES": {
                    "enchantr": "0.1.24"
                },
                "FASTP": {
                    "fastp": "0.23.4"
                },
                "FASTQC_POSTASSEMBLY_UMI": {
                    "fastqc": "0.12.1"
                },
                "FILTER_JUNCTION_MOD3": {
                    "alakazam": "1.3.1",
                    "optparse": "1.7.5",
                    "airr": "1.5.0",
                    "R": "4.5.1"
                },
                "FILTER_QUALITY": {
                    "alakazam": "1.3.1",
                    "optparse": "1.7.5",
                    "stringi": "1.8.3",
                    "dplyr": "1.1.4",
                    "airr": "1.5.0",
                    "DT": "0.34.0",
                    "R": "4.5.1"
                },
                "GUNZIP_UMI": {
                    "gunzip": 1.1
                },
                "PARSE_LOGS": {
                    "python": "3.9.1",
                    "pandas": "1.1.5"
                },
                "PRESTO_ASSEMBLEPAIRS_UMI": {
                    "presto": "0.7.6"
                },
                "PRESTO_BUILDCONSENSUS_UMI": {
                    "presto": "0.7.6"
                },
                "PRESTO_CLUSTERSETS_UMI": {
                    "presto": "0.7.6",
                    "vsearch": "v2.30.0"
                },
                "PRESTO_COLLAPSESEQ_UMI": {
                    "presto": "0.7.6"
                },
                "PRESTO_FILTERSEQ_UMI": {
                    "presto": "0.7.6"
                },
                "PRESTO_MASKPRIMERS_SCORE_UMI_R1": {
                    "presto": "0.7.6"
                },
                "PRESTO_MASKPRIMERS_SCORE_UMI_R2": {
                    "presto": "0.7.6"
                },
                "PRESTO_PAIRSEQ_CLUSTERSETS": {
                    "presto": "0.7.6"
                },
                "PRESTO_PAIRSEQ_UMI": {
                    "presto": "0.7.6"
                },
                "PRESTO_PARSEHEADERS_COLLAPSE_UMI": {
                    "presto": "0.7.6"
                },
                "PRESTO_PARSEHEADERS_METADATA_UMI": {
                    "presto": "0.7.6"
                },
                "PRESTO_PARSEHEADERS_PRIMERS_UMI": {
                    "presto": "0.7.6"
                },
                "PRESTO_PARSE_CLUSTER_UMI": {
                    "presto": "0.7.6"
                },
                "PRESTO_POSTCONSENSUS_PAIRSEQ_UMI": {
                    "presto": "0.7.6"
                },
                "PRESTO_SPLITSEQ_UMI": {
                    "presto": "0.7.6"
                },
                "REPORT_FILE_SIZE": {
                    "enchantr": "0.1.24"
                },
                "REPORT_THRESHOLD": {
                    "enchantr": "0.1.24"
                },
                "SAMPLESHEET_CHECK": {
                    "python": "3.9.1",
                    "pandas": "1.1.5"
                },
                "Workflow": {
                    "nf-core/airrflow": "v4.4dev"
                }
            },
            [
                "Airrflow_report.html",
                "clonal_analysis",
                "clonal_analysis/clonal_assignment",
                "clonal_analysis/clonal_assignment/Patient1_clone_report",
                "clonal_analysis/clonal_assignment/Patient1_clone_report/Patient1_clone_command_log.txt",
                "clonal_analysis/clonal_assignment/Patient1_clone_report/assets",
                "clonal_analysis/clonal_assignment/Patient1_clone_report/assets/logo.png",
                "clonal_analysis/clonal_assignment/Patient1_clone_report/assets/style.css",
                "clonal_analysis/clonal_assignment/Patient1_clone_report/index.html",
                "clonal_analysis/clonal_assignment/Patient1_clone_report/params.RData",
                "clonal_analysis/clonal_assignment/Patient1_clone_report/reference-keys.txt",
                "clonal_analysis/clonal_assignment/Patient1_clone_report/repertoires",
                "clonal_analysis/clonal_assignment/Patient1_clone_report/repertoires/Patient1__clone-pass.tsv",
                "clonal_analysis/clonal_assignment/Patient1_clone_report/search_index.json",
                "clonal_analysis/clonal_assignment/Patient1_clone_report/tables",
                "clonal_analysis/clonal_assignment/Patient1_clone_report/tables/clone_sizes_table.tsv",
                "clonal_analysis/clonal_assignment/Patient1_clone_report/tables/num_clones_table.tsv",
                "clonal_analysis/clonal_assignment/Patient2_clone_report",
                "clonal_analysis/clonal_assignment/Patient2_clone_report/Patient2_clone_command_log.txt",
                "clonal_analysis/clonal_assignment/Patient2_clone_report/assets",
                "clonal_analysis/clonal_assignment/Patient2_clone_report/assets/logo.png",
                "clonal_analysis/clonal_assignment/Patient2_clone_report/assets/style.css",
                "clonal_analysis/clonal_assignment/Patient2_clone_report/index.html",
                "clonal_analysis/clonal_assignment/Patient2_clone_report/params.RData",
                "clonal_analysis/clonal_assignment/Patient2_clone_report/reference-keys.txt",
                "clonal_analysis/clonal_assignment/Patient2_clone_report/repertoires",
                "clonal_analysis/clonal_assignment/Patient2_clone_report/repertoires/Patient2__clone-pass.tsv",
                "clonal_analysis/clonal_assignment/Patient2_clone_report/search_index.json",
                "clonal_analysis/clonal_assignment/Patient2_clone_report/tables",
                "clonal_analysis/clonal_assignment/Patient2_clone_report/tables/clone_sizes_table.tsv",
                "clonal_analysis/clonal_assignment/Patient2_clone_report/tables/num_clones_table.tsv",
                "clonal_analysis/clonal_assignment/all_reps_clone_report",
                "clonal_analysis/clonal_assignment/all_reps_clone_report/all_reps_clone_command_log.txt",
                "clonal_analysis/clonal_assignment/all_reps_clone_report/assets",
                "clonal_analysis/clonal_assignment/all_reps_clone_report/assets/logo.png",
                "clonal_analysis/clonal_assignment/all_reps_clone_report/assets/style.css",
                "clonal_analysis/clonal_assignment/all_reps_clone_report/index.html",
                "clonal_analysis/clonal_assignment/all_reps_clone_report/params.RData",
                "clonal_analysis/clonal_assignment/all_reps_clone_report/reference-keys.txt",
                "clonal_analysis/clonal_assignment/all_reps_clone_report/repertoires",
                "clonal_analysis/clonal_assignment/all_reps_clone_report/repertoires/Patient1__clone-pass.tsv",
                "clonal_analysis/clonal_assignment/all_reps_clone_report/repertoires/Patient2__clone-pass.tsv",
                "clonal_analysis/clonal_assignment/all_reps_clone_report/search_index.json",
                "clonal_analysis/clonal_assignment/all_reps_clone_report/tables",
                "clonal_analysis/clonal_assignment/all_reps_clone_report/tables/clone_sizes_table.tsv",
                "clonal_analysis/clonal_assignment/all_reps_clone_report/tables/num_clones_table.tsv",
                "clonal_analysis/report_threshold",
                "clonal_analysis/report_threshold/all_reps_dist_report",
                "clonal_analysis/report_threshold/all_reps_dist_report/assets",
                "clonal_analysis/report_threshold/all_reps_dist_report/assets/logo.png",
                "clonal_analysis/report_threshold/all_reps_dist_report/assets/style.css",
                "clonal_analysis/report_threshold/all_reps_dist_report/index.html",
                "clonal_analysis/report_threshold/all_reps_dist_report/params.RData",
                "clonal_analysis/report_threshold/all_reps_dist_report/reference-keys.txt",
                "clonal_analysis/report_threshold/all_reps_dist_report/search_index.json",
                "clonal_analysis/report_threshold/all_reps_dist_report/tables",
                "clonal_analysis/report_threshold/all_reps_dist_report/tables/all_reps_threshold-mean.tsv",
                "clonal_analysis/report_threshold/all_reps_threshold_command_log.txt",
                "fastp",
                "fastp/Sample1",
                "fastp/Sample1/Sample1.fastp.html",
                "fastp/Sample1/Sample1.fastp.json",
                "fastp/Sample1/Sample1.fastp.log",
                "fastp/Sample2",
                "fastp/Sample2/Sample2.fastp.html",
                "fastp/Sample2/Sample2.fastp.json",
                "fastp/Sample2/Sample2.fastp.log",
                "fastqc",
                "fastqc/postassembly",
                "fastqc/postassembly/Sample1_ASSEMBLED_fastqc.html",
                "fastqc/postassembly/Sample1_ASSEMBLED_fastqc.zip",
                "fastqc/postassembly/Sample2_ASSEMBLED_fastqc.html",
                "fastqc/postassembly/Sample2_ASSEMBLED_fastqc.zip",
                "multiqc",
                "multiqc/multiqc_data",
                "multiqc/multiqc_data/fastp-insert-size-plot.txt",
                "multiqc/multiqc_data/fastp-seq-content-gc-plot_Read_1_After_filtering.txt",
                "multiqc/multiqc_data/fastp-seq-content-gc-plot_Read_1_Before_filtering.txt",
                "multiqc/multiqc_data/fastp-seq-content-gc-plot_Read_2_After_filtering.txt",
                "multiqc/multiqc_data/fastp-seq-content-gc-plot_Read_2_Before_filtering.txt",
                "multiqc/multiqc_data/fastp-seq-content-n-plot_Read_1_After_filtering.txt",
                "multiqc/multiqc_data/fastp-seq-content-n-plot_Read_1_Before_filtering.txt",
                "multiqc/multiqc_data/fastp-seq-content-n-plot_Read_2_After_filtering.txt",
                "multiqc/multiqc_data/fastp-seq-content-n-plot_Read_2_Before_filtering.txt",
                "multiqc/multiqc_data/fastp-seq-quality-plot_Read_1_After_filtering.txt",
                "multiqc/multiqc_data/fastp-seq-quality-plot_Read_1_Before_filtering.txt",
                "multiqc/multiqc_data/fastp-seq-quality-plot_Read_2_After_filtering.txt",
                "multiqc/multiqc_data/fastp-seq-quality-plot_Read_2_Before_filtering.txt",
                "multiqc/multiqc_data/fastp_filtered_reads_plot.txt",
                "multiqc/multiqc_data/fastqc-1-status-check-heatmap.txt",
                "multiqc/multiqc_data/fastqc-1_overrepresented_sequences_plot.txt",
                "multiqc/multiqc_data/fastqc-1_per_base_n_content_plot.txt",
                "multiqc/multiqc_data/fastqc-1_per_base_sequence_quality_plot.txt",
                "multiqc/multiqc_data/fastqc-1_per_sequence_gc_content_plot_Counts.txt",
                "multiqc/multiqc_data/fastqc-1_per_sequence_gc_content_plot_Percentages.txt",
                "multiqc/multiqc_data/fastqc-1_per_sequence_quality_scores_plot.txt",
                "multiqc/multiqc_data/fastqc-1_sequence_counts_plot.txt",
                "multiqc/multiqc_data/fastqc-1_sequence_duplication_levels_plot.txt",
                "multiqc/multiqc_data/fastqc-1_top_overrepresented_sequences_table.txt",
                "multiqc/multiqc_data/fastqc_sequence_length_distribution_plot.txt",
                "multiqc/multiqc_data/llms-full.txt",
                "multiqc/multiqc_data/multiqc.log",
                "multiqc/multiqc_data/multiqc.parquet",
                "multiqc/multiqc_data/multiqc_citations.txt",
                "multiqc/multiqc_data/multiqc_data.json",
                "multiqc/multiqc_data/multiqc_fastp.txt",
                "multiqc/multiqc_data/multiqc_fastqc_fastqc-1.txt",
                "multiqc/multiqc_data/multiqc_general_stats.txt",
                "multiqc/multiqc_data/multiqc_software_versions.txt",
                "multiqc/multiqc_data/multiqc_sources.txt",
                "multiqc/multiqc_plots",
                "multiqc/multiqc_plots/pdf",
                "multiqc/multiqc_plots/pdf/fastp-insert-size-plot.pdf",
                "multiqc/multiqc_plots/pdf/fastp-seq-content-gc-plot_Read_1_After_filtering.pdf",
                "multiqc/multiqc_plots/pdf/fastp-seq-content-gc-plot_Read_1_Before_filtering.pdf",
                "multiqc/multiqc_plots/pdf/fastp-seq-content-gc-plot_Read_2_After_filtering.pdf",
                "multiqc/multiqc_plots/pdf/fastp-seq-content-gc-plot_Read_2_Before_filtering.pdf",
                "multiqc/multiqc_plots/pdf/fastp-seq-content-n-plot_Read_1_After_filtering.pdf",
                "multiqc/multiqc_plots/pdf/fastp-seq-content-n-plot_Read_1_Before_filtering.pdf",
                "multiqc/multiqc_plots/pdf/fastp-seq-content-n-plot_Read_2_After_filtering.pdf",
                "multiqc/multiqc_plots/pdf/fastp-seq-content-n-plot_Read_2_Before_filtering.pdf",
                "multiqc/multiqc_plots/pdf/fastp-seq-quality-plot_Read_1_After_filtering.pdf",
                "multiqc/multiqc_plots/pdf/fastp-seq-quality-plot_Read_1_Before_filtering.pdf",
                "multiqc/multiqc_plots/pdf/fastp-seq-quality-plot_Read_2_After_filtering.pdf",
                "multiqc/multiqc_plots/pdf/fastp-seq-quality-plot_Read_2_Before_filtering.pdf",
                "multiqc/multiqc_plots/pdf/fastp_filtered_reads_plot-cnt.pdf",
                "multiqc/multiqc_plots/pdf/fastp_filtered_reads_plot-pct.pdf",
                "multiqc/multiqc_plots/pdf/fastqc-1_overrepresented_sequences_plot.pdf",
                "multiqc/multiqc_plots/pdf/fastqc-1_per_base_n_content_plot.pdf",
                "multiqc/multiqc_plots/pdf/fastqc-1_per_base_sequence_quality_plot.pdf",
                "multiqc/multiqc_plots/pdf/fastqc-1_per_sequence_gc_content_plot_Counts.pdf",
                "multiqc/multiqc_plots/pdf/fastqc-1_per_sequence_gc_content_plot_Percentages.pdf",
                "multiqc/multiqc_plots/pdf/fastqc-1_per_sequence_quality_scores_plot.pdf",
                "multiqc/multiqc_plots/pdf/fastqc-1_sequence_counts_plot-cnt.pdf",
                "multiqc/multiqc_plots/pdf/fastqc-1_sequence_counts_plot-pct.pdf",
                "multiqc/multiqc_plots/pdf/fastqc-1_sequence_duplication_levels_plot.pdf",
                "multiqc/multiqc_plots/pdf/fastqc-1_top_overrepresented_sequences_table.pdf",
                "multiqc/multiqc_plots/pdf/fastqc_sequence_length_distribution_plot.pdf",
                "multiqc/multiqc_plots/png",
                "multiqc/multiqc_plots/png/fastp-insert-size-plot.png",
                "multiqc/multiqc_plots/png/fastp-seq-content-gc-plot_Read_1_After_filtering.png",
                "multiqc/multiqc_plots/png/fastp-seq-content-gc-plot_Read_1_Before_filtering.png",
                "multiqc/multiqc_plots/png/fastp-seq-content-gc-plot_Read_2_After_filtering.png",
                "multiqc/multiqc_plots/png/fastp-seq-content-gc-plot_Read_2_Before_filtering.png",
                "multiqc/multiqc_plots/png/fastp-seq-content-n-plot_Read_1_After_filtering.png",
                "multiqc/multiqc_plots/png/fastp-seq-content-n-plot_Read_1_Before_filtering.png",
                "multiqc/multiqc_plots/png/fastp-seq-content-n-plot_Read_2_After_filtering.png",
                "multiqc/multiqc_plots/png/fastp-seq-content-n-plot_Read_2_Before_filtering.png",
                "multiqc/multiqc_plots/png/fastp-seq-quality-plot_Read_1_After_filtering.png",
                "multiqc/multiqc_plots/png/fastp-seq-quality-plot_Read_1_Before_filtering.png",
                "multiqc/multiqc_plots/png/fastp-seq-quality-plot_Read_2_After_filtering.png",
                "multiqc/multiqc_plots/png/fastp-seq-quality-plot_Read_2_Before_filtering.png",
                "multiqc/multiqc_plots/png/fastp_filtered_reads_plot-cnt.png",
                "multiqc/multiqc_plots/png/fastp_filtered_reads_plot-pct.png",
                "multiqc/multiqc_plots/png/fastqc-1_overrepresented_sequences_plot.png",
                "multiqc/multiqc_plots/png/fastqc-1_per_base_n_content_plot.png",
                "multiqc/multiqc_plots/png/fastqc-1_per_base_sequence_quality_plot.png",
                "multiqc/multiqc_plots/png/fastqc-1_per_sequence_gc_content_plot_Counts.png",
                "multiqc/multiqc_plots/png/fastqc-1_per_sequence_gc_content_plot_Percentages.png",
                "multiqc/multiqc_plots/png/fastqc-1_per_sequence_quality_scores_plot.png",
                "multiqc/multiqc_plots/png/fastqc-1_sequence_counts_plot-cnt.png",
                "multiqc/multiqc_plots/png/fastqc-1_sequence_counts_plot-pct.png",
                "multiqc/multiqc_plots/png/fastqc-1_sequence_duplication_levels_plot.png",
                "multiqc/multiqc_plots/png/fastqc-1_top_overrepresented_sequences_table.png",
                "multiqc/multiqc_plots/png/fastqc_sequence_length_distribution_plot.png",
                "multiqc/multiqc_plots/svg",
                "multiqc/multiqc_plots/svg/fastp-insert-size-plot.svg",
                "multiqc/multiqc_plots/svg/fastp-seq-content-gc-plot_Read_1_After_filtering.svg",
                "multiqc/multiqc_plots/svg/fastp-seq-content-gc-plot_Read_1_Before_filtering.svg",
                "multiqc/multiqc_plots/svg/fastp-seq-content-gc-plot_Read_2_After_filtering.svg",
                "multiqc/multiqc_plots/svg/fastp-seq-content-gc-plot_Read_2_Before_filtering.svg",
                "multiqc/multiqc_plots/svg/fastp-seq-content-n-plot_Read_1_After_filtering.svg",
                "multiqc/multiqc_plots/svg/fastp-seq-content-n-plot_Read_1_Before_filtering.svg",
                "multiqc/multiqc_plots/svg/fastp-seq-content-n-plot_Read_2_After_filtering.svg",
                "multiqc/multiqc_plots/svg/fastp-seq-content-n-plot_Read_2_Before_filtering.svg",
                "multiqc/multiqc_plots/svg/fastp-seq-quality-plot_Read_1_After_filtering.svg",
                "multiqc/multiqc_plots/svg/fastp-seq-quality-plot_Read_1_Before_filtering.svg",
                "multiqc/multiqc_plots/svg/fastp-seq-quality-plot_Read_2_After_filtering.svg",
                "multiqc/multiqc_plots/svg/fastp-seq-quality-plot_Read_2_Before_filtering.svg",
                "multiqc/multiqc_plots/svg/fastp_filtered_reads_plot-cnt.svg",
                "multiqc/multiqc_plots/svg/fastp_filtered_reads_plot-pct.svg",
                "multiqc/multiqc_plots/svg/fastqc-1_overrepresented_sequences_plot.svg",
                "multiqc/multiqc_plots/svg/fastqc-1_per_base_n_content_plot.svg",
                "multiqc/multiqc_plots/svg/fastqc-1_per_base_sequence_quality_plot.svg",
                "multiqc/multiqc_plots/svg/fastqc-1_per_sequence_gc_content_plot_Counts.svg",
                "multiqc/multiqc_plots/svg/fastqc-1_per_sequence_gc_content_plot_Percentages.svg",
                "multiqc/multiqc_plots/svg/fastqc-1_per_sequence_quality_scores_plot.svg",
                "multiqc/multiqc_plots/svg/fastqc-1_sequence_counts_plot-cnt.svg",
                "multiqc/multiqc_plots/svg/fastqc-1_sequence_counts_plot-pct.svg",
                "multiqc/multiqc_plots/svg/fastqc-1_sequence_duplication_levels_plot.svg",
                "multiqc/multiqc_plots/svg/fastqc-1_top_overrepresented_sequences_table.svg",
                "multiqc/multiqc_plots/svg/fastqc_sequence_length_distribution_plot.svg",
                "multiqc/multiqc_report.html",
                "parsed_logs",
                "parsed_logs/Table_all_details_assemble_mates.tsv",
                "parsed_logs/Table_all_details_build_consensus.tsv",
                "parsed_logs/Table_all_details_cluster_sets.tsv",
                "parsed_logs/Table_all_details_deduplicate.tsv",
                "parsed_logs/Table_all_details_filter_quality.tsv",
                "parsed_logs/Table_all_details_igblast.tsv",
                "parsed_logs/Table_all_details_mask_primers.tsv",
                "parsed_logs/Table_all_details_paired.tsv",
                "parsed_logs/Table_all_details_repaired.tsv",
                "parsed_logs/Table_sequences_process.tsv",
                "pipeline_info",
                "pipeline_info/nf_core_airrflow_software_mqc_versions.yml",
                "pipeline_info/samplesheet.valid.tsv",
                "presto",
                "presto/01-filterseq",
                "presto/01-filterseq/Sample1",
                "presto/01-filterseq/Sample1/Sample1_R1_R1_table.tab",
                "presto/01-filterseq/Sample1/Sample1_R2_R2_table.tab",
                "presto/01-filterseq/Sample1/Sample1_command_log_R1.txt",
                "presto/01-filterseq/Sample1/Sample1_command_log_R2.txt",
                "presto/01-filterseq/Sample2",
                "presto/01-filterseq/Sample2/Sample2_R1_R1_table.tab",
                "presto/01-filterseq/Sample2/Sample2_R2_R2_table.tab",
                "presto/01-filterseq/Sample2/Sample2_command_log_R1.txt",
                "presto/01-filterseq/Sample2/Sample2_command_log_R2.txt",
                "presto/02-maskprimers",
                "presto/02-maskprimers/Sample1",
                "presto/02-maskprimers/Sample1/Sample1_R1_table.tab",
                "presto/02-maskprimers/Sample1/Sample1_R2_table.tab",
                "presto/02-maskprimers/Sample1/Sample1_command_log_R1.txt",
                "presto/02-maskprimers/Sample1/Sample1_command_log_R2.txt",
                "presto/02-maskprimers/Sample2",
                "presto/02-maskprimers/Sample2/Sample2_R1_table.tab",
                "presto/02-maskprimers/Sample2/Sample2_R2_table.tab",
                "presto/02-maskprimers/Sample2/Sample2_command_log_R1.txt",
                "presto/02-maskprimers/Sample2/Sample2_command_log_R2.txt",
                "presto/03-pairseq",
                "presto/03-pairseq/Sample1",
                "presto/03-pairseq/Sample1/Sample1_command_log.txt",
                "presto/03-pairseq/Sample2",
                "presto/03-pairseq/Sample2/Sample2_command_log.txt",
                "presto/04-clustersets",
                "presto/04-clustersets/Sample1",
                "presto/04-clustersets/Sample1/Sample1_R1_table.tab",
                "presto/04-clustersets/Sample1/Sample1_R2_table.tab",
                "presto/04-clustersets/Sample1/Sample1_command_log.txt",
                "presto/04-clustersets/Sample2",
                "presto/04-clustersets/Sample2/Sample2_R1_table.tab",
                "presto/04-clustersets/Sample2/Sample2_R2_table.tab",
                "presto/04-clustersets/Sample2/Sample2_command_log.txt",
                "presto/05-parse-clusters",
                "presto/05-parse-clusters/Sample1",
                "presto/05-parse-clusters/Sample1/Sample1_command_log.txt",
                "presto/05-parse-clusters/Sample2",
                "presto/05-parse-clusters/Sample2/Sample2_command_log.txt",
                "presto/06-build-consensus",
                "presto/06-build-consensus/Sample1",
                "presto/06-build-consensus/Sample1/Sample1_R1_table.tab",
                "presto/06-build-consensus/Sample1/Sample1_R2_table.tab",
                "presto/06-build-consensus/Sample1/Sample1_command_log.txt",
                "presto/06-build-consensus/Sample2",
                "presto/06-build-consensus/Sample2/Sample2_R1_table.tab",
                "presto/06-build-consensus/Sample2/Sample2_R2_table.tab",
                "presto/06-build-consensus/Sample2/Sample2_command_log.txt",
                "presto/07-postconsensus-pairseq",
                "presto/07-postconsensus-pairseq/Sample1",
                "presto/07-postconsensus-pairseq/Sample1/Sample1_command_log.txt",
                "presto/07-postconsensus-pairseq/Sample2",
                "presto/07-postconsensus-pairseq/Sample2/Sample2_command_log.txt",
                "presto/08-assemble-pairs",
                "presto/08-assemble-pairs/Sample1",
                "presto/08-assemble-pairs/Sample1/Sample1_command_log.txt",
                "presto/08-assemble-pairs/Sample1/Sample1_table.tab",
                "presto/08-assemble-pairs/Sample2",
                "presto/08-assemble-pairs/Sample2/Sample2_command_log.txt",
                "presto/08-assemble-pairs/Sample2/Sample2_table.tab",
                "presto/09-collapseseq",
                "presto/09-collapseseq/Sample1",
                "presto/09-collapseseq/Sample1/Sample1_command_log.txt",
                "presto/09-collapseseq/Sample1/Sample1_table.tab",
                "presto/09-collapseseq/Sample2",
                "presto/09-collapseseq/Sample2/Sample2_command_log.txt",
                "presto/09-collapseseq/Sample2/Sample2_table.tab",
                "presto/10-splitseq",
                "presto/10-splitseq/Sample1",
                "presto/10-splitseq/Sample1/Sample1_command_log.txt",
                "presto/10-splitseq/Sample2",
                "presto/10-splitseq/Sample2/Sample2_command_log.txt",
                "qc-filtering",
                "qc-filtering/bulk-qc-filtering",
                "qc-filtering/bulk-qc-filtering/04-collapse-duplicates",
                "qc-filtering/bulk-qc-filtering/04-collapse-duplicates/Sample1_collapse_command_log.txt",
                "qc-filtering/bulk-qc-filtering/04-collapse-duplicates/Sample1_collapse_report",
                "qc-filtering/bulk-qc-filtering/04-collapse-duplicates/Sample1_collapse_report/assets",
                "qc-filtering/bulk-qc-filtering/04-collapse-duplicates/Sample1_collapse_report/assets/logo.png",
                "qc-filtering/bulk-qc-filtering/04-collapse-duplicates/Sample1_collapse_report/assets/style.css",
                "qc-filtering/bulk-qc-filtering/04-collapse-duplicates/Sample1_collapse_report/index.html",
                "qc-filtering/bulk-qc-filtering/04-collapse-duplicates/Sample1_collapse_report/params.RData",
                "qc-filtering/bulk-qc-filtering/04-collapse-duplicates/Sample1_collapse_report/reference-keys.txt",
                "qc-filtering/bulk-qc-filtering/04-collapse-duplicates/Sample1_collapse_report/repertoires",
                "qc-filtering/bulk-qc-filtering/04-collapse-duplicates/Sample1_collapse_report/repertoires/Sample1_Sample1_collapse-pass.tsv",
                "qc-filtering/bulk-qc-filtering/04-collapse-duplicates/Sample1_collapse_report/search_index.json",
                "qc-filtering/bulk-qc-filtering/04-collapse-duplicates/Sample2_collapse_command_log.txt",
                "qc-filtering/bulk-qc-filtering/04-collapse-duplicates/Sample2_collapse_report",
                "qc-filtering/bulk-qc-filtering/04-collapse-duplicates/Sample2_collapse_report/assets",
                "qc-filtering/bulk-qc-filtering/04-collapse-duplicates/Sample2_collapse_report/assets/logo.png",
                "qc-filtering/bulk-qc-filtering/04-collapse-duplicates/Sample2_collapse_report/assets/style.css",
                "qc-filtering/bulk-qc-filtering/04-collapse-duplicates/Sample2_collapse_report/index.html",
                "qc-filtering/bulk-qc-filtering/04-collapse-duplicates/Sample2_collapse_report/params.RData",
                "qc-filtering/bulk-qc-filtering/04-collapse-duplicates/Sample2_collapse_report/reference-keys.txt",
                "qc-filtering/bulk-qc-filtering/04-collapse-duplicates/Sample2_collapse_report/repertoires",
                "qc-filtering/bulk-qc-filtering/04-collapse-duplicates/Sample2_collapse_report/repertoires/Sample2_Sample2_collapse-pass.tsv",
                "qc-filtering/bulk-qc-filtering/04-collapse-duplicates/Sample2_collapse_report/search_index.json",
                "repertoire_comparison",
                "repertoire_comparison/Sequence_numbers_summary",
                "repertoire_comparison/Sequence_numbers_summary/Table_sequences_assembled.tsv",
                "repertoire_comparison/Sequence_numbers_summary/Table_sequences_assembly.tsv",
                "repertoire_comparison/V_family",
                "repertoire_comparison/V_family/V_Family_distribution_patient.pdf",
                "repertoire_comparison/V_family/V_Family_distribution_patient.png",
                "repertoire_comparison/V_family/V_family_distribution_data.tsv",
                "repertoire_comparison/V_family/V_gene_distribution_by_sequence_data.tsv",
                "repertoire_comparison/V_family/V_gene_distribution_by_sequence_patient.pdf",
                "repertoire_comparison/V_family/V_gene_distribution_by_sequence_patient.png",
                "report_file_size",
                "report_file_size/file_size_report",
                "report_file_size/file_size_report/assets",
                "report_file_size/file_size_report/assets/logo.png",
                "report_file_size/file_size_report/assets/style.css",
                "report_file_size/file_size_report/ggplots",
                "report_file_size/file_size_report/ggplots/Sample1_atleast-2.RData",
                "report_file_size/file_size_report/ggplots/Sample2_atleast-2.RData",
                "report_file_size/file_size_report/ggplots/sequence_count_plot.RData",
                "report_file_size/file_size_report/index.html",
                "report_file_size/file_size_report/params.RData",
                "report_file_size/file_size_report/reference-keys.txt",
                "report_file_size/file_size_report/search_index.json",
                "report_file_size/file_size_report/tables",
                "report_file_size/file_size_report/tables/Sample1_atleast-2.tsv",
                "report_file_size/file_size_report/tables/Sample2_atleast-2.tsv",
                "report_file_size/file_size_report/tables/log_data.tsv",
                "vdj_annotation",
                "vdj_annotation/01-assign-genes",
                "vdj_annotation/01-assign-genes/Sample1",
                "vdj_annotation/01-assign-genes/Sample1/Sample1_atleast-2.fasta",
                "vdj_annotation/01-assign-genes/Sample1/Sample1_changeo_assigngenes_command_log.txt",
                "vdj_annotation/01-assign-genes/Sample1/Sample1_igblast.fmt7",
                "vdj_annotation/01-assign-genes/Sample2",
                "vdj_annotation/01-assign-genes/Sample2/Sample2_atleast-2.fasta",
                "vdj_annotation/01-assign-genes/Sample2/Sample2_changeo_assigngenes_command_log.txt",
                "vdj_annotation/01-assign-genes/Sample2/Sample2_igblast.fmt7",
                "vdj_annotation/02-make-db",
                "vdj_annotation/02-make-db/Sample1",
                "vdj_annotation/02-make-db/Sample1/Sample1_db-pass.tsv",
                "vdj_annotation/02-make-db/Sample1/Sample1_makedb_command_log.txt",
                "vdj_annotation/02-make-db/Sample2",
                "vdj_annotation/02-make-db/Sample2/Sample2_db-pass.tsv",
                "vdj_annotation/02-make-db/Sample2/Sample2_makedb_command_log.txt",
                "vdj_annotation/03-quality-filter",
                "vdj_annotation/03-quality-filter/Sample1",
                "vdj_annotation/03-quality-filter/Sample1/Sample1_fq_command_log.txt",
                "vdj_annotation/03-quality-filter/Sample1/Sample1_quality-pass.tsv",
                "vdj_annotation/03-quality-filter/Sample2",
                "vdj_annotation/03-quality-filter/Sample2/Sample2_fq_command_log.txt",
                "vdj_annotation/03-quality-filter/Sample2/Sample2_quality-pass.tsv",
                "vdj_annotation/04-select-productive",
                "vdj_annotation/04-select-productive/Sample1",
                "vdj_annotation/04-select-productive/Sample1/Sample1_productive-F.tsv",
                "vdj_annotation/04-select-productive/Sample1/Sample1_productive-T.tsv",
                "vdj_annotation/04-select-productive/Sample1/Sample1_split_command_log.txt",
                "vdj_annotation/04-select-productive/Sample2",
                "vdj_annotation/04-select-productive/Sample2/Sample2_productive-F.tsv",
                "vdj_annotation/04-select-productive/Sample2/Sample2_productive-T.tsv",
                "vdj_annotation/04-select-productive/Sample2/Sample2_split_command_log.txt",
                "vdj_annotation/05-select-junction-mod3",
                "vdj_annotation/05-select-junction-mod3/Sample1",
                "vdj_annotation/05-select-junction-mod3/Sample1/Sample1_jmod3_command_log.txt",
                "vdj_annotation/05-select-junction-mod3/Sample1/Sample1_junction-pass.tsv",
                "vdj_annotation/05-select-junction-mod3/Sample2",
                "vdj_annotation/05-select-junction-mod3/Sample2/Sample2_jmod3_command_log.txt",
                "vdj_annotation/05-select-junction-mod3/Sample2/Sample2_junction-pass.tsv",
                "vdj_annotation/06-annotate-metadata",
                "vdj_annotation/06-annotate-metadata/Sample1",
                "vdj_annotation/06-annotate-metadata/Sample1/Sample1_add-meta_command_log.txt",
                "vdj_annotation/06-annotate-metadata/Sample1/Sample1_meta-pass.tsv",
                "vdj_annotation/06-annotate-metadata/Sample2",
                "vdj_annotation/06-annotate-metadata/Sample2/Sample2_add-meta_command_log.txt",
                "vdj_annotation/06-annotate-metadata/Sample2/Sample2_meta-pass.tsv"
            ],
            [
                "Patient1_clone_command_log.txt:md5,79d2ebc27a890753bf9b329917485a58",
                "style.css:md5,d0833d790556369103776a429102fedf",
                "Patient2_clone_command_log.txt:md5,6ea99de4ee56f20a50674b330eb8a5e4",
                "style.css:md5,d0833d790556369103776a429102fedf",
                "all_reps_clone_command_log.txt:md5,9fc4198d0626ce47ae4fbd7a81004c04",
                "style.css:md5,d0833d790556369103776a429102fedf",
                "style.css:md5,d0833d790556369103776a429102fedf",
                "all_reps_threshold_command_log.txt:md5,55715f61d6eae305c67956037e2bdc60",
                "multiqc_citations.txt:md5,d35df50e9903a96a2b3bce3c1fbc8ad2",
                "multiqc_fastp.txt:md5,38703a7dacd7ee4fe61851b1c5007528",
                "multiqc_fastqc_fastqc-1.txt:md5,60cde1beac3b5cee601b9887f7685b4f",
                "multiqc_general_stats.txt:md5,ed8c37b6a9bfef0c1f2ab8214e5a9e79",
                "Sample1_collapse_command_log.txt:md5,698a875db6baa94f76abead31a1e4356",
                "style.css:md5,d0833d790556369103776a429102fedf",
                "Sample2_collapse_command_log.txt:md5,6e8089ac50103566ec474354076d08f7",
                "style.css:md5,d0833d790556369103776a429102fedf",
                "style.css:md5,d0833d790556369103776a429102fedf",
                "Sample1_fq_command_log.txt:md5,9c20324dbc2f8742db1bbe0d630e2ab0",
                "Sample2_fq_command_log.txt:md5,f2acbbf51d02a65b84a4d34bc76db8e6",
                "Sample1_jmod3_command_log.txt:md5,7eb717008f13682900f0e5b959a73bef",
                "Sample2_jmod3_command_log.txt:md5,5d4aa0789bb6add1edb86aaf645df16c",
                "Sample1_add-meta_command_log.txt:md5,dd8f7f63b6264b1002ba044cf0ffbda7",
                "Sample2_add-meta_command_log.txt:md5,eba21567ffc584dd454402ec524fbe2f"
            ],
            "Table_sequences_assembled.tsv:md5,b772b1d8da1ab5ca4f3991705a43bb57",
            "Table_sequences_assembly.tsv:md5,7b002dc0bade87b497660240fd8c78c7"
        ],
        "meta": {
            "nf-test": "0.9.3",
            "nextflow": "25.04.8"
        },
        "timestamp": "2025-11-25T16:34:54.395595249"
    }
}