{
    "-profile test_10x_sc": {
        "content": [
            20,
            {
                "ADD_META_TO_TAB": {
                    "dplyr": "1.1.4",
                    "optparse": "1.7.5",
                    "R": "4.5.1"
                },
                "AIRRFLOW_REPORT": {
                    "alakazam": "1.3.1",
                    "shazam": "1.2.1",
                    "stringr": "1.5.2",
                    "dplyr": "1.1.4",
                    "knitr": 1.5,
                    "R": "4.5.1"
                },
                "CELLRANGER_VDJ": {
                    "cellranger": "8.0.0"
                },
                "CHANGEO_ASSIGNGENES": {
                    "igblastn": "1.22.0",
                    "changeo": "1.3.0"
                },
                "CHANGEO_CONVERTDB_FASTA_FROM_AIRR": {
                    "igblastn": "1.22.0",
                    "changeo": "1.3.0"
                },
                "CHANGEO_MAKEDB": {
                    "igblastn": "1.22.0",
                    "changeo": "1.3.0"
                },
                "CHANGEO_PARSEDB_SPLIT": {
                    "changeo": "1.3.0"
                },
                "CLONAL_ASSIGNMENT_COMPUTE": {
                    "enchantr": "0.1.24"
                },
                "CLONAL_ASSIGNMENT_REPORT": {
                    "enchantr": "0.1.24"
                },
                "FILTER_JUNCTION_MOD3": {
                    "alakazam": "1.3.1",
                    "optparse": "1.7.5",
                    "airr": "1.5.0",
                    "R": "4.5.1"
                },
                "FILTER_QUALITY": {
                    "alakazam": "1.3.1",
                    "optparse": "1.7.5",
                    "stringi": "1.8.3",
                    "dplyr": "1.1.4",
                    "airr": "1.5.0",
                    "DT": "0.34.0",
                    "R": "4.5.1"
                },
                "REPORT_FILE_SIZE": {
                    "enchantr": "0.1.24"
                },
                "REPORT_THRESHOLD": {
                    "enchantr": "0.1.24"
                },
                "SAMPLESHEET_CHECK": {
                    "python": "3.9.1",
                    "pandas": "1.1.5"
                },
                "SINGLE_CELL_QC": {
                    "enchantr": "0.1.24"
                },
                "UNZIP_CELLRANGERDB": {
                    "unzip_cellrangerdb": null
                },
                "Workflow": {
                    "nf-core/airrflow": "v4.4dev"
                }
            },
            [
                "Airrflow_report.html",
                "cellranger",
                "cellranger/Sample1",
                "cellranger/Sample1/outs",
                "cellranger/Sample1/outs/airr_rearrangement.tsv",
                "cellranger/Sample1/outs/all_contig.bam",
                "cellranger/Sample1/outs/all_contig.bam.bai",
                "cellranger/Sample1/outs/all_contig.fasta",
                "cellranger/Sample1/outs/all_contig.fasta.fai",
                "cellranger/Sample1/outs/all_contig.fastq",
                "cellranger/Sample1/outs/all_contig_annotations.bed",
                "cellranger/Sample1/outs/all_contig_annotations.csv",
                "cellranger/Sample1/outs/all_contig_annotations.json",
                "cellranger/Sample1/outs/cell_barcodes.json",
                "cellranger/Sample1/outs/clonotypes.csv",
                "cellranger/Sample1/outs/concat_ref.bam",
                "cellranger/Sample1/outs/concat_ref.bam.bai",
                "cellranger/Sample1/outs/concat_ref.fasta",
                "cellranger/Sample1/outs/concat_ref.fasta.fai",
                "cellranger/Sample1/outs/consensus.bam",
                "cellranger/Sample1/outs/consensus.bam.bai",
                "cellranger/Sample1/outs/consensus.fasta",
                "cellranger/Sample1/outs/consensus.fasta.fai",
                "cellranger/Sample1/outs/consensus_annotations.csv",
                "cellranger/Sample1/outs/donor_regions.fa",
                "cellranger/Sample1/outs/filtered_contig.fasta",
                "cellranger/Sample1/outs/filtered_contig.fastq",
                "cellranger/Sample1/outs/filtered_contig_annotations.csv",
                "cellranger/Sample1/outs/metrics_summary.csv",
                "cellranger/Sample1/outs/vdj_contig_info.pb",
                "cellranger/Sample1/outs/vdj_reference",
                "cellranger/Sample1/outs/vdj_reference/fasta",
                "cellranger/Sample1/outs/vdj_reference/fasta/regions.fa",
                "cellranger/Sample1/outs/vdj_reference/reference.json",
                "cellranger/Sample1/outs/vloupe.vloupe",
                "cellranger/Sample1/outs/web_summary.html",
                "clonal_analysis",
                "clonal_analysis/clonal_assignment",
                "clonal_analysis/clonal_assignment/Patient1_clone_report",
                "clonal_analysis/clonal_assignment/Patient1_clone_report/Patient1_clone_command_log.txt",
                "clonal_analysis/clonal_assignment/Patient1_clone_report/assets",
                "clonal_analysis/clonal_assignment/Patient1_clone_report/assets/logo.png",
                "clonal_analysis/clonal_assignment/Patient1_clone_report/assets/style.css",
                "clonal_analysis/clonal_assignment/Patient1_clone_report/index.html",
                "clonal_analysis/clonal_assignment/Patient1_clone_report/params.RData",
                "clonal_analysis/clonal_assignment/Patient1_clone_report/reference-keys.txt",
                "clonal_analysis/clonal_assignment/Patient1_clone_report/repertoires",
                "clonal_analysis/clonal_assignment/Patient1_clone_report/repertoires/Patient1__clone-pass.tsv",
                "clonal_analysis/clonal_assignment/Patient1_clone_report/search_index.json",
                "clonal_analysis/clonal_assignment/Patient1_clone_report/tables",
                "clonal_analysis/clonal_assignment/Patient1_clone_report/tables/clone_sizes_table.tsv",
                "clonal_analysis/clonal_assignment/Patient1_clone_report/tables/num_clones_table.tsv",
                "clonal_analysis/clonal_assignment/all_reps_clone_report",
                "clonal_analysis/clonal_assignment/all_reps_clone_report/all_reps_clone_command_log.txt",
                "clonal_analysis/clonal_assignment/all_reps_clone_report/assets",
                "clonal_analysis/clonal_assignment/all_reps_clone_report/assets/logo.png",
                "clonal_analysis/clonal_assignment/all_reps_clone_report/assets/style.css",
                "clonal_analysis/clonal_assignment/all_reps_clone_report/index.html",
                "clonal_analysis/clonal_assignment/all_reps_clone_report/params.RData",
                "clonal_analysis/clonal_assignment/all_reps_clone_report/reference-keys.txt",
                "clonal_analysis/clonal_assignment/all_reps_clone_report/repertoires",
                "clonal_analysis/clonal_assignment/all_reps_clone_report/repertoires/Patient1__clone-pass.tsv",
                "clonal_analysis/clonal_assignment/all_reps_clone_report/search_index.json",
                "clonal_analysis/clonal_assignment/all_reps_clone_report/tables",
                "clonal_analysis/clonal_assignment/all_reps_clone_report/tables/clone_sizes_table.tsv",
                "clonal_analysis/clonal_assignment/all_reps_clone_report/tables/num_clones_table.tsv",
                "clonal_analysis/report_threshold",
                "clonal_analysis/report_threshold/all_reps_dist_report",
                "clonal_analysis/report_threshold/all_reps_dist_report/assets",
                "clonal_analysis/report_threshold/all_reps_dist_report/assets/logo.png",
                "clonal_analysis/report_threshold/all_reps_dist_report/assets/style.css",
                "clonal_analysis/report_threshold/all_reps_dist_report/index.html",
                "clonal_analysis/report_threshold/all_reps_dist_report/params.RData",
                "clonal_analysis/report_threshold/all_reps_dist_report/reference-keys.txt",
                "clonal_analysis/report_threshold/all_reps_dist_report/search_index.json",
                "clonal_analysis/report_threshold/all_reps_dist_report/tables",
                "clonal_analysis/report_threshold/all_reps_dist_report/tables/all_reps_threshold-mean.tsv",
                "clonal_analysis/report_threshold/all_reps_threshold_command_log.txt",
                "multiqc",
                "multiqc/multiqc_data",
                "multiqc/multiqc_data/llms-full.txt",
                "multiqc/multiqc_data/multiqc.log",
                "multiqc/multiqc_data/multiqc.parquet",
                "multiqc/multiqc_data/multiqc_citations.txt",
                "multiqc/multiqc_data/multiqc_data.json",
                "multiqc/multiqc_data/multiqc_software_versions.txt",
                "multiqc/multiqc_data/multiqc_sources.txt",
                "multiqc/multiqc_report.html",
                "pipeline_info",
                "pipeline_info/nf_core_airrflow_software_mqc_versions.yml",
                "pipeline_info/samplesheet.valid.tsv",
                "qc-filtering",
                "qc-filtering/single-cell-qc",
                "qc-filtering/single-cell-qc/all_reps_scqc_command_log.txt",
                "qc-filtering/single-cell-qc/all_reps_scqc_report",
                "qc-filtering/single-cell-qc/all_reps_scqc_report/assets",
                "qc-filtering/single-cell-qc/all_reps_scqc_report/assets/logo.png",
                "qc-filtering/single-cell-qc/all_reps_scqc_report/assets/style.css",
                "qc-filtering/single-cell-qc/all_reps_scqc_report/ggplots",
                "qc-filtering/single-cell-qc/all_reps_scqc_report/ggplots/p-seqs-per-cell.RData",
                "qc-filtering/single-cell-qc/all_reps_scqc_report/index.html",
                "qc-filtering/single-cell-qc/all_reps_scqc_report/params.RData",
                "qc-filtering/single-cell-qc/all_reps_scqc_report/reference-keys.txt",
                "qc-filtering/single-cell-qc/all_reps_scqc_report/repertoires",
                "qc-filtering/single-cell-qc/all_reps_scqc_report/repertoires/Sample1__scqc-pass.tsv",
                "qc-filtering/single-cell-qc/all_reps_scqc_report/search_index.json",
                "repertoire_comparison",
                "repertoire_comparison/Sequence_numbers_summary",
                "repertoire_comparison/Sequence_numbers_summary/Table_sequences_assembled.tsv",
                "repertoire_comparison/V_family",
                "repertoire_comparison/V_family/V_Family_distribution_patient.pdf",
                "repertoire_comparison/V_family/V_Family_distribution_patient.png",
                "repertoire_comparison/V_family/V_family_distribution_data.tsv",
                "repertoire_comparison/V_family/V_gene_distribution_by_sequence_data.tsv",
                "repertoire_comparison/V_family/V_gene_distribution_by_sequence_patient.pdf",
                "repertoire_comparison/V_family/V_gene_distribution_by_sequence_patient.png",
                "report_file_size",
                "report_file_size/file_size_report",
                "report_file_size/file_size_report/assets",
                "report_file_size/file_size_report/assets/logo.png",
                "report_file_size/file_size_report/assets/style.css",
                "report_file_size/file_size_report/ggplots",
                "report_file_size/file_size_report/ggplots/Sample1_sequences.RData",
                "report_file_size/file_size_report/ggplots/sequence_count_plot.RData",
                "report_file_size/file_size_report/index.html",
                "report_file_size/file_size_report/params.RData",
                "report_file_size/file_size_report/reference-keys.txt",
                "report_file_size/file_size_report/search_index.json",
                "report_file_size/file_size_report/tables",
                "report_file_size/file_size_report/tables/Sample1_sequences.tsv",
                "report_file_size/file_size_report/tables/log_data.tsv",
                "unzip",
                "unzip/refdata-cellranger-vdj-GRCh38-alts-ensembl-5.0.0",
                "unzip/refdata-cellranger-vdj-GRCh38-alts-ensembl-5.0.0/fasta",
                "unzip/refdata-cellranger-vdj-GRCh38-alts-ensembl-5.0.0/fasta/regions.fa",
                "unzip/refdata-cellranger-vdj-GRCh38-alts-ensembl-5.0.0/fasta/supp_regions.fa",
                "unzip/refdata-cellranger-vdj-GRCh38-alts-ensembl-5.0.0/reference.json",
                "vdj_annotation",
                "vdj_annotation/01-assign-genes",
                "vdj_annotation/01-assign-genes/Sample1",
                "vdj_annotation/01-assign-genes/Sample1/Sample1_changeo_assigngenes_command_log.txt",
                "vdj_annotation/01-assign-genes/Sample1/Sample1_igblast.fmt7",
                "vdj_annotation/01-assign-genes/Sample1/Sample1_sequences.fasta",
                "vdj_annotation/02-make-db",
                "vdj_annotation/02-make-db/Sample1",
                "vdj_annotation/02-make-db/Sample1/Sample1_db-pass.tsv",
                "vdj_annotation/02-make-db/Sample1/Sample1_makedb_command_log.txt",
                "vdj_annotation/03-quality-filter",
                "vdj_annotation/03-quality-filter/Sample1",
                "vdj_annotation/03-quality-filter/Sample1/Sample1_fq_command_log.txt",
                "vdj_annotation/03-quality-filter/Sample1/Sample1_quality-pass.tsv",
                "vdj_annotation/04-select-productive",
                "vdj_annotation/04-select-productive/Sample1",
                "vdj_annotation/04-select-productive/Sample1/Sample1_productive-T.tsv",
                "vdj_annotation/04-select-productive/Sample1/Sample1_split_command_log.txt",
                "vdj_annotation/05-select-junction-mod3",
                "vdj_annotation/05-select-junction-mod3/Sample1",
                "vdj_annotation/05-select-junction-mod3/Sample1/Sample1_jmod3_command_log.txt",
                "vdj_annotation/05-select-junction-mod3/Sample1/Sample1_junction-pass.tsv",
                "vdj_annotation/06-annotate-metadata",
                "vdj_annotation/06-annotate-metadata/Sample1",
                "vdj_annotation/06-annotate-metadata/Sample1/Sample1_add-meta_command_log.txt",
                "vdj_annotation/06-annotate-metadata/Sample1/Sample1_meta-pass.tsv",
                "vdj_annotation/convert-db",
                "vdj_annotation/convert-db/Sample1",
                "vdj_annotation/convert-db/Sample1/Sample1_convertdb_command_log.txt",
                "vdj_annotation/convert-db/Sample1/Sample1_sequences.fasta"
            ],
            [
                "all_contig.fasta.fai:md5,fff064ab164e7bb722b7bfbbeeb13677",
                "all_contig.fastq:md5,8116e4d7e82a3df8711ff0db11eeda4c",
                "all_contig_annotations.bed:md5,49028a9d0b98cdf25b221456ca86e49a",
                "all_contig_annotations.csv:md5,5b61c706acf1e0648f7aaca1d8043a4d",
                "clonotypes.csv:md5,bbab287f9e5e68d7fb4f7541e2497faf",
                "concat_ref.fasta.fai:md5,4a9f476df52e6ebe9368e1dd737be639",
                "consensus.fasta.fai:md5,697560da1871da151866b1e013b95699",
                "consensus_annotations.csv:md5,6259b8b8d2014ab1af348bda5df7ab48",
                "donor_regions.fa:md5,d41d8cd98f00b204e9800998ecf8427e",
                "filtered_contig.fastq:md5,4a6a518428ecd24b0e3ed30ecfa80f36",
                "filtered_contig_annotations.csv:md5,cbeea606b13681a888dc69e3bf0bbcf6",
                "metrics_summary.csv:md5,d621de844b1512bcc4e83b1787d6eaab",
                "vdj_contig_info.pb:md5,478dab842be5b6865a088e04b69bbaaa",
                "regions.fa:md5,1953406d913fb0fd753c6b56e847da83",
                "Patient1_clone_command_log.txt:md5,c845c438c035a70e5b01d7100dc07a9c",
                "style.css:md5,d0833d790556369103776a429102fedf",
                "all_reps_clone_command_log.txt:md5,a2196dc568533023a52852f10efb8ce3",
                "style.css:md5,d0833d790556369103776a429102fedf",
                "style.css:md5,d0833d790556369103776a429102fedf",
                "all_reps_threshold_command_log.txt:md5,929fdf4dbf9472d3dc2433e4916d2fd5",
                "multiqc_citations.txt:md5,4c806e63a283ec1b7e78cdae3a923d4f",
                "all_reps_scqc_command_log.txt:md5,75ab0f6296ba7605d520af5e74ba8788",
                "style.css:md5,d0833d790556369103776a429102fedf",
                "style.css:md5,d0833d790556369103776a429102fedf",
                "regions.fa:md5,1953406d913fb0fd753c6b56e847da83",
                "supp_regions.fa:md5,70bd8e62f963ee1d1d0733794e2f523e",
                "Sample1_fq_command_log.txt:md5,681ae237c9b28a23695ee57745d3f0fc",
                "Sample1_jmod3_command_log.txt:md5,a5367f27524a90c89df50d2a4c5009c3",
                "Sample1_add-meta_command_log.txt:md5,408220585e5a54ca839471794f5e9ae5"
            ],
            "Table_sequences_assembled.tsv:md5,3a75dcfb427de7a4f15617aed91bb5ad"
        ],
        "meta": {
            "nf-test": "0.9.3",
            "nextflow": "25.04.8"
        },
        "timestamp": "2025-11-04T13:28:41.476410748"
    }
}