{
    "-profile test_no_umi": {
        "content": [
            28,
            {
                "ADD_META_TO_TAB": {
                    "dplyr": "1.1.4",
                    "optparse": "1.7.5",
                    "R": "4.5.1"
                },
                "AIRRFLOW_REPORT": {
                    "alakazam": "1.3.1",
                    "shazam": "1.2.1",
                    "stringr": "1.5.2",
                    "dplyr": "1.1.4",
                    "knitr": 1.5,
                    "R": "4.5.1"
                },
                "CHANGEO_ASSIGNGENES": {
                    "igblastn": "1.22.0",
                    "changeo": "1.3.0"
                },
                "CHANGEO_MAKEDB": {
                    "igblastn": "1.22.0",
                    "changeo": "1.3.0"
                },
                "CHANGEO_PARSEDB_SPLIT": {
                    "changeo": "1.3.0"
                },
                "CLONAL_ASSIGNMENT_COMPUTE": {
                    "enchantr": "0.1.24"
                },
                "CLONAL_ASSIGNMENT_REPORT": {
                    "enchantr": "0.1.24"
                },
                "COLLAPSE_DUPLICATES": {
                    "enchantr": "0.1.24"
                },
                "FASTP": {
                    "fastp": "0.23.4"
                },
                "FASTQC_POSTASSEMBLY_SANS_UMI": {
                    "fastqc": "0.12.1"
                },
                "FILTER_JUNCTION_MOD3": {
                    "alakazam": "1.3.1",
                    "optparse": "1.7.5",
                    "airr": "1.5.0",
                    "R": "4.5.1"
                },
                "FILTER_QUALITY": {
                    "alakazam": "1.3.1",
                    "optparse": "1.7.5",
                    "stringi": "1.8.3",
                    "dplyr": "1.1.4",
                    "airr": "1.5.0",
                    "DT": "0.34.0",
                    "R": "4.5.1"
                },
                "FIND_CLONAL_THRESHOLD": {
                    "enchantr": "0.1.24"
                },
                "GUNZIP_SANS_UMI": {
                    "gunzip": 1.1
                },
                "PARSE_LOGS": {
                    "python": "3.9.1",
                    "pandas": "1.1.5"
                },
                "PRESTO_ASSEMBLEPAIRS_SANS_UMI": {
                    "presto": "0.7.6"
                },
                "PRESTO_COLLAPSESEQ_SANS_UMI": {
                    "presto": "0.7.6"
                },
                "PRESTO_FILTERSEQ_POSTASSEMBLY_SANS_UMI": {
                    "presto": "0.7.6"
                },
                "PRESTO_MASKPRIMERS_SCORE_SANSUMI_FWD": {
                    "presto": "0.7.6"
                },
                "PRESTO_PARSEHEADERS_METADATA_SANS_UMI": {
                    "presto": "0.7.6"
                },
                "PRESTO_PARSEHEADERS_PRIMERS_SANS_UMI": {
                    "presto": "0.7.6"
                },
                "PRESTO_SPLITSEQ_SANS_UMI": {
                    "presto": "0.7.6"
                },
                "REPORT_FILE_SIZE": {
                    "enchantr": "0.1.24"
                },
                "SAMPLESHEET_CHECK": {
                    "python": "3.9.1",
                    "pandas": "1.1.5"
                },
                "Workflow": {
                    "nf-core/airrflow": "v4.4.0"
                }
            },
            [
                "Airrflow_report.html",
                "clonal_analysis",
                "clonal_analysis/clonal_assignment",
                "clonal_analysis/clonal_assignment/Patient1_clone_report",
                "clonal_analysis/clonal_assignment/Patient1_clone_report/Patient1_clone_command_log.txt",
                "clonal_analysis/clonal_assignment/Patient1_clone_report/assets",
                "clonal_analysis/clonal_assignment/Patient1_clone_report/assets/logo.png",
                "clonal_analysis/clonal_assignment/Patient1_clone_report/assets/style.css",
                "clonal_analysis/clonal_assignment/Patient1_clone_report/ggplots",
                "clonal_analysis/clonal_assignment/Patient1_clone_report/ggplots/abundanceSample.RData",
                "clonal_analysis/clonal_assignment/Patient1_clone_report/ggplots/clone_size_cdf_plot.RData",
                "clonal_analysis/clonal_assignment/Patient1_clone_report/ggplots/clone_size_plot.RData",
                "clonal_analysis/clonal_assignment/Patient1_clone_report/ggplots/div_at_q.RData",
                "clonal_analysis/clonal_assignment/Patient1_clone_report/ggplots/diversitySample.RData",
                "clonal_analysis/clonal_assignment/Patient1_clone_report/ggplots/mutation_frequency_sample.RData",
                "clonal_analysis/clonal_assignment/Patient1_clone_report/index.html",
                "clonal_analysis/clonal_assignment/Patient1_clone_report/params.RData",
                "clonal_analysis/clonal_assignment/Patient1_clone_report/reference-keys.txt",
                "clonal_analysis/clonal_assignment/Patient1_clone_report/repertoires",
                "clonal_analysis/clonal_assignment/Patient1_clone_report/repertoires/Patient1__clone-pass.tsv",
                "clonal_analysis/clonal_assignment/Patient1_clone_report/search_index.json",
                "clonal_analysis/clonal_assignment/Patient1_clone_report/tables",
                "clonal_analysis/clonal_assignment/Patient1_clone_report/tables/clonal_abundance.tsv",
                "clonal_analysis/clonal_assignment/Patient1_clone_report/tables/clonal_diversity.tsv",
                "clonal_analysis/clonal_assignment/Patient1_clone_report/tables/clone_sizes_table.tsv",
                "clonal_analysis/clonal_assignment/Patient1_clone_report/tables/num_clones_table.tsv",
                "clonal_analysis/clonal_assignment/all_reps_clone_report",
                "clonal_analysis/clonal_assignment/all_reps_clone_report/all_reps_clone_command_log.txt",
                "clonal_analysis/clonal_assignment/all_reps_clone_report/assets",
                "clonal_analysis/clonal_assignment/all_reps_clone_report/assets/logo.png",
                "clonal_analysis/clonal_assignment/all_reps_clone_report/assets/style.css",
                "clonal_analysis/clonal_assignment/all_reps_clone_report/ggplots",
                "clonal_analysis/clonal_assignment/all_reps_clone_report/ggplots/abundanceSample.RData",
                "clonal_analysis/clonal_assignment/all_reps_clone_report/ggplots/clone_size_cdf_plot.RData",
                "clonal_analysis/clonal_assignment/all_reps_clone_report/ggplots/clone_size_plot.RData",
                "clonal_analysis/clonal_assignment/all_reps_clone_report/ggplots/div_at_q.RData",
                "clonal_analysis/clonal_assignment/all_reps_clone_report/ggplots/diversitySample.RData",
                "clonal_analysis/clonal_assignment/all_reps_clone_report/ggplots/mutation_frequency_sample.RData",
                "clonal_analysis/clonal_assignment/all_reps_clone_report/index.html",
                "clonal_analysis/clonal_assignment/all_reps_clone_report/params.RData",
                "clonal_analysis/clonal_assignment/all_reps_clone_report/reference-keys.txt",
                "clonal_analysis/clonal_assignment/all_reps_clone_report/repertoires",
                "clonal_analysis/clonal_assignment/all_reps_clone_report/repertoires/Patient1__clone-pass.tsv",
                "clonal_analysis/clonal_assignment/all_reps_clone_report/search_index.json",
                "clonal_analysis/clonal_assignment/all_reps_clone_report/tables",
                "clonal_analysis/clonal_assignment/all_reps_clone_report/tables/clonal_abundance.tsv",
                "clonal_analysis/clonal_assignment/all_reps_clone_report/tables/clonal_diversity.tsv",
                "clonal_analysis/clonal_assignment/all_reps_clone_report/tables/clone_sizes_table.tsv",
                "clonal_analysis/clonal_assignment/all_reps_clone_report/tables/num_clones_table.tsv",
                "clonal_analysis/find_threshold",
                "clonal_analysis/find_threshold/all_reps_dist_report",
                "clonal_analysis/find_threshold/all_reps_dist_report/assets",
                "clonal_analysis/find_threshold/all_reps_dist_report/assets/logo.png",
                "clonal_analysis/find_threshold/all_reps_dist_report/assets/style.css",
                "clonal_analysis/find_threshold/all_reps_dist_report/ggplots",
                "clonal_analysis/find_threshold/all_reps_dist_report/ggplots/Patient1_dtnthrplot.RData",
                "clonal_analysis/find_threshold/all_reps_dist_report/ggplots/dtnplot.RData",
                "clonal_analysis/find_threshold/all_reps_dist_report/index.html",
                "clonal_analysis/find_threshold/all_reps_dist_report/params.RData",
                "clonal_analysis/find_threshold/all_reps_dist_report/reference-keys.txt",
                "clonal_analysis/find_threshold/all_reps_dist_report/search_index.json",
                "clonal_analysis/find_threshold/all_reps_dist_report/tables",
                "clonal_analysis/find_threshold/all_reps_dist_report/tables/all_reps_threshold-mean.tsv",
                "clonal_analysis/find_threshold/all_reps_dist_report/tables/all_reps_threshold-summary.tsv",
                "clonal_analysis/find_threshold/all_reps_threshold_command_log.txt",
                "fastp",
                "fastp/Sample1",
                "fastp/Sample1/Sample1.fastp.html",
                "fastp/Sample1/Sample1.fastp.json",
                "fastp/Sample1/Sample1.fastp.log",
                "fastqc",
                "fastqc/postassembly",
                "fastqc/postassembly/Sample1_ASSEMBLED_fastqc.html",
                "fastqc/postassembly/Sample1_ASSEMBLED_fastqc.zip",
                "multiqc",
                "multiqc/multiqc_data",
                "multiqc/multiqc_data/fastp-insert-size-plot.txt",
                "multiqc/multiqc_data/fastp-seq-content-gc-plot_Read_1_After_filtering.txt",
                "multiqc/multiqc_data/fastp-seq-content-gc-plot_Read_1_Before_filtering.txt",
                "multiqc/multiqc_data/fastp-seq-content-gc-plot_Read_2_After_filtering.txt",
                "multiqc/multiqc_data/fastp-seq-content-gc-plot_Read_2_Before_filtering.txt",
                "multiqc/multiqc_data/fastp-seq-content-n-plot_Read_1_After_filtering.txt",
                "multiqc/multiqc_data/fastp-seq-content-n-plot_Read_1_Before_filtering.txt",
                "multiqc/multiqc_data/fastp-seq-content-n-plot_Read_2_After_filtering.txt",
                "multiqc/multiqc_data/fastp-seq-content-n-plot_Read_2_Before_filtering.txt",
                "multiqc/multiqc_data/fastp-seq-quality-plot_Read_1_After_filtering.txt",
                "multiqc/multiqc_data/fastp-seq-quality-plot_Read_1_Before_filtering.txt",
                "multiqc/multiqc_data/fastp-seq-quality-plot_Read_2_After_filtering.txt",
                "multiqc/multiqc_data/fastp-seq-quality-plot_Read_2_Before_filtering.txt",
                "multiqc/multiqc_data/fastp_filtered_reads_plot.txt",
                "multiqc/multiqc_data/fastqc-1-status-check-heatmap.txt",
                "multiqc/multiqc_data/fastqc-1_adapter_content_plot.txt",
                "multiqc/multiqc_data/fastqc-1_overrepresented_sequences_plot.txt",
                "multiqc/multiqc_data/fastqc-1_per_base_n_content_plot.txt",
                "multiqc/multiqc_data/fastqc-1_per_base_sequence_quality_plot.txt",
                "multiqc/multiqc_data/fastqc-1_per_sequence_gc_content_plot_Counts.txt",
                "multiqc/multiqc_data/fastqc-1_per_sequence_gc_content_plot_Percentages.txt",
                "multiqc/multiqc_data/fastqc-1_per_sequence_quality_scores_plot.txt",
                "multiqc/multiqc_data/fastqc-1_sequence_counts_plot.txt",
                "multiqc/multiqc_data/fastqc-1_sequence_duplication_levels_plot.txt",
                "multiqc/multiqc_data/fastqc-1_top_overrepresented_sequences_table.txt",
                "multiqc/multiqc_data/fastqc_sequence_length_distribution_plot.txt",
                "multiqc/multiqc_data/llms-full.txt",
                "multiqc/multiqc_data/multiqc.log",
                "multiqc/multiqc_data/multiqc.parquet",
                "multiqc/multiqc_data/multiqc_citations.txt",
                "multiqc/multiqc_data/multiqc_data.json",
                "multiqc/multiqc_data/multiqc_fastp.txt",
                "multiqc/multiqc_data/multiqc_fastqc_fastqc-1.txt",
                "multiqc/multiqc_data/multiqc_general_stats.txt",
                "multiqc/multiqc_data/multiqc_software_versions.txt",
                "multiqc/multiqc_data/multiqc_sources.txt",
                "multiqc/multiqc_plots",
                "multiqc/multiqc_plots/pdf",
                "multiqc/multiqc_plots/pdf/fastp-insert-size-plot.pdf",
                "multiqc/multiqc_plots/pdf/fastp-seq-content-gc-plot_Read_1_After_filtering.pdf",
                "multiqc/multiqc_plots/pdf/fastp-seq-content-gc-plot_Read_1_Before_filtering.pdf",
                "multiqc/multiqc_plots/pdf/fastp-seq-content-gc-plot_Read_2_After_filtering.pdf",
                "multiqc/multiqc_plots/pdf/fastp-seq-content-gc-plot_Read_2_Before_filtering.pdf",
                "multiqc/multiqc_plots/pdf/fastp-seq-content-n-plot_Read_1_After_filtering.pdf",
                "multiqc/multiqc_plots/pdf/fastp-seq-content-n-plot_Read_1_Before_filtering.pdf",
                "multiqc/multiqc_plots/pdf/fastp-seq-content-n-plot_Read_2_After_filtering.pdf",
                "multiqc/multiqc_plots/pdf/fastp-seq-content-n-plot_Read_2_Before_filtering.pdf",
                "multiqc/multiqc_plots/pdf/fastp-seq-quality-plot_Read_1_After_filtering.pdf",
                "multiqc/multiqc_plots/pdf/fastp-seq-quality-plot_Read_1_Before_filtering.pdf",
                "multiqc/multiqc_plots/pdf/fastp-seq-quality-plot_Read_2_After_filtering.pdf",
                "multiqc/multiqc_plots/pdf/fastp-seq-quality-plot_Read_2_Before_filtering.pdf",
                "multiqc/multiqc_plots/pdf/fastp_filtered_reads_plot-cnt.pdf",
                "multiqc/multiqc_plots/pdf/fastp_filtered_reads_plot-pct.pdf",
                "multiqc/multiqc_plots/pdf/fastqc-1_adapter_content_plot.pdf",
                "multiqc/multiqc_plots/pdf/fastqc-1_overrepresented_sequences_plot.pdf",
                "multiqc/multiqc_plots/pdf/fastqc-1_per_base_n_content_plot.pdf",
                "multiqc/multiqc_plots/pdf/fastqc-1_per_base_sequence_quality_plot.pdf",
                "multiqc/multiqc_plots/pdf/fastqc-1_per_sequence_gc_content_plot_Counts.pdf",
                "multiqc/multiqc_plots/pdf/fastqc-1_per_sequence_gc_content_plot_Percentages.pdf",
                "multiqc/multiqc_plots/pdf/fastqc-1_per_sequence_quality_scores_plot.pdf",
                "multiqc/multiqc_plots/pdf/fastqc-1_sequence_counts_plot-cnt.pdf",
                "multiqc/multiqc_plots/pdf/fastqc-1_sequence_counts_plot-pct.pdf",
                "multiqc/multiqc_plots/pdf/fastqc-1_sequence_duplication_levels_plot.pdf",
                "multiqc/multiqc_plots/pdf/fastqc-1_top_overrepresented_sequences_table.pdf",
                "multiqc/multiqc_plots/pdf/fastqc_sequence_length_distribution_plot.pdf",
                "multiqc/multiqc_plots/png",
                "multiqc/multiqc_plots/png/fastp-insert-size-plot.png",
                "multiqc/multiqc_plots/png/fastp-seq-content-gc-plot_Read_1_After_filtering.png",
                "multiqc/multiqc_plots/png/fastp-seq-content-gc-plot_Read_1_Before_filtering.png",
                "multiqc/multiqc_plots/png/fastp-seq-content-gc-plot_Read_2_After_filtering.png",
                "multiqc/multiqc_plots/png/fastp-seq-content-gc-plot_Read_2_Before_filtering.png",
                "multiqc/multiqc_plots/png/fastp-seq-content-n-plot_Read_1_After_filtering.png",
                "multiqc/multiqc_plots/png/fastp-seq-content-n-plot_Read_1_Before_filtering.png",
                "multiqc/multiqc_plots/png/fastp-seq-content-n-plot_Read_2_After_filtering.png",
                "multiqc/multiqc_plots/png/fastp-seq-content-n-plot_Read_2_Before_filtering.png",
                "multiqc/multiqc_plots/png/fastp-seq-quality-plot_Read_1_After_filtering.png",
                "multiqc/multiqc_plots/png/fastp-seq-quality-plot_Read_1_Before_filtering.png",
                "multiqc/multiqc_plots/png/fastp-seq-quality-plot_Read_2_After_filtering.png",
                "multiqc/multiqc_plots/png/fastp-seq-quality-plot_Read_2_Before_filtering.png",
                "multiqc/multiqc_plots/png/fastp_filtered_reads_plot-cnt.png",
                "multiqc/multiqc_plots/png/fastp_filtered_reads_plot-pct.png",
                "multiqc/multiqc_plots/png/fastqc-1_adapter_content_plot.png",
                "multiqc/multiqc_plots/png/fastqc-1_overrepresented_sequences_plot.png",
                "multiqc/multiqc_plots/png/fastqc-1_per_base_n_content_plot.png",
                "multiqc/multiqc_plots/png/fastqc-1_per_base_sequence_quality_plot.png",
                "multiqc/multiqc_plots/png/fastqc-1_per_sequence_gc_content_plot_Counts.png",
                "multiqc/multiqc_plots/png/fastqc-1_per_sequence_gc_content_plot_Percentages.png",
                "multiqc/multiqc_plots/png/fastqc-1_per_sequence_quality_scores_plot.png",
                "multiqc/multiqc_plots/png/fastqc-1_sequence_counts_plot-cnt.png",
                "multiqc/multiqc_plots/png/fastqc-1_sequence_counts_plot-pct.png",
                "multiqc/multiqc_plots/png/fastqc-1_sequence_duplication_levels_plot.png",
                "multiqc/multiqc_plots/png/fastqc-1_top_overrepresented_sequences_table.png",
                "multiqc/multiqc_plots/png/fastqc_sequence_length_distribution_plot.png",
                "multiqc/multiqc_plots/svg",
                "multiqc/multiqc_plots/svg/fastp-insert-size-plot.svg",
                "multiqc/multiqc_plots/svg/fastp-seq-content-gc-plot_Read_1_After_filtering.svg",
                "multiqc/multiqc_plots/svg/fastp-seq-content-gc-plot_Read_1_Before_filtering.svg",
                "multiqc/multiqc_plots/svg/fastp-seq-content-gc-plot_Read_2_After_filtering.svg",
                "multiqc/multiqc_plots/svg/fastp-seq-content-gc-plot_Read_2_Before_filtering.svg",
                "multiqc/multiqc_plots/svg/fastp-seq-content-n-plot_Read_1_After_filtering.svg",
                "multiqc/multiqc_plots/svg/fastp-seq-content-n-plot_Read_1_Before_filtering.svg",
                "multiqc/multiqc_plots/svg/fastp-seq-content-n-plot_Read_2_After_filtering.svg",
                "multiqc/multiqc_plots/svg/fastp-seq-content-n-plot_Read_2_Before_filtering.svg",
                "multiqc/multiqc_plots/svg/fastp-seq-quality-plot_Read_1_After_filtering.svg",
                "multiqc/multiqc_plots/svg/fastp-seq-quality-plot_Read_1_Before_filtering.svg",
                "multiqc/multiqc_plots/svg/fastp-seq-quality-plot_Read_2_After_filtering.svg",
                "multiqc/multiqc_plots/svg/fastp-seq-quality-plot_Read_2_Before_filtering.svg",
                "multiqc/multiqc_plots/svg/fastp_filtered_reads_plot-cnt.svg",
                "multiqc/multiqc_plots/svg/fastp_filtered_reads_plot-pct.svg",
                "multiqc/multiqc_plots/svg/fastqc-1_adapter_content_plot.svg",
                "multiqc/multiqc_plots/svg/fastqc-1_overrepresented_sequences_plot.svg",
                "multiqc/multiqc_plots/svg/fastqc-1_per_base_n_content_plot.svg",
                "multiqc/multiqc_plots/svg/fastqc-1_per_base_sequence_quality_plot.svg",
                "multiqc/multiqc_plots/svg/fastqc-1_per_sequence_gc_content_plot_Counts.svg",
                "multiqc/multiqc_plots/svg/fastqc-1_per_sequence_gc_content_plot_Percentages.svg",
                "multiqc/multiqc_plots/svg/fastqc-1_per_sequence_quality_scores_plot.svg",
                "multiqc/multiqc_plots/svg/fastqc-1_sequence_counts_plot-cnt.svg",
                "multiqc/multiqc_plots/svg/fastqc-1_sequence_counts_plot-pct.svg",
                "multiqc/multiqc_plots/svg/fastqc-1_sequence_duplication_levels_plot.svg",
                "multiqc/multiqc_plots/svg/fastqc-1_top_overrepresented_sequences_table.svg",
                "multiqc/multiqc_plots/svg/fastqc_sequence_length_distribution_plot.svg",
                "multiqc/multiqc_report.html",
                "parsed_logs",
                "parsed_logs/Table_all_details_assemble_mates.tsv",
                "parsed_logs/Table_all_details_deduplicate.tsv",
                "parsed_logs/Table_all_details_filter_quality.tsv",
                "parsed_logs/Table_all_details_igblast.tsv",
                "parsed_logs/Table_all_details_mask_primers.tsv",
                "parsed_logs/Table_sequences_process.tsv",
                "pipeline_info",
                "pipeline_info/nf_core_airrflow_software_mqc_versions.yml",
                "pipeline_info/samplesheet.valid.tsv",
                "presto",
                "presto/01-assemble-pairs",
                "presto/01-assemble-pairs/Sample1",
                "presto/01-assemble-pairs/Sample1/Sample1_command_log.txt",
                "presto/01-assemble-pairs/Sample1/Sample1_table.tab",
                "presto/02-filterseq",
                "presto/02-filterseq/Sample1",
                "presto/02-filterseq/Sample1/Sample1_assemble-pass_table.tab",
                "presto/02-filterseq/Sample1/Sample1_command_log.txt",
                "presto/03-maskprimers",
                "presto/03-maskprimers/Sample1",
                "presto/03-maskprimers/Sample1/Sample1_R1_table.tab",
                "presto/03-maskprimers/Sample1/Sample1_R2_table.tab",
                "presto/03-maskprimers/Sample1/Sample1_command_log_R1.txt",
                "presto/03-maskprimers/Sample1/Sample1_command_log_R2.txt",
                "presto/04-collapseseq",
                "presto/04-collapseseq/Sample1",
                "presto/04-collapseseq/Sample1/Sample1_command_log.txt",
                "presto/04-collapseseq/Sample1/Sample1_table.tab",
                "presto/05-splitseq",
                "presto/05-splitseq/Sample1",
                "presto/05-splitseq/Sample1/Sample1_command_log.txt",
                "qc-filtering",
                "qc-filtering/bulk-qc-filtering",
                "qc-filtering/bulk-qc-filtering/04-collapse-duplicates",
                "qc-filtering/bulk-qc-filtering/04-collapse-duplicates/Sample1_collapse_command_log.txt",
                "qc-filtering/bulk-qc-filtering/04-collapse-duplicates/Sample1_collapse_report",
                "qc-filtering/bulk-qc-filtering/04-collapse-duplicates/Sample1_collapse_report/assets",
                "qc-filtering/bulk-qc-filtering/04-collapse-duplicates/Sample1_collapse_report/assets/logo.png",
                "qc-filtering/bulk-qc-filtering/04-collapse-duplicates/Sample1_collapse_report/assets/style.css",
                "qc-filtering/bulk-qc-filtering/04-collapse-duplicates/Sample1_collapse_report/index.html",
                "qc-filtering/bulk-qc-filtering/04-collapse-duplicates/Sample1_collapse_report/params.RData",
                "qc-filtering/bulk-qc-filtering/04-collapse-duplicates/Sample1_collapse_report/reference-keys.txt",
                "qc-filtering/bulk-qc-filtering/04-collapse-duplicates/Sample1_collapse_report/repertoires",
                "qc-filtering/bulk-qc-filtering/04-collapse-duplicates/Sample1_collapse_report/repertoires/Sample1_Sample1_collapse-pass.tsv",
                "qc-filtering/bulk-qc-filtering/04-collapse-duplicates/Sample1_collapse_report/search_index.json",
                "repertoire_comparison",
                "repertoire_comparison/Sequence_numbers_summary",
                "repertoire_comparison/Sequence_numbers_summary/Table_sequences_assembled.tsv",
                "repertoire_comparison/Sequence_numbers_summary/Table_sequences_assembly.tsv",
                "repertoire_comparison/V_family",
                "repertoire_comparison/V_family/V_Family_distribution_patient.pdf",
                "repertoire_comparison/V_family/V_Family_distribution_patient.png",
                "repertoire_comparison/V_family/V_family_distribution_data.tsv",
                "repertoire_comparison/V_family/V_gene_distribution_by_sequence_data.tsv",
                "repertoire_comparison/V_family/V_gene_distribution_by_sequence_patient.pdf",
                "repertoire_comparison/V_family/V_gene_distribution_by_sequence_patient.png",
                "report_file_size",
                "report_file_size/file_size_report",
                "report_file_size/file_size_report/assets",
                "report_file_size/file_size_report/assets/logo.png",
                "report_file_size/file_size_report/assets/style.css",
                "report_file_size/file_size_report/ggplots",
                "report_file_size/file_size_report/ggplots/Sample1_atleast-2.RData",
                "report_file_size/file_size_report/ggplots/sequence_count_plot.RData",
                "report_file_size/file_size_report/index.html",
                "report_file_size/file_size_report/params.RData",
                "report_file_size/file_size_report/reference-keys.txt",
                "report_file_size/file_size_report/search_index.json",
                "report_file_size/file_size_report/tables",
                "report_file_size/file_size_report/tables/Sample1_atleast-2.tsv",
                "report_file_size/file_size_report/tables/log_data.tsv",
                "vdj_annotation",
                "vdj_annotation/01-assign-genes",
                "vdj_annotation/01-assign-genes/Sample1",
                "vdj_annotation/01-assign-genes/Sample1/Sample1_atleast-2.fasta",
                "vdj_annotation/01-assign-genes/Sample1/Sample1_changeo_assigngenes_command_log.txt",
                "vdj_annotation/01-assign-genes/Sample1/Sample1_igblast.fmt7",
                "vdj_annotation/02-make-db",
                "vdj_annotation/02-make-db/Sample1",
                "vdj_annotation/02-make-db/Sample1/Sample1_db-pass.tsv",
                "vdj_annotation/02-make-db/Sample1/Sample1_makedb_command_log.txt",
                "vdj_annotation/03-quality-filter",
                "vdj_annotation/03-quality-filter/Sample1",
                "vdj_annotation/03-quality-filter/Sample1/Sample1_fq_command_log.txt",
                "vdj_annotation/03-quality-filter/Sample1/Sample1_quality-pass.tsv",
                "vdj_annotation/04-select-productive",
                "vdj_annotation/04-select-productive/Sample1",
                "vdj_annotation/04-select-productive/Sample1/Sample1_productive-F.tsv",
                "vdj_annotation/04-select-productive/Sample1/Sample1_productive-T.tsv",
                "vdj_annotation/04-select-productive/Sample1/Sample1_split_command_log.txt",
                "vdj_annotation/05-select-junction-mod3",
                "vdj_annotation/05-select-junction-mod3/Sample1",
                "vdj_annotation/05-select-junction-mod3/Sample1/Sample1_jmod3_command_log.txt",
                "vdj_annotation/05-select-junction-mod3/Sample1/Sample1_junction-pass.tsv",
                "vdj_annotation/06-annotate-metadata",
                "vdj_annotation/06-annotate-metadata/Sample1",
                "vdj_annotation/06-annotate-metadata/Sample1/Sample1_add-meta_command_log.txt",
                "vdj_annotation/06-annotate-metadata/Sample1/Sample1_meta-pass.tsv"
            ],
            [
                "Patient1_clone_command_log.txt:md5,b8385a99b60489c644c6b72ac218b481",
                "style.css:md5,d0833d790556369103776a429102fedf",
                "all_reps_clone_command_log.txt:md5,8ee0739cb8b5683649e6f504a515a744",
                "style.css:md5,d0833d790556369103776a429102fedf",
                "style.css:md5,d0833d790556369103776a429102fedf",
                "all_reps_threshold_command_log.txt:md5,1cd1a04d073e72e3be300d5bd5aa4b67",
                "multiqc_citations.txt:md5,d35df50e9903a96a2b3bce3c1fbc8ad2",
                "multiqc_fastp.txt:md5,9d6525e64a97e5d420a3ef05cdfdaf85",
                "multiqc_fastqc_fastqc-1.txt:md5,5a65617702acf58d648bca1fe97b7a11",
                "multiqc_general_stats.txt:md5,511d32ad3efa0ef5f4f8840f5154dcf0",
                "Sample1_collapse_command_log.txt:md5,6d1b141658008b4d25555bfc3aa9eaff",
                "style.css:md5,d0833d790556369103776a429102fedf",
                "style.css:md5,d0833d790556369103776a429102fedf",
                "Sample1_fq_command_log.txt:md5,b0a24cf2bd36a88cc1ebeeada15da12b",
                "Sample1_jmod3_command_log.txt:md5,31ad1aed917e9c495f78af804289075d",
                "Sample1_add-meta_command_log.txt:md5,375939c5827b70235b0c68ce79b3fe45"
            ],
            "Table_sequences_assembled.tsv:md5,ef32428733c1d28b17d031d92d21cf4c",
            "Table_sequences_assembly.tsv:md5,a3c840988b32d00ebe6440a8c1b4c8c9"
        ],
        "meta": {
            "nf-test": "0.9.3",
            "nextflow": "25.10.2"
        },
        "timestamp": "2026-01-23T14:02:27.434483205"
    }
}