{
    "-profile test_rnaseq_sc": {
        "content": [
            22,
            {
                "ADD_META_TO_TAB": {
                    "dplyr": "1.1.4",
                    "optparse": "1.7.5",
                    "R": "4.5.1"
                },
                "AIRRFLOW_REPORT": {
                    "alakazam": "1.3.1",
                    "shazam": "1.2.1",
                    "stringr": "1.5.2",
                    "dplyr": "1.1.4",
                    "knitr": 1.5,
                    "R": "4.5.1"
                },
                "CHANGEO_ASSIGNGENES": {
                    "igblastn": "1.22.0",
                    "changeo": "1.3.0"
                },
                "CHANGEO_MAKEDB": {
                    "igblastn": "1.22.0",
                    "changeo": "1.3.0"
                },
                "CHANGEO_PARSEDB_SPLIT": {
                    "changeo": "1.3.0"
                },
                "CLONAL_ASSIGNMENT_COMPUTE": {
                    "enchantr": "0.1.24"
                },
                "CLONAL_ASSIGNMENT_REPORT": {
                    "enchantr": "0.1.24"
                },
                "FASTP": {
                    "fastp": "0.23.4"
                },
                "FILTER_JUNCTION_MOD3": {
                    "alakazam": "1.3.1",
                    "optparse": "1.7.5",
                    "airr": "1.5.0",
                    "R": "4.5.1"
                },
                "FILTER_QUALITY": {
                    "alakazam": "1.3.1",
                    "optparse": "1.7.5",
                    "stringi": "1.8.3",
                    "dplyr": "1.1.4",
                    "airr": "1.5.0",
                    "DT": "0.34.0",
                    "R": "4.5.1"
                },
                "REPORT_FILE_SIZE": {
                    "enchantr": "0.1.24"
                },
                "REPORT_THRESHOLD": {
                    "enchantr": "0.1.24"
                },
                "SAMPLESHEET_CHECK": {
                    "python": "3.9.1",
                    "pandas": "1.1.5"
                },
                "SINGLE_CELL_QC": {
                    "enchantr": "0.1.24"
                },
                "TRUST4": {
                    "trust4": "TRUST4 using v1.1.5-r573"
                },
                "Workflow": {
                    "nf-core/airrflow": "v4.4dev"
                }
            },
            [
                "Airrflow_report.html",
                "clonal_analysis",
                "clonal_analysis/clonal_assignment",
                "clonal_analysis/clonal_assignment/all_reps_clone_report",
                "clonal_analysis/clonal_assignment/all_reps_clone_report/all_reps_clone_command_log.txt",
                "clonal_analysis/clonal_assignment/all_reps_clone_report/assets",
                "clonal_analysis/clonal_assignment/all_reps_clone_report/assets/logo.png",
                "clonal_analysis/clonal_assignment/all_reps_clone_report/assets/style.css",
                "clonal_analysis/clonal_assignment/all_reps_clone_report/ggplots",
                "clonal_analysis/clonal_assignment/all_reps_clone_report/ggplots/abundanceSample.RData",
                "clonal_analysis/clonal_assignment/all_reps_clone_report/ggplots/div_at_q.RData",
                "clonal_analysis/clonal_assignment/all_reps_clone_report/ggplots/diversitySample.RData",
                "clonal_analysis/clonal_assignment/all_reps_clone_report/index.html",
                "clonal_analysis/clonal_assignment/all_reps_clone_report/params.RData",
                "clonal_analysis/clonal_assignment/all_reps_clone_report/reference-keys.txt",
                "clonal_analysis/clonal_assignment/all_reps_clone_report/repertoires",
                "clonal_analysis/clonal_assignment/all_reps_clone_report/repertoires/sc_01__clone-pass.tsv",
                "clonal_analysis/clonal_assignment/all_reps_clone_report/search_index.json",
                "clonal_analysis/clonal_assignment/all_reps_clone_report/tables",
                "clonal_analysis/clonal_assignment/all_reps_clone_report/tables/clonal_abundance.tsv",
                "clonal_analysis/clonal_assignment/all_reps_clone_report/tables/clonal_diversity.tsv",
                "clonal_analysis/clonal_assignment/all_reps_clone_report/tables/clone_sizes_table.tsv",
                "clonal_analysis/clonal_assignment/all_reps_clone_report/tables/num_clones_table.tsv",
                "clonal_analysis/clonal_assignment/sc_01_clone_report",
                "clonal_analysis/clonal_assignment/sc_01_clone_report/assets",
                "clonal_analysis/clonal_assignment/sc_01_clone_report/assets/logo.png",
                "clonal_analysis/clonal_assignment/sc_01_clone_report/assets/style.css",
                "clonal_analysis/clonal_assignment/sc_01_clone_report/ggplots",
                "clonal_analysis/clonal_assignment/sc_01_clone_report/ggplots/abundanceSample.RData",
                "clonal_analysis/clonal_assignment/sc_01_clone_report/ggplots/div_at_q.RData",
                "clonal_analysis/clonal_assignment/sc_01_clone_report/ggplots/diversitySample.RData",
                "clonal_analysis/clonal_assignment/sc_01_clone_report/index.html",
                "clonal_analysis/clonal_assignment/sc_01_clone_report/params.RData",
                "clonal_analysis/clonal_assignment/sc_01_clone_report/reference-keys.txt",
                "clonal_analysis/clonal_assignment/sc_01_clone_report/repertoires",
                "clonal_analysis/clonal_assignment/sc_01_clone_report/repertoires/sc_01__clone-pass.tsv",
                "clonal_analysis/clonal_assignment/sc_01_clone_report/sc_01_clone_command_log.txt",
                "clonal_analysis/clonal_assignment/sc_01_clone_report/search_index.json",
                "clonal_analysis/clonal_assignment/sc_01_clone_report/tables",
                "clonal_analysis/clonal_assignment/sc_01_clone_report/tables/clonal_abundance.tsv",
                "clonal_analysis/clonal_assignment/sc_01_clone_report/tables/clonal_diversity.tsv",
                "clonal_analysis/clonal_assignment/sc_01_clone_report/tables/clone_sizes_table.tsv",
                "clonal_analysis/clonal_assignment/sc_01_clone_report/tables/num_clones_table.tsv",
                "clonal_analysis/report_threshold",
                "clonal_analysis/report_threshold/all_reps_dist_report",
                "clonal_analysis/report_threshold/all_reps_dist_report/assets",
                "clonal_analysis/report_threshold/all_reps_dist_report/assets/logo.png",
                "clonal_analysis/report_threshold/all_reps_dist_report/assets/style.css",
                "clonal_analysis/report_threshold/all_reps_dist_report/index.html",
                "clonal_analysis/report_threshold/all_reps_dist_report/params.RData",
                "clonal_analysis/report_threshold/all_reps_dist_report/reference-keys.txt",
                "clonal_analysis/report_threshold/all_reps_dist_report/search_index.json",
                "clonal_analysis/report_threshold/all_reps_dist_report/tables",
                "clonal_analysis/report_threshold/all_reps_dist_report/tables/all_reps_threshold-mean.tsv",
                "clonal_analysis/report_threshold/all_reps_threshold_command_log.txt",
                "fastp",
                "fastp/sc_test",
                "fastp/sc_test/sc_test.fastp.html",
                "fastp/sc_test/sc_test.fastp.json",
                "fastp/sc_test/sc_test.fastp.log",
                "multiqc",
                "multiqc/multiqc_data",
                "multiqc/multiqc_data/fastp-insert-size-plot.txt",
                "multiqc/multiqc_data/fastp-seq-content-gc-plot_Read_1_After_filtering.txt",
                "multiqc/multiqc_data/fastp-seq-content-gc-plot_Read_1_Before_filtering.txt",
                "multiqc/multiqc_data/fastp-seq-content-gc-plot_Read_2_After_filtering.txt",
                "multiqc/multiqc_data/fastp-seq-content-gc-plot_Read_2_Before_filtering.txt",
                "multiqc/multiqc_data/fastp-seq-content-n-plot_Read_1_After_filtering.txt",
                "multiqc/multiqc_data/fastp-seq-content-n-plot_Read_1_Before_filtering.txt",
                "multiqc/multiqc_data/fastp-seq-content-n-plot_Read_2_After_filtering.txt",
                "multiqc/multiqc_data/fastp-seq-content-n-plot_Read_2_Before_filtering.txt",
                "multiqc/multiqc_data/fastp-seq-quality-plot_Read_1_After_filtering.txt",
                "multiqc/multiqc_data/fastp-seq-quality-plot_Read_1_Before_filtering.txt",
                "multiqc/multiqc_data/fastp-seq-quality-plot_Read_2_After_filtering.txt",
                "multiqc/multiqc_data/fastp-seq-quality-plot_Read_2_Before_filtering.txt",
                "multiqc/multiqc_data/fastp_filtered_reads_plot.txt",
                "multiqc/multiqc_data/llms-full.txt",
                "multiqc/multiqc_data/multiqc.log",
                "multiqc/multiqc_data/multiqc.parquet",
                "multiqc/multiqc_data/multiqc_citations.txt",
                "multiqc/multiqc_data/multiqc_data.json",
                "multiqc/multiqc_data/multiqc_fastp.txt",
                "multiqc/multiqc_data/multiqc_general_stats.txt",
                "multiqc/multiqc_data/multiqc_software_versions.txt",
                "multiqc/multiqc_data/multiqc_sources.txt",
                "multiqc/multiqc_plots",
                "multiqc/multiqc_plots/pdf",
                "multiqc/multiqc_plots/pdf/fastp-insert-size-plot.pdf",
                "multiqc/multiqc_plots/pdf/fastp-seq-content-gc-plot_Read_1_After_filtering.pdf",
                "multiqc/multiqc_plots/pdf/fastp-seq-content-gc-plot_Read_1_Before_filtering.pdf",
                "multiqc/multiqc_plots/pdf/fastp-seq-content-gc-plot_Read_2_After_filtering.pdf",
                "multiqc/multiqc_plots/pdf/fastp-seq-content-gc-plot_Read_2_Before_filtering.pdf",
                "multiqc/multiqc_plots/pdf/fastp-seq-content-n-plot_Read_1_After_filtering.pdf",
                "multiqc/multiqc_plots/pdf/fastp-seq-content-n-plot_Read_1_Before_filtering.pdf",
                "multiqc/multiqc_plots/pdf/fastp-seq-content-n-plot_Read_2_After_filtering.pdf",
                "multiqc/multiqc_plots/pdf/fastp-seq-content-n-plot_Read_2_Before_filtering.pdf",
                "multiqc/multiqc_plots/pdf/fastp-seq-quality-plot_Read_1_After_filtering.pdf",
                "multiqc/multiqc_plots/pdf/fastp-seq-quality-plot_Read_1_Before_filtering.pdf",
                "multiqc/multiqc_plots/pdf/fastp-seq-quality-plot_Read_2_After_filtering.pdf",
                "multiqc/multiqc_plots/pdf/fastp-seq-quality-plot_Read_2_Before_filtering.pdf",
                "multiqc/multiqc_plots/pdf/fastp_filtered_reads_plot-cnt.pdf",
                "multiqc/multiqc_plots/pdf/fastp_filtered_reads_plot-pct.pdf",
                "multiqc/multiqc_plots/png",
                "multiqc/multiqc_plots/png/fastp-insert-size-plot.png",
                "multiqc/multiqc_plots/png/fastp-seq-content-gc-plot_Read_1_After_filtering.png",
                "multiqc/multiqc_plots/png/fastp-seq-content-gc-plot_Read_1_Before_filtering.png",
                "multiqc/multiqc_plots/png/fastp-seq-content-gc-plot_Read_2_After_filtering.png",
                "multiqc/multiqc_plots/png/fastp-seq-content-gc-plot_Read_2_Before_filtering.png",
                "multiqc/multiqc_plots/png/fastp-seq-content-n-plot_Read_1_After_filtering.png",
                "multiqc/multiqc_plots/png/fastp-seq-content-n-plot_Read_1_Before_filtering.png",
                "multiqc/multiqc_plots/png/fastp-seq-content-n-plot_Read_2_After_filtering.png",
                "multiqc/multiqc_plots/png/fastp-seq-content-n-plot_Read_2_Before_filtering.png",
                "multiqc/multiqc_plots/png/fastp-seq-quality-plot_Read_1_After_filtering.png",
                "multiqc/multiqc_plots/png/fastp-seq-quality-plot_Read_1_Before_filtering.png",
                "multiqc/multiqc_plots/png/fastp-seq-quality-plot_Read_2_After_filtering.png",
                "multiqc/multiqc_plots/png/fastp-seq-quality-plot_Read_2_Before_filtering.png",
                "multiqc/multiqc_plots/png/fastp_filtered_reads_plot-cnt.png",
                "multiqc/multiqc_plots/png/fastp_filtered_reads_plot-pct.png",
                "multiqc/multiqc_plots/svg",
                "multiqc/multiqc_plots/svg/fastp-insert-size-plot.svg",
                "multiqc/multiqc_plots/svg/fastp-seq-content-gc-plot_Read_1_After_filtering.svg",
                "multiqc/multiqc_plots/svg/fastp-seq-content-gc-plot_Read_1_Before_filtering.svg",
                "multiqc/multiqc_plots/svg/fastp-seq-content-gc-plot_Read_2_After_filtering.svg",
                "multiqc/multiqc_plots/svg/fastp-seq-content-gc-plot_Read_2_Before_filtering.svg",
                "multiqc/multiqc_plots/svg/fastp-seq-content-n-plot_Read_1_After_filtering.svg",
                "multiqc/multiqc_plots/svg/fastp-seq-content-n-plot_Read_1_Before_filtering.svg",
                "multiqc/multiqc_plots/svg/fastp-seq-content-n-plot_Read_2_After_filtering.svg",
                "multiqc/multiqc_plots/svg/fastp-seq-content-n-plot_Read_2_Before_filtering.svg",
                "multiqc/multiqc_plots/svg/fastp-seq-quality-plot_Read_1_After_filtering.svg",
                "multiqc/multiqc_plots/svg/fastp-seq-quality-plot_Read_1_Before_filtering.svg",
                "multiqc/multiqc_plots/svg/fastp-seq-quality-plot_Read_2_After_filtering.svg",
                "multiqc/multiqc_plots/svg/fastp-seq-quality-plot_Read_2_Before_filtering.svg",
                "multiqc/multiqc_plots/svg/fastp_filtered_reads_plot-cnt.svg",
                "multiqc/multiqc_plots/svg/fastp_filtered_reads_plot-pct.svg",
                "multiqc/multiqc_report.html",
                "pipeline_info",
                "pipeline_info/nf_core_airrflow_software_mqc_versions.yml",
                "pipeline_info/samplesheet.valid.tsv",
                "prepare",
                "prepare/trust4_reference.fa",
                "qc-filtering",
                "qc-filtering/single-cell-qc",
                "qc-filtering/single-cell-qc/all_reps_scqc_command_log.txt",
                "qc-filtering/single-cell-qc/all_reps_scqc_report",
                "qc-filtering/single-cell-qc/all_reps_scqc_report/assets",
                "qc-filtering/single-cell-qc/all_reps_scqc_report/assets/logo.png",
                "qc-filtering/single-cell-qc/all_reps_scqc_report/assets/style.css",
                "qc-filtering/single-cell-qc/all_reps_scqc_report/ggplots",
                "qc-filtering/single-cell-qc/all_reps_scqc_report/ggplots/p-seqs-per-cell.RData",
                "qc-filtering/single-cell-qc/all_reps_scqc_report/index.html",
                "qc-filtering/single-cell-qc/all_reps_scqc_report/params.RData",
                "qc-filtering/single-cell-qc/all_reps_scqc_report/reference-keys.txt",
                "qc-filtering/single-cell-qc/all_reps_scqc_report/repertoires",
                "qc-filtering/single-cell-qc/all_reps_scqc_report/repertoires/sc_test__scqc-pass.tsv",
                "qc-filtering/single-cell-qc/all_reps_scqc_report/search_index.json",
                "repertoire_comparison",
                "repertoire_comparison/Sequence_numbers_summary",
                "repertoire_comparison/Sequence_numbers_summary/Table_sequences_assembled.tsv",
                "repertoire_comparison/V_family",
                "repertoire_comparison/V_family/V_Family_distribution_patient.pdf",
                "repertoire_comparison/V_family/V_Family_distribution_patient.png",
                "repertoire_comparison/V_family/V_family_distribution_data.tsv",
                "repertoire_comparison/V_family/V_gene_distribution_by_sequence_data.tsv",
                "repertoire_comparison/V_family/V_gene_distribution_by_sequence_patient.pdf",
                "repertoire_comparison/V_family/V_gene_distribution_by_sequence_patient.png",
                "report_file_size",
                "report_file_size/file_size_report",
                "report_file_size/file_size_report/assets",
                "report_file_size/file_size_report/assets/logo.png",
                "report_file_size/file_size_report/assets/style.css",
                "report_file_size/file_size_report/ggplots",
                "report_file_size/file_size_report/ggplots/sc_test_parse-select_sequences.RData",
                "report_file_size/file_size_report/ggplots/sequence_count_plot.RData",
                "report_file_size/file_size_report/index.html",
                "report_file_size/file_size_report/params.RData",
                "report_file_size/file_size_report/reference-keys.txt",
                "report_file_size/file_size_report/search_index.json",
                "report_file_size/file_size_report/tables",
                "report_file_size/file_size_report/tables/log_data.tsv",
                "report_file_size/file_size_report/tables/sc_test_parse-select_sequences.tsv",
                "trust4",
                "trust4/sc_test_airr.tsv",
                "trust4/sc_test_airr_align.tsv",
                "trust4/sc_test_annot.fa",
                "trust4/sc_test_assembled_reads.fa",
                "trust4/sc_test_barcode_airr.tsv",
                "trust4/sc_test_barcode_report.tsv",
                "trust4/sc_test_cdr3.out",
                "trust4/sc_test_final.out",
                "trust4/sc_test_raw.out",
                "trust4/sc_test_report.tsv",
                "trust4/sc_test_toassemble_1.fq",
                "trust4/sc_test_toassemble_2.fq",
                "trust4/sc_test_toassemble_bc.fa",
                "trust4/sc_test_toassemble_umi.fa",
                "vdj_annotation",
                "vdj_annotation/01-assign-genes",
                "vdj_annotation/01-assign-genes/sc_test",
                "vdj_annotation/01-assign-genes/sc_test/sc_test_changeo_assigngenes_command_log.txt",
                "vdj_annotation/01-assign-genes/sc_test/sc_test_igblast.fmt7",
                "vdj_annotation/01-assign-genes/sc_test/sc_test_parse-select_sequences.fasta",
                "vdj_annotation/02-make-db",
                "vdj_annotation/02-make-db/sc_test",
                "vdj_annotation/02-make-db/sc_test/sc_test_db-pass.tsv",
                "vdj_annotation/02-make-db/sc_test/sc_test_makedb_command_log.txt",
                "vdj_annotation/03-quality-filter",
                "vdj_annotation/03-quality-filter/sc_test",
                "vdj_annotation/03-quality-filter/sc_test/sc_test_fq_command_log.txt",
                "vdj_annotation/03-quality-filter/sc_test/sc_test_quality-pass.tsv",
                "vdj_annotation/04-select-productive",
                "vdj_annotation/04-select-productive/sc_test",
                "vdj_annotation/04-select-productive/sc_test/sc_test_productive-F.tsv",
                "vdj_annotation/04-select-productive/sc_test/sc_test_productive-T.tsv",
                "vdj_annotation/04-select-productive/sc_test/sc_test_split_command_log.txt",
                "vdj_annotation/05-select-junction-mod3",
                "vdj_annotation/05-select-junction-mod3/sc_test",
                "vdj_annotation/05-select-junction-mod3/sc_test/sc_test_jmod3_command_log.txt",
                "vdj_annotation/05-select-junction-mod3/sc_test/sc_test_junction-pass.tsv",
                "vdj_annotation/06-annotate-metadata",
                "vdj_annotation/06-annotate-metadata/sc_test",
                "vdj_annotation/06-annotate-metadata/sc_test/sc_test_add-meta_command_log.txt",
                "vdj_annotation/06-annotate-metadata/sc_test/sc_test_meta-pass.tsv",
                "vdj_annotation/convert-db",
                "vdj_annotation/convert-db/sc_test",
                "vdj_annotation/convert-db/sc_test/sc_test_convertdb_command_log.txt",
                "vdj_annotation/convert-db/sc_test/sc_test_parse-select_sequences.fasta",
                "vdj_annotation/select-locus",
                "vdj_annotation/select-locus/sc_test",
                "vdj_annotation/select-locus/sc_test/sc_test_command_log.txt",
                "vdj_annotation/select-locus/sc_test/sc_test_parse-select.tsv"
            ],
            [
                "all_reps_clone_command_log.txt:md5,63755f66b0885615d4943e846be06d4c",
                "style.css:md5,d0833d790556369103776a429102fedf",
                "style.css:md5,d0833d790556369103776a429102fedf",
                "sc_01_clone_command_log.txt:md5,983885b5fa98155eecf6a931d115587f",
                "style.css:md5,d0833d790556369103776a429102fedf",
                "all_reps_threshold_command_log.txt:md5,04ceebe29469cd54129d22dee5cc109e",
                "multiqc_citations.txt:md5,d35df50e9903a96a2b3bce3c1fbc8ad2",
                "multiqc_fastp.txt:md5,c94b7004faaa707ac78e5aef6aeaa4cc",
                "multiqc_general_stats.txt:md5,cf917799babe3d93ea6bcda2e72991e0",
                "trust4_reference.fa:md5,a552d9b0421bf587433b483c5405883d",
                "all_reps_scqc_command_log.txt:md5,1ff2a4230cfcfac11d353f12995d3212",
                "style.css:md5,d0833d790556369103776a429102fedf",
                "style.css:md5,d0833d790556369103776a429102fedf",
                "sc_test_annot.fa:md5,06b869fbc180b63ea0c592888292d6b1",
                "sc_test_assembled_reads.fa:md5,8e6a5361512c602eaf728095851dfb21",
                "sc_test_cdr3.out:md5,1214a63588ce809c6127506741921def",
                "sc_test_final.out:md5,d6a496fe2c79ff1df3eb4d57f0382ace",
                "sc_test_raw.out:md5,d6a496fe2c79ff1df3eb4d57f0382ace",
                "sc_test_toassemble_1.fq:md5,eff05a1c2493b54c9502ef260d433002",
                "sc_test_toassemble_2.fq:md5,c966048cdf293fa52b42826a286250d8",
                "sc_test_toassemble_bc.fa:md5,45444114cb3d0601c0fb19ccb10dabba",
                "sc_test_toassemble_umi.fa:md5,787d74371939af536c891275b63a6e0d",
                "sc_test_fq_command_log.txt:md5,7721bce1090e57cf197ba37f29698320",
                "sc_test_jmod3_command_log.txt:md5,1d8837654ec001b78aee887c6d2e949f",
                "sc_test_add-meta_command_log.txt:md5,dc03cb4db93415ec2b97df8af31faa26"
            ],
            "Table_sequences_assembled.tsv:md5,9c96bb63918a8bd79fa438b7645ac98f"
        ],
        "meta": {
            "nf-test": "0.9.3",
            "nextflow": "25.04.8"
        },
        "timestamp": "2025-11-04T14:30:08.009106704"
    }
}