{
    "-profile test_genotyping": {
        "content": [
            48,
            {
                "ADD_META_TO_TAB": {
                    "R": "4.5.3",
                    "dplyr": "1.2.1",
                    "optparse": "1.8.2"
                },
                "AIRRFLOW_REPORT": {
                    "DT": "0.34.0",
                    "R": "4.5.3",
                    "alakazam": "1.4.3",
                    "dplyr": "1.2.1",
                    "knitr": "1.51",
                    "shazam": "1.3.2",
                    "stringr": "1.6.0"
                },
                "BAYESIAN_GENOTYPE_INFERENCE": {
                    "enchantr": "0.1.25",
                    "tigger": "1.1.3"
                },
                "CHANGEO_ASSIGNGENES": {
                    "changeo": "1.3.4",
                    "igblastn": " 1.22.0"
                },
                "CHANGEO_CONVERTDB_FASTA_FROM_AIRR": {
                    "changeo": "1.3.4",
                    "igblastn": " 1.22.0"
                },
                "CHANGEO_MAKEDB": {
                    "changeo": "1.3.4",
                    "igblastn": " 1.22.0"
                },
                "CHANGEO_PARSEDB_SPLIT": {
                    "changeo": "1.3.4"
                },
                "CLONAL_ASSIGNMENT": {
                    "enchantr": "0.1.25",
                    "scoper": "1.5.0"
                },
                "CLONAL_ASSIGNMENT_GENOTYPING": {
                    "enchantr": "0.1.25",
                    "scoper": "1.5.0"
                },
                "COLLAPSE_DUPLICATES": {
                    "enchantr": "0.1.25"
                },
                "FILTER_JUNCTION_MOD3": {
                    "R": "4.5.3",
                    "airr": "1.6.1",
                    "alakazam": "1.4.3",
                    "optparse": "1.8.2"
                },
                "FILTER_QUALITY": {
                    "DT": "0.34.0",
                    "R": "4.5.3",
                    "airr": "1.6.1",
                    "alakazam": "1.4.3",
                    "dplyr": "1.2.1",
                    "optparse": "1.8.2",
                    "stringi": "1.8.7"
                },
                "NOVEL_ALLELE_INFERENCE": {
                    "enchantr": "0.1.25",
                    "tigger": "1.1.3"
                },
                "REASSIGN_ALLELES_GENOTYPE": {
                    "enchantr": "0.1.25"
                },
                "REASSIGN_ALLELES_NOVEL": {
                    "enchantr": "0.1.25"
                },
                "REPERTOIRE_ANALYSIS": {
                    "enchantr": "0.1.25"
                },
                "REPORT_FILE_SIZE": {
                    "enchantr": "0.1.25"
                },
                "SAMPLESHEET_CHECK_ASSEMBLED": {
                    "pandas": "1.1.5",
                    "python": " 3.9.1"
                },
                "UNZIP_IGBLAST": {
                    "unzip": "6.00"
                },
                "UNZIP_REFERENCE_FASTA": {
                    "unzip": "6.00"
                },
                "VALIDATE_IGBLAST_DB": {
                    "bash": "5.0.3"
                },
                "VALIDATE_INPUT": {
                    "enchantr": "0.1.25"
                },
                "Workflow": {
                    "nf-core/airrflow": "v5.1.1"
                }
            },
            [
                "Airrflow_report.html",
                "clonal_analysis",
                "clonal_analysis/clonal_assignment",
                "clonal_analysis/clonal_assignment/subject_A_clone_report",
                "clonal_analysis/clonal_assignment/subject_A_clone_report/assets",
                "clonal_analysis/clonal_assignment/subject_A_clone_report/assets/logo.png",
                "clonal_analysis/clonal_assignment/subject_A_clone_report/assets/style.css",
                "clonal_analysis/clonal_assignment/subject_A_clone_report/index.html",
                "clonal_analysis/clonal_assignment/subject_A_clone_report/params.RData",
                "clonal_analysis/clonal_assignment/subject_A_clone_report/reference-keys.txt",
                "clonal_analysis/clonal_assignment/subject_A_clone_report/repertoires",
                "clonal_analysis/clonal_assignment/subject_A_clone_report/repertoires/subject_A__clone-pass.tsv",
                "clonal_analysis/clonal_assignment/subject_A_clone_report/search_index.json",
                "clonal_analysis/clonal_assignment/subject_A_clone_report/subject_A_clone_command_log.txt",
                "clonal_analysis/clonal_assignment/subject_B_clone_report",
                "clonal_analysis/clonal_assignment/subject_B_clone_report/assets",
                "clonal_analysis/clonal_assignment/subject_B_clone_report/assets/logo.png",
                "clonal_analysis/clonal_assignment/subject_B_clone_report/assets/style.css",
                "clonal_analysis/clonal_assignment/subject_B_clone_report/index.html",
                "clonal_analysis/clonal_assignment/subject_B_clone_report/params.RData",
                "clonal_analysis/clonal_assignment/subject_B_clone_report/reference-keys.txt",
                "clonal_analysis/clonal_assignment/subject_B_clone_report/repertoires",
                "clonal_analysis/clonal_assignment/subject_B_clone_report/repertoires/subject_B__clone-pass.tsv",
                "clonal_analysis/clonal_assignment/subject_B_clone_report/search_index.json",
                "clonal_analysis/clonal_assignment/subject_B_clone_report/subject_B_clone_command_log.txt",
                "clonal_analysis/repertoire_analysis",
                "clonal_analysis/repertoire_analysis/repertoire_analysis_report",
                "clonal_analysis/repertoire_analysis/repertoire_analysis_report/all_reps_clone_command_log.txt",
                "clonal_analysis/repertoire_analysis/repertoire_analysis_report/assets",
                "clonal_analysis/repertoire_analysis/repertoire_analysis_report/assets/logo.png",
                "clonal_analysis/repertoire_analysis/repertoire_analysis_report/assets/style.css",
                "clonal_analysis/repertoire_analysis/repertoire_analysis_report/ggplots",
                "clonal_analysis/repertoire_analysis/repertoire_analysis_report/ggplots/Bootstrapping_Clonal_Overlap_subject_A.RData",
                "clonal_analysis/repertoire_analysis/repertoire_analysis_report/ggplots/Clonal_Overlap_subject_A.RData",
                "clonal_analysis/repertoire_analysis/repertoire_analysis_report/ggplots/abundanceSample.RData",
                "clonal_analysis/repertoire_analysis/repertoire_analysis_report/ggplots/clone_size_cdf_plot.RData",
                "clonal_analysis/repertoire_analysis/repertoire_analysis_report/ggplots/clone_size_plot.RData",
                "clonal_analysis/repertoire_analysis/repertoire_analysis_report/ggplots/div_at_q.RData",
                "clonal_analysis/repertoire_analysis/repertoire_analysis_report/ggplots/diversitySample.RData",
                "clonal_analysis/repertoire_analysis/repertoire_analysis_report/ggplots/mutation_frequency_sample.RData",
                "clonal_analysis/repertoire_analysis/repertoire_analysis_report/ggplots/mutation_frequency_sample_locus.RData",
                "clonal_analysis/repertoire_analysis/repertoire_analysis_report/index.html",
                "clonal_analysis/repertoire_analysis/repertoire_analysis_report/params.RData",
                "clonal_analysis/repertoire_analysis/repertoire_analysis_report/reference-keys.txt",
                "clonal_analysis/repertoire_analysis/repertoire_analysis_report/repertoires",
                "clonal_analysis/repertoire_analysis/repertoire_analysis_report/repertoires/All_samples__repertoire-pass.tsv",
                "clonal_analysis/repertoire_analysis/repertoire_analysis_report/search_index.json",
                "clonal_analysis/repertoire_analysis/repertoire_analysis_report/tables",
                "clonal_analysis/repertoire_analysis/repertoire_analysis_report/tables/clonal_abundance.tsv",
                "clonal_analysis/repertoire_analysis/repertoire_analysis_report/tables/clonal_diversity.tsv",
                "clonal_analysis/repertoire_analysis/repertoire_analysis_report/tables/clonal_overlap.tsv",
                "clonal_analysis/repertoire_analysis/repertoire_analysis_report/tables/clone_sizes_table.tsv",
                "clonal_analysis/repertoire_analysis/repertoire_analysis_report/tables/num_clones_table.tsv",
                "multiqc",
                "multiqc/multiqc_data",
                "multiqc/multiqc_data/llms-full.txt",
                "multiqc/multiqc_data/multiqc.log",
                "multiqc/multiqc_data/multiqc.parquet",
                "multiqc/multiqc_data/multiqc_citations.txt",
                "multiqc/multiqc_data/multiqc_data.json",
                "multiqc/multiqc_data/multiqc_software_versions.txt",
                "multiqc/multiqc_data/multiqc_sources.txt",
                "multiqc/multiqc_report.html",
                "novel_alleles_and_genotyping",
                "novel_alleles_and_genotyping/01-novel_allele_inference",
                "novel_alleles_and_genotyping/01-novel_allele_inference/subject_A",
                "novel_alleles_and_genotyping/01-novel_allele_inference/subject_A/subject_A_novel_allele_inference_report",
                "novel_alleles_and_genotyping/01-novel_allele_inference/subject_A/subject_A_novel_allele_inference_report/assets",
                "novel_alleles_and_genotyping/01-novel_allele_inference/subject_A/subject_A_novel_allele_inference_report/assets/logo.png",
                "novel_alleles_and_genotyping/01-novel_allele_inference/subject_A/subject_A_novel_allele_inference_report/assets/style.css",
                "novel_alleles_and_genotyping/01-novel_allele_inference/subject_A/subject_A_novel_allele_inference_report/db_novel",
                "novel_alleles_and_genotyping/01-novel_allele_inference/subject_A/subject_A_novel_allele_inference_report/db_novel/human",
                "novel_alleles_and_genotyping/01-novel_allele_inference/subject_A/subject_A_novel_allele_inference_report/db_novel/human/vdj",
                "novel_alleles_and_genotyping/01-novel_allele_inference/subject_A/subject_A_novel_allele_inference_report/db_novel/human/vdj/imgt_human_IGHD.fasta",
                "novel_alleles_and_genotyping/01-novel_allele_inference/subject_A/subject_A_novel_allele_inference_report/db_novel/human/vdj/imgt_human_IGHJ.fasta",
                "novel_alleles_and_genotyping/01-novel_allele_inference/subject_A/subject_A_novel_allele_inference_report/db_novel/human/vdj/imgt_human_IGHV.fasta",
                "novel_alleles_and_genotyping/01-novel_allele_inference/subject_A/subject_A_novel_allele_inference_report/db_novel/human/vdj/imgt_human_IGKJ.fasta",
                "novel_alleles_and_genotyping/01-novel_allele_inference/subject_A/subject_A_novel_allele_inference_report/db_novel/human/vdj/imgt_human_IGKV.fasta",
                "novel_alleles_and_genotyping/01-novel_allele_inference/subject_A/subject_A_novel_allele_inference_report/db_novel/human/vdj/imgt_human_IGLJ.fasta",
                "novel_alleles_and_genotyping/01-novel_allele_inference/subject_A/subject_A_novel_allele_inference_report/db_novel/human/vdj/imgt_human_IGLV.fasta",
                "novel_alleles_and_genotyping/01-novel_allele_inference/subject_A/subject_A_novel_allele_inference_report/db_novel/human/vdj/imgt_human_TRAJ.fasta",
                "novel_alleles_and_genotyping/01-novel_allele_inference/subject_A/subject_A_novel_allele_inference_report/db_novel/human/vdj/imgt_human_TRAV.fasta",
                "novel_alleles_and_genotyping/01-novel_allele_inference/subject_A/subject_A_novel_allele_inference_report/db_novel/human/vdj/imgt_human_TRBD.fasta",
                "novel_alleles_and_genotyping/01-novel_allele_inference/subject_A/subject_A_novel_allele_inference_report/db_novel/human/vdj/imgt_human_TRBJ.fasta",
                "novel_alleles_and_genotyping/01-novel_allele_inference/subject_A/subject_A_novel_allele_inference_report/db_novel/human/vdj/imgt_human_TRBV.fasta",
                "novel_alleles_and_genotyping/01-novel_allele_inference/subject_A/subject_A_novel_allele_inference_report/db_novel/human/vdj/imgt_human_TRDD.fasta",
                "novel_alleles_and_genotyping/01-novel_allele_inference/subject_A/subject_A_novel_allele_inference_report/db_novel/human/vdj/imgt_human_TRDJ.fasta",
                "novel_alleles_and_genotyping/01-novel_allele_inference/subject_A/subject_A_novel_allele_inference_report/db_novel/human/vdj/imgt_human_TRDV.fasta",
                "novel_alleles_and_genotyping/01-novel_allele_inference/subject_A/subject_A_novel_allele_inference_report/db_novel/human/vdj/imgt_human_TRGJ.fasta",
                "novel_alleles_and_genotyping/01-novel_allele_inference/subject_A/subject_A_novel_allele_inference_report/db_novel/human/vdj/imgt_human_TRGV.fasta",
                "novel_alleles_and_genotyping/01-novel_allele_inference/subject_A/subject_A_novel_allele_inference_report/ggplots",
                "novel_alleles_and_genotyping/01-novel_allele_inference/subject_A/subject_A_novel_allele_inference_report/ggplots/novel-allele-1.RData",
                "novel_alleles_and_genotyping/01-novel_allele_inference/subject_A/subject_A_novel_allele_inference_report/index.html",
                "novel_alleles_and_genotyping/01-novel_allele_inference/subject_A/subject_A_novel_allele_inference_report/params.RData",
                "novel_alleles_and_genotyping/01-novel_allele_inference/subject_A/subject_A_novel_allele_inference_report/reference-keys.txt",
                "novel_alleles_and_genotyping/01-novel_allele_inference/subject_A/subject_A_novel_allele_inference_report/search_index.json",
                "novel_alleles_and_genotyping/01-novel_allele_inference/subject_A/subject_A_novel_allele_inference_report/subject_A_novel_allele_inference_command_log.txt",
                "novel_alleles_and_genotyping/01-novel_allele_inference/subject_A/subject_A_novel_allele_inference_report/tables",
                "novel_alleles_and_genotyping/01-novel_allele_inference/subject_A/subject_A_novel_allele_inference_report/tables/tigger-novel_novel_report.tsv",
                "novel_alleles_and_genotyping/01-novel_allele_inference/subject_A/subject_A_novel_allele_inference_report/tigger-novel_novel_allele_evidence.rda",
                "novel_alleles_and_genotyping/01-novel_allele_inference/subject_A/subject_A_reassign_alleles_report",
                "novel_alleles_and_genotyping/01-novel_allele_inference/subject_A/subject_A_reassign_alleles_report/assets",
                "novel_alleles_and_genotyping/01-novel_allele_inference/subject_A/subject_A_reassign_alleles_report/assets/logo.png",
                "novel_alleles_and_genotyping/01-novel_allele_inference/subject_A/subject_A_reassign_alleles_report/assets/style.css",
                "novel_alleles_and_genotyping/01-novel_allele_inference/subject_A/subject_A_reassign_alleles_report/index.html",
                "novel_alleles_and_genotyping/01-novel_allele_inference/subject_A/subject_A_reassign_alleles_report/params.RData",
                "novel_alleles_and_genotyping/01-novel_allele_inference/subject_A/subject_A_reassign_alleles_report/reference-keys.txt",
                "novel_alleles_and_genotyping/01-novel_allele_inference/subject_A/subject_A_reassign_alleles_report/repertoires",
                "novel_alleles_and_genotyping/01-novel_allele_inference/subject_A/subject_A_reassign_alleles_report/repertoires/subject_A_allele-reassignment_reassign-pass.tsv",
                "novel_alleles_and_genotyping/01-novel_allele_inference/subject_A/subject_A_reassign_alleles_report/search_index.json",
                "novel_alleles_and_genotyping/01-novel_allele_inference/subject_A/subject_A_reassign_alleles_report/subject_A_reassign_alleles_command_log.txt",
                "novel_alleles_and_genotyping/01-novel_allele_inference/subject_B",
                "novel_alleles_and_genotyping/01-novel_allele_inference/subject_B/subject_B_novel_allele_inference_report",
                "novel_alleles_and_genotyping/01-novel_allele_inference/subject_B/subject_B_novel_allele_inference_report/assets",
                "novel_alleles_and_genotyping/01-novel_allele_inference/subject_B/subject_B_novel_allele_inference_report/assets/logo.png",
                "novel_alleles_and_genotyping/01-novel_allele_inference/subject_B/subject_B_novel_allele_inference_report/assets/style.css",
                "novel_alleles_and_genotyping/01-novel_allele_inference/subject_B/subject_B_novel_allele_inference_report/db_novel",
                "novel_alleles_and_genotyping/01-novel_allele_inference/subject_B/subject_B_novel_allele_inference_report/db_novel/human",
                "novel_alleles_and_genotyping/01-novel_allele_inference/subject_B/subject_B_novel_allele_inference_report/db_novel/human/vdj",
                "novel_alleles_and_genotyping/01-novel_allele_inference/subject_B/subject_B_novel_allele_inference_report/db_novel/human/vdj/imgt_human_IGHD.fasta",
                "novel_alleles_and_genotyping/01-novel_allele_inference/subject_B/subject_B_novel_allele_inference_report/db_novel/human/vdj/imgt_human_IGHJ.fasta",
                "novel_alleles_and_genotyping/01-novel_allele_inference/subject_B/subject_B_novel_allele_inference_report/db_novel/human/vdj/imgt_human_IGHV.fasta",
                "novel_alleles_and_genotyping/01-novel_allele_inference/subject_B/subject_B_novel_allele_inference_report/db_novel/human/vdj/imgt_human_IGKJ.fasta",
                "novel_alleles_and_genotyping/01-novel_allele_inference/subject_B/subject_B_novel_allele_inference_report/db_novel/human/vdj/imgt_human_IGKV.fasta",
                "novel_alleles_and_genotyping/01-novel_allele_inference/subject_B/subject_B_novel_allele_inference_report/db_novel/human/vdj/imgt_human_IGLJ.fasta",
                "novel_alleles_and_genotyping/01-novel_allele_inference/subject_B/subject_B_novel_allele_inference_report/db_novel/human/vdj/imgt_human_IGLV.fasta",
                "novel_alleles_and_genotyping/01-novel_allele_inference/subject_B/subject_B_novel_allele_inference_report/db_novel/human/vdj/imgt_human_TRAJ.fasta",
                "novel_alleles_and_genotyping/01-novel_allele_inference/subject_B/subject_B_novel_allele_inference_report/db_novel/human/vdj/imgt_human_TRAV.fasta",
                "novel_alleles_and_genotyping/01-novel_allele_inference/subject_B/subject_B_novel_allele_inference_report/db_novel/human/vdj/imgt_human_TRBD.fasta",
                "novel_alleles_and_genotyping/01-novel_allele_inference/subject_B/subject_B_novel_allele_inference_report/db_novel/human/vdj/imgt_human_TRBJ.fasta",
                "novel_alleles_and_genotyping/01-novel_allele_inference/subject_B/subject_B_novel_allele_inference_report/db_novel/human/vdj/imgt_human_TRBV.fasta",
                "novel_alleles_and_genotyping/01-novel_allele_inference/subject_B/subject_B_novel_allele_inference_report/db_novel/human/vdj/imgt_human_TRDD.fasta",
                "novel_alleles_and_genotyping/01-novel_allele_inference/subject_B/subject_B_novel_allele_inference_report/db_novel/human/vdj/imgt_human_TRDJ.fasta",
                "novel_alleles_and_genotyping/01-novel_allele_inference/subject_B/subject_B_novel_allele_inference_report/db_novel/human/vdj/imgt_human_TRDV.fasta",
                "novel_alleles_and_genotyping/01-novel_allele_inference/subject_B/subject_B_novel_allele_inference_report/db_novel/human/vdj/imgt_human_TRGJ.fasta",
                "novel_alleles_and_genotyping/01-novel_allele_inference/subject_B/subject_B_novel_allele_inference_report/db_novel/human/vdj/imgt_human_TRGV.fasta",
                "novel_alleles_and_genotyping/01-novel_allele_inference/subject_B/subject_B_novel_allele_inference_report/ggplots",
                "novel_alleles_and_genotyping/01-novel_allele_inference/subject_B/subject_B_novel_allele_inference_report/ggplots/novel-allele-1.RData",
                "novel_alleles_and_genotyping/01-novel_allele_inference/subject_B/subject_B_novel_allele_inference_report/index.html",
                "novel_alleles_and_genotyping/01-novel_allele_inference/subject_B/subject_B_novel_allele_inference_report/params.RData",
                "novel_alleles_and_genotyping/01-novel_allele_inference/subject_B/subject_B_novel_allele_inference_report/reference-keys.txt",
                "novel_alleles_and_genotyping/01-novel_allele_inference/subject_B/subject_B_novel_allele_inference_report/search_index.json",
                "novel_alleles_and_genotyping/01-novel_allele_inference/subject_B/subject_B_novel_allele_inference_report/subject_B_novel_allele_inference_command_log.txt",
                "novel_alleles_and_genotyping/01-novel_allele_inference/subject_B/subject_B_novel_allele_inference_report/tables",
                "novel_alleles_and_genotyping/01-novel_allele_inference/subject_B/subject_B_novel_allele_inference_report/tables/tigger-novel_novel_report.tsv",
                "novel_alleles_and_genotyping/01-novel_allele_inference/subject_B/subject_B_novel_allele_inference_report/tigger-novel_novel_allele_evidence.rda",
                "novel_alleles_and_genotyping/01-novel_allele_inference/subject_B/subject_B_reassign_alleles_report",
                "novel_alleles_and_genotyping/01-novel_allele_inference/subject_B/subject_B_reassign_alleles_report/assets",
                "novel_alleles_and_genotyping/01-novel_allele_inference/subject_B/subject_B_reassign_alleles_report/assets/logo.png",
                "novel_alleles_and_genotyping/01-novel_allele_inference/subject_B/subject_B_reassign_alleles_report/assets/style.css",
                "novel_alleles_and_genotyping/01-novel_allele_inference/subject_B/subject_B_reassign_alleles_report/index.html",
                "novel_alleles_and_genotyping/01-novel_allele_inference/subject_B/subject_B_reassign_alleles_report/params.RData",
                "novel_alleles_and_genotyping/01-novel_allele_inference/subject_B/subject_B_reassign_alleles_report/reference-keys.txt",
                "novel_alleles_and_genotyping/01-novel_allele_inference/subject_B/subject_B_reassign_alleles_report/repertoires",
                "novel_alleles_and_genotyping/01-novel_allele_inference/subject_B/subject_B_reassign_alleles_report/repertoires/subject_B_allele-reassignment_reassign-pass.tsv",
                "novel_alleles_and_genotyping/01-novel_allele_inference/subject_B/subject_B_reassign_alleles_report/search_index.json",
                "novel_alleles_and_genotyping/01-novel_allele_inference/subject_B/subject_B_reassign_alleles_report/subject_B_reassign_alleles_command_log.txt",
                "novel_alleles_and_genotyping/02-genotype_inference",
                "novel_alleles_and_genotyping/02-genotype_inference/subject_A",
                "novel_alleles_and_genotyping/02-genotype_inference/subject_A/subject_A_bayesian_genotype_inference_report",
                "novel_alleles_and_genotyping/02-genotype_inference/subject_A/subject_A_bayesian_genotype_inference_report/assets",
                "novel_alleles_and_genotyping/02-genotype_inference/subject_A/subject_A_bayesian_genotype_inference_report/assets/logo.png",
                "novel_alleles_and_genotyping/02-genotype_inference/subject_A/subject_A_bayesian_genotype_inference_report/assets/style.css",
                "novel_alleles_and_genotyping/02-genotype_inference/subject_A/subject_A_bayesian_genotype_inference_report/genotypes",
                "novel_alleles_and_genotyping/02-genotype_inference/subject_A/subject_A_bayesian_genotype_inference_report/genotypes/subject_A_tigger_genotype_report.tsv",
                "novel_alleles_and_genotyping/02-genotype_inference/subject_A/subject_A_bayesian_genotype_inference_report/ggplots",
                "novel_alleles_and_genotyping/02-genotype_inference/subject_A/subject_A_bayesian_genotype_inference_report/ggplots/genotype-inference-1.RData",
                "novel_alleles_and_genotyping/02-genotype_inference/subject_A/subject_A_bayesian_genotype_inference_report/ggplots/genotype-inference-2.RData",
                "novel_alleles_and_genotyping/02-genotype_inference/subject_A/subject_A_bayesian_genotype_inference_report/ggplots/genotype-inference-3.RData",
                "novel_alleles_and_genotyping/02-genotype_inference/subject_A/subject_A_bayesian_genotype_inference_report/index.html",
                "novel_alleles_and_genotyping/02-genotype_inference/subject_A/subject_A_bayesian_genotype_inference_report/params.RData",
                "novel_alleles_and_genotyping/02-genotype_inference/subject_A/subject_A_bayesian_genotype_inference_report/reference-keys.txt",
                "novel_alleles_and_genotyping/02-genotype_inference/subject_A/subject_A_bayesian_genotype_inference_report/references",
                "novel_alleles_and_genotyping/02-genotype_inference/subject_A/subject_A_bayesian_genotype_inference_report/references/subject_A",
                "novel_alleles_and_genotyping/02-genotype_inference/subject_A/subject_A_bayesian_genotype_inference_report/references/subject_A/db_genotype",
                "novel_alleles_and_genotyping/02-genotype_inference/subject_A/subject_A_bayesian_genotype_inference_report/references/subject_A/db_genotype/human",
                "novel_alleles_and_genotyping/02-genotype_inference/subject_A/subject_A_bayesian_genotype_inference_report/references/subject_A/db_genotype/human/vdj",
                "novel_alleles_and_genotyping/02-genotype_inference/subject_A/subject_A_bayesian_genotype_inference_report/references/subject_A/db_genotype/human/vdj/imgt_human_IGHD.fasta",
                "novel_alleles_and_genotyping/02-genotype_inference/subject_A/subject_A_bayesian_genotype_inference_report/references/subject_A/db_genotype/human/vdj/imgt_human_IGHJ.fasta",
                "novel_alleles_and_genotyping/02-genotype_inference/subject_A/subject_A_bayesian_genotype_inference_report/references/subject_A/db_genotype/human/vdj/imgt_human_IGHV.fasta",
                "novel_alleles_and_genotyping/02-genotype_inference/subject_A/subject_A_bayesian_genotype_inference_report/references/subject_A/db_genotype/human/vdj/imgt_human_IGKJ.fasta",
                "novel_alleles_and_genotyping/02-genotype_inference/subject_A/subject_A_bayesian_genotype_inference_report/references/subject_A/db_genotype/human/vdj/imgt_human_IGKV.fasta",
                "novel_alleles_and_genotyping/02-genotype_inference/subject_A/subject_A_bayesian_genotype_inference_report/references/subject_A/db_genotype/human/vdj/imgt_human_IGLJ.fasta",
                "novel_alleles_and_genotyping/02-genotype_inference/subject_A/subject_A_bayesian_genotype_inference_report/references/subject_A/db_genotype/human/vdj/imgt_human_IGLV.fasta",
                "novel_alleles_and_genotyping/02-genotype_inference/subject_A/subject_A_bayesian_genotype_inference_report/references/subject_A/db_genotype/human/vdj/imgt_human_TRAJ.fasta",
                "novel_alleles_and_genotyping/02-genotype_inference/subject_A/subject_A_bayesian_genotype_inference_report/references/subject_A/db_genotype/human/vdj/imgt_human_TRAV.fasta",
                "novel_alleles_and_genotyping/02-genotype_inference/subject_A/subject_A_bayesian_genotype_inference_report/references/subject_A/db_genotype/human/vdj/imgt_human_TRBD.fasta",
                "novel_alleles_and_genotyping/02-genotype_inference/subject_A/subject_A_bayesian_genotype_inference_report/references/subject_A/db_genotype/human/vdj/imgt_human_TRBJ.fasta",
                "novel_alleles_and_genotyping/02-genotype_inference/subject_A/subject_A_bayesian_genotype_inference_report/references/subject_A/db_genotype/human/vdj/imgt_human_TRBV.fasta",
                "novel_alleles_and_genotyping/02-genotype_inference/subject_A/subject_A_bayesian_genotype_inference_report/references/subject_A/db_genotype/human/vdj/imgt_human_TRDD.fasta",
                "novel_alleles_and_genotyping/02-genotype_inference/subject_A/subject_A_bayesian_genotype_inference_report/references/subject_A/db_genotype/human/vdj/imgt_human_TRDJ.fasta",
                "novel_alleles_and_genotyping/02-genotype_inference/subject_A/subject_A_bayesian_genotype_inference_report/references/subject_A/db_genotype/human/vdj/imgt_human_TRDV.fasta",
                "novel_alleles_and_genotyping/02-genotype_inference/subject_A/subject_A_bayesian_genotype_inference_report/references/subject_A/db_genotype/human/vdj/imgt_human_TRGJ.fasta",
                "novel_alleles_and_genotyping/02-genotype_inference/subject_A/subject_A_bayesian_genotype_inference_report/references/subject_A/db_genotype/human/vdj/imgt_human_TRGV.fasta",
                "novel_alleles_and_genotyping/02-genotype_inference/subject_A/subject_A_bayesian_genotype_inference_report/search_index.json",
                "novel_alleles_and_genotyping/02-genotype_inference/subject_A/subject_A_bayesian_genotype_inference_report/subject_A_bayesian_genotype_inference_command_log.txt",
                "novel_alleles_and_genotyping/02-genotype_inference/subject_A/subject_A_bayesian_genotype_inference_report/tables",
                "novel_alleles_and_genotyping/02-genotype_inference/subject_A/subject_A_bayesian_genotype_inference_report/tables/tab_genotype.tsv",
                "novel_alleles_and_genotyping/02-genotype_inference/subject_A/subject_A_reassign_alleles_report",
                "novel_alleles_and_genotyping/02-genotype_inference/subject_A/subject_A_reassign_alleles_report/assets",
                "novel_alleles_and_genotyping/02-genotype_inference/subject_A/subject_A_reassign_alleles_report/assets/logo.png",
                "novel_alleles_and_genotyping/02-genotype_inference/subject_A/subject_A_reassign_alleles_report/assets/style.css",
                "novel_alleles_and_genotyping/02-genotype_inference/subject_A/subject_A_reassign_alleles_report/index.html",
                "novel_alleles_and_genotyping/02-genotype_inference/subject_A/subject_A_reassign_alleles_report/params.RData",
                "novel_alleles_and_genotyping/02-genotype_inference/subject_A/subject_A_reassign_alleles_report/reference-keys.txt",
                "novel_alleles_and_genotyping/02-genotype_inference/subject_A/subject_A_reassign_alleles_report/repertoires",
                "novel_alleles_and_genotyping/02-genotype_inference/subject_A/subject_A_reassign_alleles_report/repertoires/subject_A_allele-reassignment_reassign-pass.tsv",
                "novel_alleles_and_genotyping/02-genotype_inference/subject_A/subject_A_reassign_alleles_report/search_index.json",
                "novel_alleles_and_genotyping/02-genotype_inference/subject_A/subject_A_reassign_alleles_report/subject_A_reassign_alleles_command_log.txt",
                "novel_alleles_and_genotyping/02-genotype_inference/subject_B",
                "novel_alleles_and_genotyping/02-genotype_inference/subject_B/subject_B_bayesian_genotype_inference_report",
                "novel_alleles_and_genotyping/02-genotype_inference/subject_B/subject_B_bayesian_genotype_inference_report/assets",
                "novel_alleles_and_genotyping/02-genotype_inference/subject_B/subject_B_bayesian_genotype_inference_report/assets/logo.png",
                "novel_alleles_and_genotyping/02-genotype_inference/subject_B/subject_B_bayesian_genotype_inference_report/assets/style.css",
                "novel_alleles_and_genotyping/02-genotype_inference/subject_B/subject_B_bayesian_genotype_inference_report/genotypes",
                "novel_alleles_and_genotyping/02-genotype_inference/subject_B/subject_B_bayesian_genotype_inference_report/genotypes/subject_B_tigger_genotype_report.tsv",
                "novel_alleles_and_genotyping/02-genotype_inference/subject_B/subject_B_bayesian_genotype_inference_report/ggplots",
                "novel_alleles_and_genotyping/02-genotype_inference/subject_B/subject_B_bayesian_genotype_inference_report/ggplots/genotype-inference-1.RData",
                "novel_alleles_and_genotyping/02-genotype_inference/subject_B/subject_B_bayesian_genotype_inference_report/ggplots/genotype-inference-2.RData",
                "novel_alleles_and_genotyping/02-genotype_inference/subject_B/subject_B_bayesian_genotype_inference_report/ggplots/genotype-inference-3.RData",
                "novel_alleles_and_genotyping/02-genotype_inference/subject_B/subject_B_bayesian_genotype_inference_report/index.html",
                "novel_alleles_and_genotyping/02-genotype_inference/subject_B/subject_B_bayesian_genotype_inference_report/params.RData",
                "novel_alleles_and_genotyping/02-genotype_inference/subject_B/subject_B_bayesian_genotype_inference_report/reference-keys.txt",
                "novel_alleles_and_genotyping/02-genotype_inference/subject_B/subject_B_bayesian_genotype_inference_report/references",
                "novel_alleles_and_genotyping/02-genotype_inference/subject_B/subject_B_bayesian_genotype_inference_report/references/subject_B",
                "novel_alleles_and_genotyping/02-genotype_inference/subject_B/subject_B_bayesian_genotype_inference_report/references/subject_B/db_genotype",
                "novel_alleles_and_genotyping/02-genotype_inference/subject_B/subject_B_bayesian_genotype_inference_report/references/subject_B/db_genotype/human",
                "novel_alleles_and_genotyping/02-genotype_inference/subject_B/subject_B_bayesian_genotype_inference_report/references/subject_B/db_genotype/human/vdj",
                "novel_alleles_and_genotyping/02-genotype_inference/subject_B/subject_B_bayesian_genotype_inference_report/references/subject_B/db_genotype/human/vdj/imgt_human_IGHD.fasta",
                "novel_alleles_and_genotyping/02-genotype_inference/subject_B/subject_B_bayesian_genotype_inference_report/references/subject_B/db_genotype/human/vdj/imgt_human_IGHJ.fasta",
                "novel_alleles_and_genotyping/02-genotype_inference/subject_B/subject_B_bayesian_genotype_inference_report/references/subject_B/db_genotype/human/vdj/imgt_human_IGHV.fasta",
                "novel_alleles_and_genotyping/02-genotype_inference/subject_B/subject_B_bayesian_genotype_inference_report/references/subject_B/db_genotype/human/vdj/imgt_human_IGKJ.fasta",
                "novel_alleles_and_genotyping/02-genotype_inference/subject_B/subject_B_bayesian_genotype_inference_report/references/subject_B/db_genotype/human/vdj/imgt_human_IGKV.fasta",
                "novel_alleles_and_genotyping/02-genotype_inference/subject_B/subject_B_bayesian_genotype_inference_report/references/subject_B/db_genotype/human/vdj/imgt_human_IGLJ.fasta",
                "novel_alleles_and_genotyping/02-genotype_inference/subject_B/subject_B_bayesian_genotype_inference_report/references/subject_B/db_genotype/human/vdj/imgt_human_IGLV.fasta",
                "novel_alleles_and_genotyping/02-genotype_inference/subject_B/subject_B_bayesian_genotype_inference_report/references/subject_B/db_genotype/human/vdj/imgt_human_TRAJ.fasta",
                "novel_alleles_and_genotyping/02-genotype_inference/subject_B/subject_B_bayesian_genotype_inference_report/references/subject_B/db_genotype/human/vdj/imgt_human_TRAV.fasta",
                "novel_alleles_and_genotyping/02-genotype_inference/subject_B/subject_B_bayesian_genotype_inference_report/references/subject_B/db_genotype/human/vdj/imgt_human_TRBD.fasta",
                "novel_alleles_and_genotyping/02-genotype_inference/subject_B/subject_B_bayesian_genotype_inference_report/references/subject_B/db_genotype/human/vdj/imgt_human_TRBJ.fasta",
                "novel_alleles_and_genotyping/02-genotype_inference/subject_B/subject_B_bayesian_genotype_inference_report/references/subject_B/db_genotype/human/vdj/imgt_human_TRBV.fasta",
                "novel_alleles_and_genotyping/02-genotype_inference/subject_B/subject_B_bayesian_genotype_inference_report/references/subject_B/db_genotype/human/vdj/imgt_human_TRDD.fasta",
                "novel_alleles_and_genotyping/02-genotype_inference/subject_B/subject_B_bayesian_genotype_inference_report/references/subject_B/db_genotype/human/vdj/imgt_human_TRDJ.fasta",
                "novel_alleles_and_genotyping/02-genotype_inference/subject_B/subject_B_bayesian_genotype_inference_report/references/subject_B/db_genotype/human/vdj/imgt_human_TRDV.fasta",
                "novel_alleles_and_genotyping/02-genotype_inference/subject_B/subject_B_bayesian_genotype_inference_report/references/subject_B/db_genotype/human/vdj/imgt_human_TRGJ.fasta",
                "novel_alleles_and_genotyping/02-genotype_inference/subject_B/subject_B_bayesian_genotype_inference_report/references/subject_B/db_genotype/human/vdj/imgt_human_TRGV.fasta",
                "novel_alleles_and_genotyping/02-genotype_inference/subject_B/subject_B_bayesian_genotype_inference_report/search_index.json",
                "novel_alleles_and_genotyping/02-genotype_inference/subject_B/subject_B_bayesian_genotype_inference_report/subject_B_bayesian_genotype_inference_command_log.txt",
                "novel_alleles_and_genotyping/02-genotype_inference/subject_B/subject_B_bayesian_genotype_inference_report/tables",
                "novel_alleles_and_genotyping/02-genotype_inference/subject_B/subject_B_bayesian_genotype_inference_report/tables/tab_genotype.tsv",
                "novel_alleles_and_genotyping/02-genotype_inference/subject_B/subject_B_reassign_alleles_report",
                "novel_alleles_and_genotyping/02-genotype_inference/subject_B/subject_B_reassign_alleles_report/assets",
                "novel_alleles_and_genotyping/02-genotype_inference/subject_B/subject_B_reassign_alleles_report/assets/logo.png",
                "novel_alleles_and_genotyping/02-genotype_inference/subject_B/subject_B_reassign_alleles_report/assets/style.css",
                "novel_alleles_and_genotyping/02-genotype_inference/subject_B/subject_B_reassign_alleles_report/index.html",
                "novel_alleles_and_genotyping/02-genotype_inference/subject_B/subject_B_reassign_alleles_report/params.RData",
                "novel_alleles_and_genotyping/02-genotype_inference/subject_B/subject_B_reassign_alleles_report/reference-keys.txt",
                "novel_alleles_and_genotyping/02-genotype_inference/subject_B/subject_B_reassign_alleles_report/repertoires",
                "novel_alleles_and_genotyping/02-genotype_inference/subject_B/subject_B_reassign_alleles_report/repertoires/subject_B_allele-reassignment_reassign-pass.tsv",
                "novel_alleles_and_genotyping/02-genotype_inference/subject_B/subject_B_reassign_alleles_report/search_index.json",
                "novel_alleles_and_genotyping/02-genotype_inference/subject_B/subject_B_reassign_alleles_report/subject_B_reassign_alleles_command_log.txt",
                "pipeline_info",
                "pipeline_info/nf_core_airrflow_software_mqc_versions.yml",
                "pipeline_info/samplesheet.valid.tsv",
                "qc-filtering",
                "qc-filtering/bulk-qc-filtering",
                "qc-filtering/bulk-qc-filtering/04-collapse-duplicates",
                "qc-filtering/bulk-qc-filtering/04-collapse-duplicates/sample_A_collapse_command_log.txt",
                "qc-filtering/bulk-qc-filtering/04-collapse-duplicates/sample_A_collapse_report",
                "qc-filtering/bulk-qc-filtering/04-collapse-duplicates/sample_A_collapse_report/assets",
                "qc-filtering/bulk-qc-filtering/04-collapse-duplicates/sample_A_collapse_report/assets/logo.png",
                "qc-filtering/bulk-qc-filtering/04-collapse-duplicates/sample_A_collapse_report/assets/style.css",
                "qc-filtering/bulk-qc-filtering/04-collapse-duplicates/sample_A_collapse_report/index.html",
                "qc-filtering/bulk-qc-filtering/04-collapse-duplicates/sample_A_collapse_report/params.RData",
                "qc-filtering/bulk-qc-filtering/04-collapse-duplicates/sample_A_collapse_report/reference-keys.txt",
                "qc-filtering/bulk-qc-filtering/04-collapse-duplicates/sample_A_collapse_report/repertoires",
                "qc-filtering/bulk-qc-filtering/04-collapse-duplicates/sample_A_collapse_report/repertoires/sample_A_sample_A_collapse-pass.tsv",
                "qc-filtering/bulk-qc-filtering/04-collapse-duplicates/sample_A_collapse_report/search_index.json",
                "qc-filtering/bulk-qc-filtering/04-collapse-duplicates/sample_B_collapse_command_log.txt",
                "qc-filtering/bulk-qc-filtering/04-collapse-duplicates/sample_B_collapse_report",
                "qc-filtering/bulk-qc-filtering/04-collapse-duplicates/sample_B_collapse_report/assets",
                "qc-filtering/bulk-qc-filtering/04-collapse-duplicates/sample_B_collapse_report/assets/logo.png",
                "qc-filtering/bulk-qc-filtering/04-collapse-duplicates/sample_B_collapse_report/assets/style.css",
                "qc-filtering/bulk-qc-filtering/04-collapse-duplicates/sample_B_collapse_report/index.html",
                "qc-filtering/bulk-qc-filtering/04-collapse-duplicates/sample_B_collapse_report/params.RData",
                "qc-filtering/bulk-qc-filtering/04-collapse-duplicates/sample_B_collapse_report/reference-keys.txt",
                "qc-filtering/bulk-qc-filtering/04-collapse-duplicates/sample_B_collapse_report/repertoires",
                "qc-filtering/bulk-qc-filtering/04-collapse-duplicates/sample_B_collapse_report/repertoires/sample_B_sample_B_collapse-pass.tsv",
                "qc-filtering/bulk-qc-filtering/04-collapse-duplicates/sample_B_collapse_report/search_index.json",
                "qc-filtering/bulk-qc-filtering/04-collapse-duplicates/sample_C_collapse_command_log.txt",
                "qc-filtering/bulk-qc-filtering/04-collapse-duplicates/sample_C_collapse_report",
                "qc-filtering/bulk-qc-filtering/04-collapse-duplicates/sample_C_collapse_report/assets",
                "qc-filtering/bulk-qc-filtering/04-collapse-duplicates/sample_C_collapse_report/assets/logo.png",
                "qc-filtering/bulk-qc-filtering/04-collapse-duplicates/sample_C_collapse_report/assets/style.css",
                "qc-filtering/bulk-qc-filtering/04-collapse-duplicates/sample_C_collapse_report/index.html",
                "qc-filtering/bulk-qc-filtering/04-collapse-duplicates/sample_C_collapse_report/params.RData",
                "qc-filtering/bulk-qc-filtering/04-collapse-duplicates/sample_C_collapse_report/reference-keys.txt",
                "qc-filtering/bulk-qc-filtering/04-collapse-duplicates/sample_C_collapse_report/repertoires",
                "qc-filtering/bulk-qc-filtering/04-collapse-duplicates/sample_C_collapse_report/repertoires/sample_C_sample_C_collapse-pass.tsv",
                "qc-filtering/bulk-qc-filtering/04-collapse-duplicates/sample_C_collapse_report/search_index.json",
                "repertoire_comparison",
                "repertoire_comparison/Sequence_numbers_summary",
                "repertoire_comparison/Sequence_numbers_summary/Table_sequences_assembled.tsv",
                "repertoire_comparison/V_family",
                "repertoire_comparison/V_family/V_Family_distribution_patient.pdf",
                "repertoire_comparison/V_family/V_Family_distribution_patient.png",
                "repertoire_comparison/V_family/V_family_distribution_data.tsv",
                "repertoire_comparison/V_family/V_gene_distribution_by_sequence_data.tsv",
                "repertoire_comparison/V_family/V_gene_distribution_by_sequence_patient.pdf",
                "repertoire_comparison/V_family/V_gene_distribution_by_sequence_patient.png",
                "report_file_size",
                "report_file_size/file_size_report",
                "report_file_size/file_size_report/assets",
                "report_file_size/file_size_report/assets/logo.png",
                "report_file_size/file_size_report/assets/style.css",
                "report_file_size/file_size_report/ggplots",
                "report_file_size/file_size_report/ggplots/airr_data_to_test_novel_alleles.RData",
                "report_file_size/file_size_report/ggplots/sequence_count_plot.RData",
                "report_file_size/file_size_report/index.html",
                "report_file_size/file_size_report/params.RData",
                "report_file_size/file_size_report/reference-keys.txt",
                "report_file_size/file_size_report/search_index.json",
                "report_file_size/file_size_report/tables",
                "report_file_size/file_size_report/tables/airr_data_to_test_novel_alleles.tsv",
                "report_file_size/file_size_report/tables/log_data.tsv",
                "validated_input",
                "validated_input/validate_input_report",
                "validated_input/validate_input_report/validated_input.tsv",
                "validated_input/validate_input_report/validated_input_not-valid.tsv",
                "vdj_annotation",
                "vdj_annotation/01-assign-genes",
                "vdj_annotation/01-assign-genes/sample_A",
                "vdj_annotation/01-assign-genes/sample_A/sample_A_changeo_assigngenes_command_log.txt",
                "vdj_annotation/01-assign-genes/sample_A/sample_A_igblast.fmt7",
                "vdj_annotation/01-assign-genes/sample_A/sample_A_sequences.fasta",
                "vdj_annotation/01-assign-genes/sample_B",
                "vdj_annotation/01-assign-genes/sample_B/sample_B_changeo_assigngenes_command_log.txt",
                "vdj_annotation/01-assign-genes/sample_B/sample_B_igblast.fmt7",
                "vdj_annotation/01-assign-genes/sample_B/sample_B_sequences.fasta",
                "vdj_annotation/01-assign-genes/sample_C",
                "vdj_annotation/01-assign-genes/sample_C/sample_C_changeo_assigngenes_command_log.txt",
                "vdj_annotation/01-assign-genes/sample_C/sample_C_igblast.fmt7",
                "vdj_annotation/01-assign-genes/sample_C/sample_C_sequences.fasta",
                "vdj_annotation/02-make-db",
                "vdj_annotation/02-make-db/sample_A",
                "vdj_annotation/02-make-db/sample_A/sample_A_db-pass.tsv",
                "vdj_annotation/02-make-db/sample_A/sample_A_makedb_command_log.txt",
                "vdj_annotation/02-make-db/sample_B",
                "vdj_annotation/02-make-db/sample_B/sample_B_db-pass.tsv",
                "vdj_annotation/02-make-db/sample_B/sample_B_makedb_command_log.txt",
                "vdj_annotation/02-make-db/sample_C",
                "vdj_annotation/02-make-db/sample_C/sample_C_db-pass.tsv",
                "vdj_annotation/02-make-db/sample_C/sample_C_makedb_command_log.txt",
                "vdj_annotation/03-quality-filter",
                "vdj_annotation/03-quality-filter/sample_A",
                "vdj_annotation/03-quality-filter/sample_A/sample_A_fq_command_log.txt",
                "vdj_annotation/03-quality-filter/sample_A/sample_A_quality-pass.tsv",
                "vdj_annotation/03-quality-filter/sample_B",
                "vdj_annotation/03-quality-filter/sample_B/sample_B_fq_command_log.txt",
                "vdj_annotation/03-quality-filter/sample_B/sample_B_quality-pass.tsv",
                "vdj_annotation/03-quality-filter/sample_C",
                "vdj_annotation/03-quality-filter/sample_C/sample_C_fq_command_log.txt",
                "vdj_annotation/03-quality-filter/sample_C/sample_C_quality-pass.tsv",
                "vdj_annotation/04-select-productive",
                "vdj_annotation/04-select-productive/sample_A",
                "vdj_annotation/04-select-productive/sample_A/sample_A_productive-F.tsv",
                "vdj_annotation/04-select-productive/sample_A/sample_A_productive-T.tsv",
                "vdj_annotation/04-select-productive/sample_A/sample_A_split_command_log.txt",
                "vdj_annotation/04-select-productive/sample_B",
                "vdj_annotation/04-select-productive/sample_B/sample_B_productive-F.tsv",
                "vdj_annotation/04-select-productive/sample_B/sample_B_productive-T.tsv",
                "vdj_annotation/04-select-productive/sample_B/sample_B_split_command_log.txt",
                "vdj_annotation/04-select-productive/sample_C",
                "vdj_annotation/04-select-productive/sample_C/sample_C_productive-F.tsv",
                "vdj_annotation/04-select-productive/sample_C/sample_C_productive-T.tsv",
                "vdj_annotation/04-select-productive/sample_C/sample_C_split_command_log.txt",
                "vdj_annotation/05-select-junction-mod3",
                "vdj_annotation/05-select-junction-mod3/sample_A",
                "vdj_annotation/05-select-junction-mod3/sample_A/sample_A_jmod3_command_log.txt",
                "vdj_annotation/05-select-junction-mod3/sample_A/sample_A_junction-pass.tsv",
                "vdj_annotation/05-select-junction-mod3/sample_B",
                "vdj_annotation/05-select-junction-mod3/sample_B/sample_B_jmod3_command_log.txt",
                "vdj_annotation/05-select-junction-mod3/sample_B/sample_B_junction-pass.tsv",
                "vdj_annotation/05-select-junction-mod3/sample_C",
                "vdj_annotation/05-select-junction-mod3/sample_C/sample_C_jmod3_command_log.txt",
                "vdj_annotation/05-select-junction-mod3/sample_C/sample_C_junction-pass.tsv",
                "vdj_annotation/06-annotate-metadata",
                "vdj_annotation/06-annotate-metadata/sample_A",
                "vdj_annotation/06-annotate-metadata/sample_A/sample_A_add-meta_command_log.txt",
                "vdj_annotation/06-annotate-metadata/sample_A/sample_A_meta-pass.tsv",
                "vdj_annotation/06-annotate-metadata/sample_B",
                "vdj_annotation/06-annotate-metadata/sample_B/sample_B_add-meta_command_log.txt",
                "vdj_annotation/06-annotate-metadata/sample_B/sample_B_meta-pass.tsv",
                "vdj_annotation/06-annotate-metadata/sample_C",
                "vdj_annotation/06-annotate-metadata/sample_C/sample_C_add-meta_command_log.txt",
                "vdj_annotation/06-annotate-metadata/sample_C/sample_C_meta-pass.tsv",
                "vdj_annotation/convert-db",
                "vdj_annotation/convert-db/sample_A",
                "vdj_annotation/convert-db/sample_A/sample_A_convertdb_command_log.txt",
                "vdj_annotation/convert-db/sample_A/sample_A_sequences.fasta",
                "vdj_annotation/convert-db/sample_B",
                "vdj_annotation/convert-db/sample_B/sample_B_convertdb_command_log.txt",
                "vdj_annotation/convert-db/sample_B/sample_B_sequences.fasta",
                "vdj_annotation/convert-db/sample_C",
                "vdj_annotation/convert-db/sample_C/sample_C_convertdb_command_log.txt",
                "vdj_annotation/convert-db/sample_C/sample_C_sequences.fasta"
            ],
            [
                "style.css:md5,d0833d790556369103776a429102fedf",
                "subject_A_clone_command_log.txt:md5,5941e649b24afd2b54cd200072a3187c",
                "style.css:md5,d0833d790556369103776a429102fedf",
                "subject_B_clone_command_log.txt:md5,30ed45bd5de441fd680a3c7dabefbd1e",
                "all_reps_clone_command_log.txt:md5,bbe7be6822e97440dfe57b1f310a806b",
                "style.css:md5,d0833d790556369103776a429102fedf",
                "multiqc_citations.txt:md5,4c806e63a283ec1b7e78cdae3a923d4f",
                "style.css:md5,d0833d790556369103776a429102fedf",
                "subject_A_novel_allele_inference_command_log.txt:md5,3d18584fb4b8329b797b00f89fc8c3b5",
                "tigger-novel_novel_allele_evidence.rda:md5,4ddadc5281094fa0bbd521a3447112bc",
                "style.css:md5,d0833d790556369103776a429102fedf",
                "subject_A_reassign_alleles_command_log.txt:md5,ea311a42d150046778415ce2378f9aae",
                "style.css:md5,d0833d790556369103776a429102fedf",
                "subject_B_novel_allele_inference_command_log.txt:md5,5bffdbfd020d3a1383dd92e90cbcbb29",
                "tigger-novel_novel_allele_evidence.rda:md5,eba6fbbd0918a328b43a56579d0411c9",
                "style.css:md5,d0833d790556369103776a429102fedf",
                "subject_B_reassign_alleles_command_log.txt:md5,3b7d62a07f364b44683c321a74d8909a",
                "style.css:md5,d0833d790556369103776a429102fedf",
                "subject_A_bayesian_genotype_inference_command_log.txt:md5,5e1bc42878f5733f84ceb4a9dd6a1864",
                "style.css:md5,d0833d790556369103776a429102fedf",
                "subject_A_reassign_alleles_command_log.txt:md5,ea311a42d150046778415ce2378f9aae",
                "style.css:md5,d0833d790556369103776a429102fedf",
                "subject_B_bayesian_genotype_inference_command_log.txt:md5,98e6ff4a923f03db8730765064b29d01",
                "style.css:md5,d0833d790556369103776a429102fedf",
                "subject_B_reassign_alleles_command_log.txt:md5,3b7d62a07f364b44683c321a74d8909a",
                "sample_A_collapse_command_log.txt:md5,93f994bc3f0873d1fae9628d22e239e6",
                "style.css:md5,d0833d790556369103776a429102fedf",
                "sample_B_collapse_command_log.txt:md5,b9ec44a26356378852c56a0877cd4fae",
                "style.css:md5,d0833d790556369103776a429102fedf",
                "sample_C_collapse_command_log.txt:md5,ce304d2006be6c5db7eaf82f89122128",
                "style.css:md5,d0833d790556369103776a429102fedf",
                "style.css:md5,d0833d790556369103776a429102fedf",
                "sample_A_fq_command_log.txt:md5,e4ae9b80415ad43ace45446f5beac40a",
                "sample_B_fq_command_log.txt:md5,c434e069e4393136c9cb7e585c1aacb4",
                "sample_C_fq_command_log.txt:md5,d6b438bf1a6c516f6d385a37b2a389ad",
                "sample_A_jmod3_command_log.txt:md5,2d8a2b9df9e80c47b72ffacfbb5059ec",
                "sample_B_jmod3_command_log.txt:md5,1ca5c74b870b758cf41e720eed4be75f",
                "sample_C_jmod3_command_log.txt:md5,518af3f5a23fa7259f1bfe1349c685f2",
                "sample_A_add-meta_command_log.txt:md5,5e35bae46535068c0d773ee01a536b65",
                "sample_B_add-meta_command_log.txt:md5,5ac8fcd6fac3bb4901d9ca3c3991fdf7",
                "sample_C_add-meta_command_log.txt:md5,fab8a6e0ae5a517b47325df5161e8e55"
            ],
            "Table_sequences_assembled.tsv:md5,51968bd468a92b89c478e8f30c7b56c9"
        ],
        "meta": {
            "nf-test": "0.9.3",
            "nextflow": "26.04.1"
        },
        "timestamp": "2026-05-29T14:57:43.058652912"
    }
}