{
    "-profile test_10x_sc": {
        "content": [
            18,
            {
                "ADD_META_TO_TAB": {
                    "R": "4.6.1",
                    "dplyr": "1.2.1",
                    "optparse": "1.8.2"
                },
                "AIRRFLOW_REPORT": {
                    "R": "4.6.1",
                    "alakazam": "1.4.3.999",
                    "dplyr": "1.2.1",
                    "knitr": "1.52",
                    "shazam": "1.3.2",
                    "stringr": "1.6.0"
                },
                "CELLRANGER_VDJ": {
                    "cellranger": "8.0.0"
                },
                "CHANGEO_ASSIGNGENES": {
                    "changeo": "1.3.4",
                    "igblastn": " 1.22.0"
                },
                "CHANGEO_CONVERTDB_FASTA_FROM_AIRR": {
                    "changeo": "1.3.4",
                    "igblastn": " 1.22.0"
                },
                "CHANGEO_MAKEDB": {
                    "changeo": "1.3.4",
                    "igblastn": " 1.22.0"
                },
                "CHANGEO_PARSEDB_SPLIT": {
                    "changeo": "1.3.4"
                },
                "FILTER_JUNCTION_MOD3": {
                    "R": "4.6.1",
                    "airr": "2.0.0",
                    "alakazam": "1.4.3.999",
                    "optparse": "1.8.2"
                },
                "FILTER_QUALITY": {
                    "DT": "0.34.0",
                    "R": "4.6.1",
                    "airr": "2.0.0",
                    "alakazam": "1.4.3.999",
                    "dplyr": "1.2.1",
                    "optparse": "1.8.2",
                    "stringi": "1.8.9"
                },
                "REPORT_FILE_SIZE": {
                    "enchantr": "0.1.26.999"
                },
                "SAMPLESHEET_CHECK": {
                    "pandas": "1.1.5",
                    "python": " 3.9.1"
                },
                "SINGLE_CELL_QC": {
                    "enchantr": "0.1.26.999"
                },
                "UNZIP_CELLRANGERDB": {
                    "unzip_cellrangerdb": "1.30"
                },
                "UNZIP_IGBLAST": {
                    "unzip": "6.00"
                },
                "UNZIP_REFERENCE_FASTA": {
                    "unzip": "6.00"
                },
                "VALIDATE_IGBLAST_DB": {
                    "bash": "5.0.3"
                },
                "Workflow": {
                    "nf-core/airrflow": "v5.1.1"
                }
            },
            [
                "Airrflow_report.html",
                "multiqc",
                "multiqc/multiqc_data",
                "multiqc/multiqc_data/llms-full.txt",
                "multiqc/multiqc_data/multiqc.log",
                "multiqc/multiqc_data/multiqc.parquet",
                "multiqc/multiqc_data/multiqc_citations.txt",
                "multiqc/multiqc_data/multiqc_data.json",
                "multiqc/multiqc_data/multiqc_software_versions.txt",
                "multiqc/multiqc_data/multiqc_sources.txt",
                "multiqc/multiqc_report.html",
                "pipeline_info",
                "pipeline_info/nf_core_airrflow_software_mqc_versions.yml",
                "pipeline_info/samplesheet.valid.tsv",
                "qc-filtering",
                "qc-filtering/single-cell-qc",
                "qc-filtering/single-cell-qc/all_reps_scqc_command_log.txt",
                "qc-filtering/single-cell-qc/all_reps_scqc_report",
                "qc-filtering/single-cell-qc/all_reps_scqc_report/assets",
                "qc-filtering/single-cell-qc/all_reps_scqc_report/assets/logo.png",
                "qc-filtering/single-cell-qc/all_reps_scqc_report/assets/style.css",
                "qc-filtering/single-cell-qc/all_reps_scqc_report/ggplots",
                "qc-filtering/single-cell-qc/all_reps_scqc_report/ggplots/p-seqs-per-cell.RData",
                "qc-filtering/single-cell-qc/all_reps_scqc_report/index.html",
                "qc-filtering/single-cell-qc/all_reps_scqc_report/params.RData",
                "qc-filtering/single-cell-qc/all_reps_scqc_report/reference-keys.txt",
                "qc-filtering/single-cell-qc/all_reps_scqc_report/repertoires",
                "qc-filtering/single-cell-qc/all_reps_scqc_report/repertoires/Sample1__scqc-pass.tsv.gz",
                "qc-filtering/single-cell-qc/all_reps_scqc_report/repertoires/_scqc-contamination-fail.tsv.gz",
                "qc-filtering/single-cell-qc/all_reps_scqc_report/search_index.json",
                "repertoire_comparison",
                "repertoire_comparison/Sequence_numbers_summary",
                "repertoire_comparison/Sequence_numbers_summary/Table_sequences_assembled.tsv",
                "report_file_size",
                "report_file_size/file_size_report",
                "report_file_size/file_size_report/assets",
                "report_file_size/file_size_report/assets/logo.png",
                "report_file_size/file_size_report/assets/style.css",
                "report_file_size/file_size_report/ggplots",
                "report_file_size/file_size_report/ggplots/Sample1_sequences.RData",
                "report_file_size/file_size_report/ggplots/sequence_count_plot.RData",
                "report_file_size/file_size_report/index.html",
                "report_file_size/file_size_report/params.RData",
                "report_file_size/file_size_report/reference-keys.txt",
                "report_file_size/file_size_report/search_index.json",
                "report_file_size/file_size_report/tables",
                "report_file_size/file_size_report/tables/Sample1_sequences.tsv",
                "report_file_size/file_size_report/tables/log_data.tsv",
                "vdj_annotation",
                "vdj_annotation/01-assign-genes",
                "vdj_annotation/01-assign-genes/Sample1",
                "vdj_annotation/01-assign-genes/Sample1/Sample1_changeo_assigngenes_command_log.txt",
                "vdj_annotation/01-assign-genes/Sample1/Sample1_igblast.fmt7",
                "vdj_annotation/01-assign-genes/Sample1/Sample1_sequences.fasta",
                "vdj_annotation/02-make-db",
                "vdj_annotation/02-make-db/Sample1",
                "vdj_annotation/02-make-db/Sample1/Sample1_db-pass.tsv",
                "vdj_annotation/02-make-db/Sample1/Sample1_makedb_command_log.txt",
                "vdj_annotation/03-quality-filter",
                "vdj_annotation/03-quality-filter/Sample1",
                "vdj_annotation/03-quality-filter/Sample1/Sample1_fq_command_log.txt",
                "vdj_annotation/03-quality-filter/Sample1/Sample1_quality-pass.tsv",
                "vdj_annotation/04-select-productive",
                "vdj_annotation/04-select-productive/Sample1",
                "vdj_annotation/04-select-productive/Sample1/Sample1_productive-T.tsv",
                "vdj_annotation/04-select-productive/Sample1/Sample1_split_command_log.txt",
                "vdj_annotation/05-select-junction-mod3",
                "vdj_annotation/05-select-junction-mod3/Sample1",
                "vdj_annotation/05-select-junction-mod3/Sample1/Sample1_jmod3_command_log.txt",
                "vdj_annotation/05-select-junction-mod3/Sample1/Sample1_junction-pass.tsv",
                "vdj_annotation/06-annotate-metadata",
                "vdj_annotation/06-annotate-metadata/Sample1",
                "vdj_annotation/06-annotate-metadata/Sample1/Sample1_add-meta_command_log.txt",
                "vdj_annotation/06-annotate-metadata/Sample1/Sample1_meta-pass.tsv",
                "vdj_annotation/convert-db",
                "vdj_annotation/convert-db/Sample1",
                "vdj_annotation/convert-db/Sample1/Sample1_convertdb_command_log.txt",
                "vdj_annotation/convert-db/Sample1/Sample1_sequences.fasta"
            ],
            [
                "multiqc_citations.txt:md5,4c806e63a283ec1b7e78cdae3a923d4f",
                "all_reps_scqc_command_log.txt:md5,9cc3c83beb79f509e78fd3d25f3f7713",
                "style.css:md5,d0833d790556369103776a429102fedf",
                "Sample1__scqc-pass.tsv.gz:md5,1034898f578381239117b45bd856120c",
                "_scqc-contamination-fail.tsv.gz:md5,654db77c36ca2fa83835681b1c4c3c55",
                "style.css:md5,d0833d790556369103776a429102fedf",
                "Sample1_fq_command_log.txt:md5,681ae237c9b28a23695ee57745d3f0fc",
                "Sample1_jmod3_command_log.txt:md5,a5367f27524a90c89df50d2a4c5009c3",
                "Sample1_add-meta_command_log.txt:md5,408220585e5a54ca839471794f5e9ae5"
            ],
            "Table_sequences_assembled.tsv:md5,3a75dcfb427de7a4f15617aed91bb5ad"
        ],
        "timestamp": "2026-09-17T10:25:09.189664373",
        "meta": {
            "nf-test": "0.9.5",
            "nextflow": "26.04.4"
        }
    }
}