{
    "-profile test_takara_smartseq_umi_bcr": {
        "content": [
            33,
            {
                "ADD_META_TO_TAB": {
                    "dplyr": "1.1.4",
                    "optparse": "1.7.5",
                    "R": "4.5.1"
                },
                "AIRRFLOW_REPORT": {
                    "alakazam": "1.3.1",
                    "shazam": "1.2.1",
                    "stringr": "1.5.2",
                    "dplyr": "1.1.4",
                    "knitr": 1.5,
                    "R": "4.5.1"
                },
                "CHANGEO_ASSIGNGENES": {
                    "igblastn": "1.22.0",
                    "changeo": "1.3.0"
                },
                "CHANGEO_MAKEDB": {
                    "igblastn": "1.22.0",
                    "changeo": "1.3.0"
                },
                "CHANGEO_PARSEDB_SPLIT": {
                    "changeo": "1.3.0"
                },
                "CLONAL_ASSIGNMENT_COMPUTE": {
                    "enchantr": "0.1.24"
                },
                "CLONAL_ASSIGNMENT_REPORT": {
                    "enchantr": "0.1.24"
                },
                "COLLAPSE_DUPLICATES": {
                    "enchantr": "0.1.24"
                },
                "FASTP": {
                    "fastp": "0.23.4"
                },
                "FASTQC_POSTASSEMBLY_UMI": {
                    "fastqc": "0.12.1"
                },
                "FILTER_JUNCTION_MOD3": {
                    "alakazam": "1.3.1",
                    "optparse": "1.7.5",
                    "airr": "1.5.0",
                    "R": "4.5.1"
                },
                "FILTER_QUALITY": {
                    "alakazam": "1.3.1",
                    "optparse": "1.7.5",
                    "stringi": "1.8.3",
                    "dplyr": "1.1.4",
                    "airr": "1.5.0",
                    "DT": "0.34.0",
                    "R": "4.5.1"
                },
                "GUNZIP_UMI": {
                    "gunzip": 1.1
                },
                "PARSE_LOGS": {
                    "python": "3.9.1",
                    "pandas": "1.1.5"
                },
                "PRESTO_ALIGN_PRIMERS": {
                    "presto": "0.7.6"
                },
                "PRESTO_ASSEMBLEPAIRS_SEQUENTIAL": {
                    "presto": "0.7.6"
                },
                "PRESTO_BUILDCONSENSUS_ALIGN_RACE": {
                    "presto": "0.7.6"
                },
                "PRESTO_COLLAPSESEQ_ALIGN": {
                    "presto": "0.7.6"
                },
                "PRESTO_FILTERSEQ_UMI": {
                    "presto": "0.7.6"
                },
                "PRESTO_MASKPRIMERS_EXTRACT": {
                    "presto": "0.7.6"
                },
                "PRESTO_PAIRSEQ_ALIGN": {
                    "presto": "0.7.6"
                },
                "PRESTO_PARSEHEADERS_COLLAPSE_UMI": {
                    "presto": "0.7.6"
                },
                "PRESTO_PARSEHEADERS_CREGION": {
                    "presto": "0.7.6"
                },
                "PRESTO_PARSEHEADERS_METADATA_UMI": {
                    "presto": "0.7.6"
                },
                "PRESTO_POSTCONSENSUS_PAIRSEQ_UMI": {
                    "presto": "0.7.6"
                },
                "PRESTO_SPLITSEQ_UMI": {
                    "presto": "0.7.6"
                },
                "REPORT_FILE_SIZE": {
                    "enchantr": "0.1.24"
                },
                "REPORT_THRESHOLD": {
                    "enchantr": "0.1.24"
                },
                "SAMPLESHEET_CHECK": {
                    "python": "3.9.1",
                    "pandas": "1.1.5"
                },
                "Workflow": {
                    "nf-core/airrflow": "v4.4.0"
                }
            },
            [
                "Airrflow_report.html",
                "clonal_analysis",
                "clonal_analysis/clonal_assignment",
                "clonal_analysis/clonal_assignment/all_reps_clone_report",
                "clonal_analysis/clonal_assignment/all_reps_clone_report/all_reps_clone_command_log.txt",
                "clonal_analysis/clonal_assignment/all_reps_clone_report/assets",
                "clonal_analysis/clonal_assignment/all_reps_clone_report/assets/logo.png",
                "clonal_analysis/clonal_assignment/all_reps_clone_report/assets/style.css",
                "clonal_analysis/clonal_assignment/all_reps_clone_report/ggplots",
                "clonal_analysis/clonal_assignment/all_reps_clone_report/ggplots/abundanceSample.RData",
                "clonal_analysis/clonal_assignment/all_reps_clone_report/ggplots/clone_size_cdf_plot.RData",
                "clonal_analysis/clonal_assignment/all_reps_clone_report/ggplots/clone_size_plot.RData",
                "clonal_analysis/clonal_assignment/all_reps_clone_report/ggplots/div_at_q.RData",
                "clonal_analysis/clonal_assignment/all_reps_clone_report/ggplots/diversitySample.RData",
                "clonal_analysis/clonal_assignment/all_reps_clone_report/ggplots/mutation_frequency_sample.RData",
                "clonal_analysis/clonal_assignment/all_reps_clone_report/ggplots/mutation_frequency_sample_locus.RData",
                "clonal_analysis/clonal_assignment/all_reps_clone_report/index.html",
                "clonal_analysis/clonal_assignment/all_reps_clone_report/params.RData",
                "clonal_analysis/clonal_assignment/all_reps_clone_report/reference-keys.txt",
                "clonal_analysis/clonal_assignment/all_reps_clone_report/repertoires",
                "clonal_analysis/clonal_assignment/all_reps_clone_report/repertoires/subj1__clone-pass.tsv",
                "clonal_analysis/clonal_assignment/all_reps_clone_report/search_index.json",
                "clonal_analysis/clonal_assignment/all_reps_clone_report/tables",
                "clonal_analysis/clonal_assignment/all_reps_clone_report/tables/clonal_abundance.tsv",
                "clonal_analysis/clonal_assignment/all_reps_clone_report/tables/clonal_diversity.tsv",
                "clonal_analysis/clonal_assignment/all_reps_clone_report/tables/clone_sizes_table.tsv",
                "clonal_analysis/clonal_assignment/all_reps_clone_report/tables/num_clones_table.tsv",
                "clonal_analysis/clonal_assignment/subj1_clone_report",
                "clonal_analysis/clonal_assignment/subj1_clone_report/assets",
                "clonal_analysis/clonal_assignment/subj1_clone_report/assets/logo.png",
                "clonal_analysis/clonal_assignment/subj1_clone_report/assets/style.css",
                "clonal_analysis/clonal_assignment/subj1_clone_report/ggplots",
                "clonal_analysis/clonal_assignment/subj1_clone_report/ggplots/abundanceSample.RData",
                "clonal_analysis/clonal_assignment/subj1_clone_report/ggplots/clone_size_cdf_plot.RData",
                "clonal_analysis/clonal_assignment/subj1_clone_report/ggplots/clone_size_plot.RData",
                "clonal_analysis/clonal_assignment/subj1_clone_report/ggplots/div_at_q.RData",
                "clonal_analysis/clonal_assignment/subj1_clone_report/ggplots/diversitySample.RData",
                "clonal_analysis/clonal_assignment/subj1_clone_report/ggplots/mutation_frequency_sample.RData",
                "clonal_analysis/clonal_assignment/subj1_clone_report/ggplots/mutation_frequency_sample_locus.RData",
                "clonal_analysis/clonal_assignment/subj1_clone_report/index.html",
                "clonal_analysis/clonal_assignment/subj1_clone_report/params.RData",
                "clonal_analysis/clonal_assignment/subj1_clone_report/reference-keys.txt",
                "clonal_analysis/clonal_assignment/subj1_clone_report/repertoires",
                "clonal_analysis/clonal_assignment/subj1_clone_report/repertoires/subj1__clone-pass.tsv",
                "clonal_analysis/clonal_assignment/subj1_clone_report/search_index.json",
                "clonal_analysis/clonal_assignment/subj1_clone_report/subj1_clone_command_log.txt",
                "clonal_analysis/clonal_assignment/subj1_clone_report/tables",
                "clonal_analysis/clonal_assignment/subj1_clone_report/tables/clonal_abundance.tsv",
                "clonal_analysis/clonal_assignment/subj1_clone_report/tables/clonal_diversity.tsv",
                "clonal_analysis/clonal_assignment/subj1_clone_report/tables/clone_sizes_table.tsv",
                "clonal_analysis/clonal_assignment/subj1_clone_report/tables/num_clones_table.tsv",
                "clonal_analysis/report_threshold",
                "clonal_analysis/report_threshold/all_reps_dist_report",
                "clonal_analysis/report_threshold/all_reps_dist_report/assets",
                "clonal_analysis/report_threshold/all_reps_dist_report/assets/logo.png",
                "clonal_analysis/report_threshold/all_reps_dist_report/assets/style.css",
                "clonal_analysis/report_threshold/all_reps_dist_report/ggplots",
                "clonal_analysis/report_threshold/all_reps_dist_report/ggplots/dtnplot.RData",
                "clonal_analysis/report_threshold/all_reps_dist_report/ggplots/subj1_dtnthrplot.RData",
                "clonal_analysis/report_threshold/all_reps_dist_report/index.html",
                "clonal_analysis/report_threshold/all_reps_dist_report/params.RData",
                "clonal_analysis/report_threshold/all_reps_dist_report/reference-keys.txt",
                "clonal_analysis/report_threshold/all_reps_dist_report/search_index.json",
                "clonal_analysis/report_threshold/all_reps_dist_report/tables",
                "clonal_analysis/report_threshold/all_reps_dist_report/tables/all_reps_threshold-mean.tsv",
                "clonal_analysis/report_threshold/all_reps_dist_report/tables/all_reps_threshold-summary.tsv",
                "clonal_analysis/report_threshold/all_reps_threshold_command_log.txt",
                "fastp",
                "fastp/SRR23055142",
                "fastp/SRR23055142/SRR23055142.fastp.html",
                "fastp/SRR23055142/SRR23055142.fastp.json",
                "fastp/SRR23055142/SRR23055142.fastp.log",
                "fastqc",
                "fastqc/postassembly",
                "fastqc/postassembly/SRR23055142_ASSEMBLED_fastqc.html",
                "fastqc/postassembly/SRR23055142_ASSEMBLED_fastqc.zip",
                "multiqc",
                "multiqc/multiqc_data",
                "multiqc/multiqc_data/fastp-insert-size-plot.txt",
                "multiqc/multiqc_data/fastp-seq-content-gc-plot_Read_1_After_filtering.txt",
                "multiqc/multiqc_data/fastp-seq-content-gc-plot_Read_1_Before_filtering.txt",
                "multiqc/multiqc_data/fastp-seq-content-gc-plot_Read_2_After_filtering.txt",
                "multiqc/multiqc_data/fastp-seq-content-gc-plot_Read_2_Before_filtering.txt",
                "multiqc/multiqc_data/fastp-seq-content-n-plot_Read_1_After_filtering.txt",
                "multiqc/multiqc_data/fastp-seq-content-n-plot_Read_1_Before_filtering.txt",
                "multiqc/multiqc_data/fastp-seq-content-n-plot_Read_2_After_filtering.txt",
                "multiqc/multiqc_data/fastp-seq-content-n-plot_Read_2_Before_filtering.txt",
                "multiqc/multiqc_data/fastp-seq-quality-plot_Read_1_After_filtering.txt",
                "multiqc/multiqc_data/fastp-seq-quality-plot_Read_1_Before_filtering.txt",
                "multiqc/multiqc_data/fastp-seq-quality-plot_Read_2_After_filtering.txt",
                "multiqc/multiqc_data/fastp-seq-quality-plot_Read_2_Before_filtering.txt",
                "multiqc/multiqc_data/fastp_filtered_reads_plot.txt",
                "multiqc/multiqc_data/fastqc-1-status-check-heatmap.txt",
                "multiqc/multiqc_data/fastqc-1_overrepresented_sequences_plot.txt",
                "multiqc/multiqc_data/fastqc-1_per_base_n_content_plot.txt",
                "multiqc/multiqc_data/fastqc-1_per_base_sequence_quality_plot.txt",
                "multiqc/multiqc_data/fastqc-1_per_sequence_gc_content_plot_Counts.txt",
                "multiqc/multiqc_data/fastqc-1_per_sequence_gc_content_plot_Percentages.txt",
                "multiqc/multiqc_data/fastqc-1_per_sequence_quality_scores_plot.txt",
                "multiqc/multiqc_data/fastqc-1_sequence_counts_plot.txt",
                "multiqc/multiqc_data/fastqc-1_sequence_duplication_levels_plot.txt",
                "multiqc/multiqc_data/fastqc-1_top_overrepresented_sequences_table.txt",
                "multiqc/multiqc_data/fastqc_sequence_length_distribution_plot.txt",
                "multiqc/multiqc_data/llms-full.txt",
                "multiqc/multiqc_data/multiqc.log",
                "multiqc/multiqc_data/multiqc.parquet",
                "multiqc/multiqc_data/multiqc_citations.txt",
                "multiqc/multiqc_data/multiqc_data.json",
                "multiqc/multiqc_data/multiqc_fastp.txt",
                "multiqc/multiqc_data/multiqc_fastqc_fastqc-1.txt",
                "multiqc/multiqc_data/multiqc_general_stats.txt",
                "multiqc/multiqc_data/multiqc_software_versions.txt",
                "multiqc/multiqc_data/multiqc_sources.txt",
                "multiqc/multiqc_plots",
                "multiqc/multiqc_plots/pdf",
                "multiqc/multiqc_plots/pdf/fastp-insert-size-plot.pdf",
                "multiqc/multiqc_plots/pdf/fastp-seq-content-gc-plot_Read_1_After_filtering.pdf",
                "multiqc/multiqc_plots/pdf/fastp-seq-content-gc-plot_Read_1_Before_filtering.pdf",
                "multiqc/multiqc_plots/pdf/fastp-seq-content-gc-plot_Read_2_After_filtering.pdf",
                "multiqc/multiqc_plots/pdf/fastp-seq-content-gc-plot_Read_2_Before_filtering.pdf",
                "multiqc/multiqc_plots/pdf/fastp-seq-content-n-plot_Read_1_After_filtering.pdf",
                "multiqc/multiqc_plots/pdf/fastp-seq-content-n-plot_Read_1_Before_filtering.pdf",
                "multiqc/multiqc_plots/pdf/fastp-seq-content-n-plot_Read_2_After_filtering.pdf",
                "multiqc/multiqc_plots/pdf/fastp-seq-content-n-plot_Read_2_Before_filtering.pdf",
                "multiqc/multiqc_plots/pdf/fastp-seq-quality-plot_Read_1_After_filtering.pdf",
                "multiqc/multiqc_plots/pdf/fastp-seq-quality-plot_Read_1_Before_filtering.pdf",
                "multiqc/multiqc_plots/pdf/fastp-seq-quality-plot_Read_2_After_filtering.pdf",
                "multiqc/multiqc_plots/pdf/fastp-seq-quality-plot_Read_2_Before_filtering.pdf",
                "multiqc/multiqc_plots/pdf/fastp_filtered_reads_plot-cnt.pdf",
                "multiqc/multiqc_plots/pdf/fastp_filtered_reads_plot-pct.pdf",
                "multiqc/multiqc_plots/pdf/fastqc-1_overrepresented_sequences_plot.pdf",
                "multiqc/multiqc_plots/pdf/fastqc-1_per_base_n_content_plot.pdf",
                "multiqc/multiqc_plots/pdf/fastqc-1_per_base_sequence_quality_plot.pdf",
                "multiqc/multiqc_plots/pdf/fastqc-1_per_sequence_gc_content_plot_Counts.pdf",
                "multiqc/multiqc_plots/pdf/fastqc-1_per_sequence_gc_content_plot_Percentages.pdf",
                "multiqc/multiqc_plots/pdf/fastqc-1_per_sequence_quality_scores_plot.pdf",
                "multiqc/multiqc_plots/pdf/fastqc-1_sequence_counts_plot-cnt.pdf",
                "multiqc/multiqc_plots/pdf/fastqc-1_sequence_counts_plot-pct.pdf",
                "multiqc/multiqc_plots/pdf/fastqc-1_sequence_duplication_levels_plot.pdf",
                "multiqc/multiqc_plots/pdf/fastqc-1_top_overrepresented_sequences_table.pdf",
                "multiqc/multiqc_plots/pdf/fastqc_sequence_length_distribution_plot.pdf",
                "multiqc/multiqc_plots/png",
                "multiqc/multiqc_plots/png/fastp-insert-size-plot.png",
                "multiqc/multiqc_plots/png/fastp-seq-content-gc-plot_Read_1_After_filtering.png",
                "multiqc/multiqc_plots/png/fastp-seq-content-gc-plot_Read_1_Before_filtering.png",
                "multiqc/multiqc_plots/png/fastp-seq-content-gc-plot_Read_2_After_filtering.png",
                "multiqc/multiqc_plots/png/fastp-seq-content-gc-plot_Read_2_Before_filtering.png",
                "multiqc/multiqc_plots/png/fastp-seq-content-n-plot_Read_1_After_filtering.png",
                "multiqc/multiqc_plots/png/fastp-seq-content-n-plot_Read_1_Before_filtering.png",
                "multiqc/multiqc_plots/png/fastp-seq-content-n-plot_Read_2_After_filtering.png",
                "multiqc/multiqc_plots/png/fastp-seq-content-n-plot_Read_2_Before_filtering.png",
                "multiqc/multiqc_plots/png/fastp-seq-quality-plot_Read_1_After_filtering.png",
                "multiqc/multiqc_plots/png/fastp-seq-quality-plot_Read_1_Before_filtering.png",
                "multiqc/multiqc_plots/png/fastp-seq-quality-plot_Read_2_After_filtering.png",
                "multiqc/multiqc_plots/png/fastp-seq-quality-plot_Read_2_Before_filtering.png",
                "multiqc/multiqc_plots/png/fastp_filtered_reads_plot-cnt.png",
                "multiqc/multiqc_plots/png/fastp_filtered_reads_plot-pct.png",
                "multiqc/multiqc_plots/png/fastqc-1_overrepresented_sequences_plot.png",
                "multiqc/multiqc_plots/png/fastqc-1_per_base_n_content_plot.png",
                "multiqc/multiqc_plots/png/fastqc-1_per_base_sequence_quality_plot.png",
                "multiqc/multiqc_plots/png/fastqc-1_per_sequence_gc_content_plot_Counts.png",
                "multiqc/multiqc_plots/png/fastqc-1_per_sequence_gc_content_plot_Percentages.png",
                "multiqc/multiqc_plots/png/fastqc-1_per_sequence_quality_scores_plot.png",
                "multiqc/multiqc_plots/png/fastqc-1_sequence_counts_plot-cnt.png",
                "multiqc/multiqc_plots/png/fastqc-1_sequence_counts_plot-pct.png",
                "multiqc/multiqc_plots/png/fastqc-1_sequence_duplication_levels_plot.png",
                "multiqc/multiqc_plots/png/fastqc-1_top_overrepresented_sequences_table.png",
                "multiqc/multiqc_plots/png/fastqc_sequence_length_distribution_plot.png",
                "multiqc/multiqc_plots/svg",
                "multiqc/multiqc_plots/svg/fastp-insert-size-plot.svg",
                "multiqc/multiqc_plots/svg/fastp-seq-content-gc-plot_Read_1_After_filtering.svg",
                "multiqc/multiqc_plots/svg/fastp-seq-content-gc-plot_Read_1_Before_filtering.svg",
                "multiqc/multiqc_plots/svg/fastp-seq-content-gc-plot_Read_2_After_filtering.svg",
                "multiqc/multiqc_plots/svg/fastp-seq-content-gc-plot_Read_2_Before_filtering.svg",
                "multiqc/multiqc_plots/svg/fastp-seq-content-n-plot_Read_1_After_filtering.svg",
                "multiqc/multiqc_plots/svg/fastp-seq-content-n-plot_Read_1_Before_filtering.svg",
                "multiqc/multiqc_plots/svg/fastp-seq-content-n-plot_Read_2_After_filtering.svg",
                "multiqc/multiqc_plots/svg/fastp-seq-content-n-plot_Read_2_Before_filtering.svg",
                "multiqc/multiqc_plots/svg/fastp-seq-quality-plot_Read_1_After_filtering.svg",
                "multiqc/multiqc_plots/svg/fastp-seq-quality-plot_Read_1_Before_filtering.svg",
                "multiqc/multiqc_plots/svg/fastp-seq-quality-plot_Read_2_After_filtering.svg",
                "multiqc/multiqc_plots/svg/fastp-seq-quality-plot_Read_2_Before_filtering.svg",
                "multiqc/multiqc_plots/svg/fastp_filtered_reads_plot-cnt.svg",
                "multiqc/multiqc_plots/svg/fastp_filtered_reads_plot-pct.svg",
                "multiqc/multiqc_plots/svg/fastqc-1_overrepresented_sequences_plot.svg",
                "multiqc/multiqc_plots/svg/fastqc-1_per_base_n_content_plot.svg",
                "multiqc/multiqc_plots/svg/fastqc-1_per_base_sequence_quality_plot.svg",
                "multiqc/multiqc_plots/svg/fastqc-1_per_sequence_gc_content_plot_Counts.svg",
                "multiqc/multiqc_plots/svg/fastqc-1_per_sequence_gc_content_plot_Percentages.svg",
                "multiqc/multiqc_plots/svg/fastqc-1_per_sequence_quality_scores_plot.svg",
                "multiqc/multiqc_plots/svg/fastqc-1_sequence_counts_plot-cnt.svg",
                "multiqc/multiqc_plots/svg/fastqc-1_sequence_counts_plot-pct.svg",
                "multiqc/multiqc_plots/svg/fastqc-1_sequence_duplication_levels_plot.svg",
                "multiqc/multiqc_plots/svg/fastqc-1_top_overrepresented_sequences_table.svg",
                "multiqc/multiqc_plots/svg/fastqc_sequence_length_distribution_plot.svg",
                "multiqc/multiqc_report.html",
                "parsed_logs",
                "parsed_logs/Table_all_details_assemble_mates.tsv",
                "parsed_logs/Table_all_details_build_consensus.tsv",
                "parsed_logs/Table_all_details_deduplicate.tsv",
                "parsed_logs/Table_all_details_filter_quality.tsv",
                "parsed_logs/Table_all_details_igblast.tsv",
                "parsed_logs/Table_all_details_mask_primers.tsv",
                "parsed_logs/Table_all_details_paired.tsv",
                "parsed_logs/Table_all_details_repaired.tsv",
                "parsed_logs/Table_sequences_process.tsv",
                "pipeline_info",
                "pipeline_info/nf_core_airrflow_software_mqc_versions.yml",
                "pipeline_info/samplesheet.valid.tsv",
                "presto",
                "presto/01-filterseq",
                "presto/01-filterseq/SRR23055142",
                "presto/01-filterseq/SRR23055142/SRR23055142_R1_R1_table.tab",
                "presto/01-filterseq/SRR23055142/SRR23055142_R2_R2_table.tab",
                "presto/01-filterseq/SRR23055142/SRR23055142_command_log_R1.txt",
                "presto/01-filterseq/SRR23055142/SRR23055142_command_log_R2.txt",
                "presto/02-maskprimers",
                "presto/02-maskprimers/SRR23055142",
                "presto/02-maskprimers/SRR23055142/SRR23055142_R1_table.tab",
                "presto/02-maskprimers/SRR23055142/SRR23055142_R2_table.tab",
                "presto/02-maskprimers/SRR23055142/SRR23055142_command_log_R1.txt",
                "presto/02-maskprimers/SRR23055142/SRR23055142_command_log_R2.txt",
                "presto/03-pairseq",
                "presto/03-pairseq/SRR23055142",
                "presto/03-pairseq/SRR23055142/SRR23055142_command_log.txt",
                "presto/06-build-consensus",
                "presto/06-build-consensus/SRR23055142",
                "presto/06-build-consensus/SRR23055142/SRR23055142_R1_table.tab",
                "presto/06-build-consensus/SRR23055142/SRR23055142_R2_table.tab",
                "presto/06-build-consensus/SRR23055142/SRR23055142_command_log.txt",
                "presto/07-postconsensus-pairseq",
                "presto/07-postconsensus-pairseq/SRR23055142",
                "presto/07-postconsensus-pairseq/SRR23055142/SRR23055142_command_log.txt",
                "presto/08-assemble-pairs",
                "presto/08-assemble-pairs/SRR23055142",
                "presto/08-assemble-pairs/SRR23055142/SRR23055142_command_log.txt",
                "presto/08-assemble-pairs/SRR23055142/SRR23055142_table.tab",
                "presto/09-collapseseq",
                "presto/09-collapseseq/SRR23055142",
                "presto/09-collapseseq/SRR23055142/SRR23055142_command_log.txt",
                "presto/09-collapseseq/SRR23055142/SRR23055142_table.tab",
                "presto/10-splitseq",
                "presto/10-splitseq/SRR23055142",
                "presto/10-splitseq/SRR23055142/SRR23055142_command_log.txt",
                "qc-filtering",
                "qc-filtering/bulk-qc-filtering",
                "qc-filtering/bulk-qc-filtering/04-collapse-duplicates",
                "qc-filtering/bulk-qc-filtering/04-collapse-duplicates/SRR23055142_collapse_command_log.txt",
                "qc-filtering/bulk-qc-filtering/04-collapse-duplicates/SRR23055142_collapse_report",
                "qc-filtering/bulk-qc-filtering/04-collapse-duplicates/SRR23055142_collapse_report/assets",
                "qc-filtering/bulk-qc-filtering/04-collapse-duplicates/SRR23055142_collapse_report/assets/logo.png",
                "qc-filtering/bulk-qc-filtering/04-collapse-duplicates/SRR23055142_collapse_report/assets/style.css",
                "qc-filtering/bulk-qc-filtering/04-collapse-duplicates/SRR23055142_collapse_report/index.html",
                "qc-filtering/bulk-qc-filtering/04-collapse-duplicates/SRR23055142_collapse_report/params.RData",
                "qc-filtering/bulk-qc-filtering/04-collapse-duplicates/SRR23055142_collapse_report/reference-keys.txt",
                "qc-filtering/bulk-qc-filtering/04-collapse-duplicates/SRR23055142_collapse_report/repertoires",
                "qc-filtering/bulk-qc-filtering/04-collapse-duplicates/SRR23055142_collapse_report/repertoires/SRR23055142_SRR23055142_collapse-pass.tsv",
                "qc-filtering/bulk-qc-filtering/04-collapse-duplicates/SRR23055142_collapse_report/search_index.json",
                "repertoire_comparison",
                "repertoire_comparison/Sequence_numbers_summary",
                "repertoire_comparison/Sequence_numbers_summary/Table_sequences_assembled.tsv",
                "repertoire_comparison/Sequence_numbers_summary/Table_sequences_assembly.tsv",
                "repertoire_comparison/V_family",
                "repertoire_comparison/V_family/V_Family_distribution_patient.pdf",
                "repertoire_comparison/V_family/V_Family_distribution_patient.png",
                "repertoire_comparison/V_family/V_family_distribution_data.tsv",
                "repertoire_comparison/V_family/V_gene_distribution_by_sequence_data.tsv",
                "repertoire_comparison/V_family/V_gene_distribution_by_sequence_patient.pdf",
                "repertoire_comparison/V_family/V_gene_distribution_by_sequence_patient.png",
                "report_file_size",
                "report_file_size/file_size_report",
                "report_file_size/file_size_report/assets",
                "report_file_size/file_size_report/assets/logo.png",
                "report_file_size/file_size_report/assets/style.css",
                "report_file_size/file_size_report/ggplots",
                "report_file_size/file_size_report/ggplots/SRR23055142_atleast-2.RData",
                "report_file_size/file_size_report/ggplots/sequence_count_plot.RData",
                "report_file_size/file_size_report/index.html",
                "report_file_size/file_size_report/params.RData",
                "report_file_size/file_size_report/reference-keys.txt",
                "report_file_size/file_size_report/search_index.json",
                "report_file_size/file_size_report/tables",
                "report_file_size/file_size_report/tables/SRR23055142_atleast-2.tsv",
                "report_file_size/file_size_report/tables/log_data.tsv",
                "vdj_annotation",
                "vdj_annotation/01-assign-genes",
                "vdj_annotation/01-assign-genes/SRR23055142",
                "vdj_annotation/01-assign-genes/SRR23055142/SRR23055142_atleast-2.fasta",
                "vdj_annotation/01-assign-genes/SRR23055142/SRR23055142_changeo_assigngenes_command_log.txt",
                "vdj_annotation/01-assign-genes/SRR23055142/SRR23055142_igblast.fmt7",
                "vdj_annotation/02-make-db",
                "vdj_annotation/02-make-db/SRR23055142",
                "vdj_annotation/02-make-db/SRR23055142/SRR23055142_db-pass.tsv",
                "vdj_annotation/02-make-db/SRR23055142/SRR23055142_makedb_command_log.txt",
                "vdj_annotation/03-quality-filter",
                "vdj_annotation/03-quality-filter/SRR23055142",
                "vdj_annotation/03-quality-filter/SRR23055142/SRR23055142_fq_command_log.txt",
                "vdj_annotation/03-quality-filter/SRR23055142/SRR23055142_quality-pass.tsv",
                "vdj_annotation/04-select-productive",
                "vdj_annotation/04-select-productive/SRR23055142",
                "vdj_annotation/04-select-productive/SRR23055142/SRR23055142_productive-F.tsv",
                "vdj_annotation/04-select-productive/SRR23055142/SRR23055142_productive-T.tsv",
                "vdj_annotation/04-select-productive/SRR23055142/SRR23055142_split_command_log.txt",
                "vdj_annotation/05-select-junction-mod3",
                "vdj_annotation/05-select-junction-mod3/SRR23055142",
                "vdj_annotation/05-select-junction-mod3/SRR23055142/SRR23055142_jmod3_command_log.txt",
                "vdj_annotation/05-select-junction-mod3/SRR23055142/SRR23055142_junction-pass.tsv",
                "vdj_annotation/06-annotate-metadata",
                "vdj_annotation/06-annotate-metadata/SRR23055142",
                "vdj_annotation/06-annotate-metadata/SRR23055142/SRR23055142_add-meta_command_log.txt",
                "vdj_annotation/06-annotate-metadata/SRR23055142/SRR23055142_meta-pass.tsv"
            ],
            [
                "all_reps_clone_command_log.txt:md5,2cfdde1d3b1312131f9fefd193726991",
                "style.css:md5,d0833d790556369103776a429102fedf",
                "style.css:md5,d0833d790556369103776a429102fedf",
                "subj1_clone_command_log.txt:md5,7872e9716e1a16dbde0f4e128e7fe21a",
                "style.css:md5,d0833d790556369103776a429102fedf",
                "all_reps_threshold_command_log.txt:md5,b94eaf0564a0f45e6732c340324b6d8e",
                "multiqc_citations.txt:md5,d35df50e9903a96a2b3bce3c1fbc8ad2",
                "multiqc_fastp.txt:md5,76906560c4d73c0d9da06ef33d2be8f0",
                "multiqc_fastqc_fastqc-1.txt:md5,bc0f191959124224eeda8c30f574a7c4",
                "multiqc_general_stats.txt:md5,6290c753d44453aa65b86029291046ab",
                "SRR23055142_collapse_command_log.txt:md5,e979f26e3b7a9f50677294b2ef7fe8d9",
                "style.css:md5,d0833d790556369103776a429102fedf",
                "style.css:md5,d0833d790556369103776a429102fedf",
                "SRR23055142_fq_command_log.txt:md5,db32d273137a563407fe869523d17dea",
                "SRR23055142_jmod3_command_log.txt:md5,3152df76e022052ba5c0f6b57021edc7",
                "SRR23055142_add-meta_command_log.txt:md5,3f201d8ab53b733d80b2c34505396cdb"
            ],
            "Table_sequences_assembled.tsv:md5,5469a6193032470d3d9049cdf7f82dc4",
            "Table_sequences_assembly.tsv:md5,f06b8b387afc6afc7ca99494554691fc"
        ],
        "meta": {
            "nf-test": "0.9.3",
            "nextflow": "25.10.2"
        },
        "timestamp": "2026-01-23T14:18:50.072902585"
    }
}